Component: ARM Compiler 5.06 update 6 (build 750) Tool: armlink [4d35ed]

==============================================================================

Section Cross References

    startup_stm32f103xb.o(RESET) refers to startup_stm32f103xb.o(STACK) for __initial_sp
    startup_stm32f103xb.o(RESET) refers to startup_stm32f103xb.o(.text) for Reset_Handler
    startup_stm32f103xb.o(RESET) refers to stm32f1xx_it.o(i.NMI_Handler) for NMI_Handler
    startup_stm32f103xb.o(RESET) refers to stm32f1xx_it.o(i.HardFault_Handler) for HardFault_Handler
    startup_stm32f103xb.o(RESET) refers to stm32f1xx_it.o(i.MemManage_Handler) for MemManage_Handler
    startup_stm32f103xb.o(RESET) refers to stm32f1xx_it.o(i.BusFault_Handler) for BusFault_Handler
    startup_stm32f103xb.o(RESET) refers to stm32f1xx_it.o(i.UsageFault_Handler) for UsageFault_Handler
    startup_stm32f103xb.o(RESET) refers to stm32f1xx_it.o(i.SVC_Handler) for SVC_Handler
    startup_stm32f103xb.o(RESET) refers to stm32f1xx_it.o(i.DebugMon_Handler) for DebugMon_Handler
    startup_stm32f103xb.o(RESET) refers to stm32f1xx_it.o(i.PendSV_Handler) for PendSV_Handler
    startup_stm32f103xb.o(RESET) refers to stm32f1xx_it.o(i.SysTick_Handler) for SysTick_Handler
    startup_stm32f103xb.o(RESET) refers to stm32f1xx_it.o(i.EXTI1_IRQHandler) for EXTI1_IRQHandler
    startup_stm32f103xb.o(RESET) refers to stm32f1xx_it.o(i.EXTI2_IRQHandler) for EXTI2_IRQHandler
    startup_stm32f103xb.o(RESET) refers to stm32f1xx_it.o(i.EXTI9_5_IRQHandler) for EXTI9_5_IRQHandler
    startup_stm32f103xb.o(RESET) refers to stm32f1xx_it.o(i.TIM1_UP_IRQHandler) for TIM1_UP_IRQHandler
    startup_stm32f103xb.o(RESET) refers to stm32f1xx_it.o(i.TIM2_IRQHandler) for TIM2_IRQHandler
    startup_stm32f103xb.o(RESET) refers to stm32f1xx_it.o(i.TIM3_IRQHandler) for TIM3_IRQHandler
    startup_stm32f103xb.o(RESET) refers to stm32f1xx_it.o(i.TIM4_IRQHandler) for TIM4_IRQHandler
    startup_stm32f103xb.o(RESET) refers to stm32f1xx_it.o(i.USART1_IRQHandler) for USART1_IRQHandler
    startup_stm32f103xb.o(RESET) refers to stm32f1xx_it.o(i.USART2_IRQHandler) for USART2_IRQHandler
    startup_stm32f103xb.o(RESET) refers to stm32f1xx_it.o(i.USART3_IRQHandler) for USART3_IRQHandler
    startup_stm32f103xb.o(RESET) refers to stm32f1xx_it.o(i.EXTI15_10_IRQHandler) for EXTI15_10_IRQHandler
    startup_stm32f103xb.o(.text) refers to system_stm32f1xx.o(i.SystemInit) for SystemInit
    startup_stm32f103xb.o(.text) refers to entry.o(.ARM.Collect$$$$00000000) for __main
    main.o(i.Error_Handler) refers to stm32f1xx_hal_gpio.o(i.HAL_GPIO_TogglePin) for HAL_GPIO_TogglePin
    main.o(i.SystemClock_Config) refers to memseta.o(.text) for __aeabi_memclr4
    main.o(i.SystemClock_Config) refers to stm32f1xx_hal_rcc.o(i.HAL_RCC_OscConfig) for HAL_RCC_OscConfig
    main.o(i.SystemClock_Config) refers to stm32f1xx_hal_rcc.o(i.HAL_RCC_ClockConfig) for HAL_RCC_ClockConfig
    main.o(i.SystemClock_Config) refers to main.o(i.Error_Handler) for Error_Handler
    main.o(i.bt_remote_apply) refers to main.o(i.clamp_motor_pwm) for clamp_motor_pwm
    main.o(i.bt_remote_apply) refers to motor.o(i.load_motor_pwm) for load_motor_pwm
    main.o(i.bt_remote_show_status) refers to menu.o(i.menu_get_mode_name) for menu_get_mode_name
    main.o(i.bt_remote_show_status) refers to oled.o(i.OLED_ShowString) for OLED_ShowString
    main.o(i.bt_remote_show_status) refers to printfa.o(i.__0sprintf) for __2sprintf
    main.o(i.bt_remote_show_status) refers to stm32f1xx_it.o(.data) for g_bt_rx_count
    main.o(i.bt_remote_show_status) refers to main.o(.bss) for .bss
    main.o(i.buzzer_beep) refers to stm32f1xx_hal_gpio.o(i.HAL_GPIO_WritePin) for HAL_GPIO_WritePin
    main.o(i.buzzer_beep) refers to stm32f1xx_hal.o(i.HAL_Delay) for HAL_Delay
    main.o(i.double_phase_turn_dir) refers to main.o(i.circle_turn_dir) for circle_turn_dir
    main.o(i.key_pressed) refers to stm32f1xx_hal_gpio.o(i.HAL_GPIO_ReadPin) for HAL_GPIO_ReadPin
    main.o(i.key_pressed) refers to stm32f1xx_hal.o(i.HAL_Delay) for HAL_Delay
    main.o(i.main) refers to stm32f1xx_hal.o(i.HAL_Init) for HAL_Init
    main.o(i.main) refers to main.o(i.SystemClock_Config) for SystemClock_Config
    main.o(i.main) refers to gpio.o(i.MX_GPIO_Init) for MX_GPIO_Init
    main.o(i.main) refers to tim.o(i.MX_TIM1_Init) for MX_TIM1_Init
    main.o(i.main) refers to tim.o(i.MX_TIM3_Init) for MX_TIM3_Init
    main.o(i.main) refers to usart.o(i.MX_USART1_UART_Init) for MX_USART1_UART_Init
    main.o(i.main) refers to usart.o(i.MX_USART3_UART_Init) for MX_USART3_UART_Init
    main.o(i.main) refers to stm32f1xx_hal_tim.o(i.HAL_TIM_PWM_Start) for HAL_TIM_PWM_Start
    main.o(i.main) refers to pid.o(i.pid_param_init) for pid_param_init
    main.o(i.main) refers to pid.o(i.set_p_i_d) for set_p_i_d
    main.o(i.main) refers to stm32f1xx_hal_uart.o(i.HAL_UART_Receive_IT) for HAL_UART_Receive_IT
    main.o(i.main) refers to oled.o(i.OLED_Init) for OLED_Init
[...]
    i.Error_Handler                          0x08000944   Section        0  main.o(i.Error_Handler)
    i.HAL_DMA_Abort                          0x08000970   Section        0  stm32f1xx_hal_dma.o(i.HAL_DMA_Abort)
    i.HAL_DMA_Abort_IT                       0x080009b8   Section        0  stm32f1xx_hal_dma.o(i.HAL_DMA_Abort_IT)
    i.HAL_DMA_GetError                       0x08000a50   Section        0  stm32f1xx_hal_dma.o(i.HAL_DMA_GetError)
    i.HAL_Delay                              0x08000a54   Section        0  stm32f1xx_hal.o(i.HAL_Delay)
    i.HAL_GPIO_EXTI_Callback                 0x08000a78   Section        0  stm32f1xx_it.o(i.HAL_GPIO_EXTI_Callback)
    i.HAL_GPIO_EXTI_IRQHandler               0x08000a7c   Section        0  stm32f1xx_hal_gpio.o(i.HAL_GPIO_EXTI_IRQHandler)
    i.HAL_GPIO_Init                          0x08000a94   Section        0  stm32f1xx_hal_gpio.o(i.HAL_GPIO_Init)
    i.HAL_GPIO_ReadPin                       0x08000c60   Section        0  stm32f1xx_hal_gpio.o(i.HAL_GPIO_ReadPin)
    i.HAL_GPIO_TogglePin                     0x08000c6a   Section        0  stm32f1xx_hal_gpio.o(i.HAL_GPIO_TogglePin)
    i.HAL_GPIO_WritePin                      0x08000c7a   Section        0  stm32f1xx_hal_gpio.o(i.HAL_GPIO_WritePin)
    i.HAL_GetTick                            0x08000c84   Section        0  stm32f1xx_hal.o(i.HAL_GetTick)
    i.HAL_IncTick                            0x08000c90   Section        0  stm32f1xx_hal.o(i.HAL_IncTick)
    i.HAL_Init                               0x08000ca0   Section        0  stm32f1xx_hal.o(i.HAL_Init)
    i.HAL_InitTick                           0x08000cc4   Section        0  stm32f1xx_hal.o(i.HAL_InitTick)
    i.HAL_MspInit                            0x08000d04   Section        0  stm32f1xx_hal_msp.o(i.HAL_MspInit)
    i.HAL_NVIC_EnableIRQ                     0x08000d48   Section        0  stm32f1xx_hal_cortex.o(i.HAL_NVIC_EnableIRQ)
    i.HAL_NVIC_SetPriority                   0x08000d64   Section        0  stm32f1xx_hal_cortex.o(i.HAL_NVIC_SetPriority)
    i.HAL_NVIC_SetPriorityGrouping           0x08000da4   Section        0  stm32f1xx_hal_cortex.o(i.HAL_NVIC_SetPriorityGrouping)
    i.HAL_RCC_ClockConfig                    0x08000dc8   Section        0  stm32f1xx_hal_rcc.o(i.HAL_RCC_ClockConfig)
    i.HAL_RCC_GetPCLK1Freq                   0x08000f00   Section        0  stm32f1xx_hal_rcc.o(i.HAL_RCC_GetPCLK1Freq)
    i.HAL_RCC_GetPCLK2Freq                   0x08000f20   Section        0  stm32f1xx_hal_rcc.o(i.HAL_RCC_GetPCLK2Freq)
    i.HAL_RCC_GetSysClockFreq                0x08000f40   Section        0  stm32f1xx_hal_rcc.o(i.HAL_RCC_GetSysClockFreq)
    i.HAL_RCC_OscConfig                      0x08000fac   Section        0  stm32f1xx_hal_rcc.o(i.HAL_RCC_OscConfig)
    i.HAL_SYSTICK_Config                     0x080012c4   Section        0  stm32f1xx_hal_cortex.o(i.HAL_SYSTICK_Config)
    i.HAL_TIMEx_BreakCallback                0x080012ec   Section        0  stm32f1xx_hal_tim_ex.o(i.HAL_TIMEx_BreakCallback)
    i.HAL_TIMEx_CommutCallback               0x080012ee   Section        0  stm32f1xx_hal_tim_ex.o(i.HAL_TIMEx_CommutCallback)
    i.HAL_TIMEx_MasterConfigSynchronization  0x080012f0   Section        0  stm32f1xx_hal_tim_ex.o(i.HAL_TIMEx_MasterConfigSynchronization)
    i.HAL_TIM_Base_Init                      0x08001358   Section        0  stm32f1xx_hal_tim.o(i.HAL_TIM_Base_Init)
    i.HAL_TIM_Base_MspInit                   0x080013b4   Section        0  tim.o(i.HAL_TIM_Base_MspInit)
    i.HAL_TIM_ConfigClockSource              0x080013f0   Section        0  stm32f1xx_hal_tim.o(i.HAL_TIM_ConfigClockSource)
    i.HAL_TIM_IC_CaptureCallback             0x080014c6   Section        0  stm32f1xx_hal_tim.o(i.HAL_TIM_IC_CaptureCallback)
    i.HAL_TIM_IRQHandler                     0x080014c8   Section        0  stm32f1xx_hal_tim.o(i.HAL_TIM_IRQHandler)
    i.HAL_TIM_MspPostInit                    0x08001630   Section        0  tim.o(i.HAL_TIM_MspPostInit)
    i.HAL_TIM_OC_DelayElapsedCallback        0x0800167c   Section        0  stm32f1xx_hal_tim.o(i.HAL_TIM_OC_DelayElapsedCallback)
    i.HAL_TIM_PWM_ConfigChannel              0x0800167e   Section        0  stm32f1xx_hal_tim.o(i.HAL_TIM_PWM_ConfigChannel)
    i.HAL_TIM_PWM_Init                       0x08001744   Section        0  stm32f1xx_hal_tim.o(i.HAL_TIM_PWM_Init)
    i.HAL_TIM_PWM_MspInit                    0x080017a0   Section        0  tim.o(i.HAL_TIM_PWM_MspInit)
    i.HAL_TIM_PWM_PulseFinishedCallback      0x080017c8   Section        0  stm32f1xx_hal_tim.o(i.HAL_TIM_PWM_PulseFinishedCallback)
    i.HAL_TIM_PWM_Start                      0x080017cc   Section        0  stm32f1xx_hal_tim.o(i.HAL_TIM_PWM_Start)
    i.HAL_TIM_PWM_Stop                       0x0800186c   Section        0  stm32f1xx_hal_tim.o(i.HAL_TIM_PWM_Stop)
    i.HAL_TIM_PeriodElapsedCallback          0x080018dc   Section        0  control.o(i.HAL_TIM_PeriodElapsedCallback)
    i.HAL_TIM_TriggerCallback                0x08001a30   Section        0  stm32f1xx_hal_tim.o(i.HAL_TIM_TriggerCallback)
    i.HAL_UART_AbortReceive                  0x08001a32   Section        0  stm32f1xx_hal_uart.o(i.HAL_UART_AbortReceive)
    i.HAL_UART_ErrorCallback                 0x08001a8c   Section        0  stm32f1xx_it.o(i.HAL_UART_ErrorCallback)
    i.HAL_UART_IRQHandler                    0x08001b18   Section        0  stm32f1xx_hal_uart.o(i.HAL_UART_IRQHandler)
    i.HAL_UART_Init                          0x08001c74   Section        0  stm32f1xx_hal_uart.o(i.HAL_UART_Init)
    i.HAL_UART_MspInit                       0x08001cd8   Section        0  usart.o(i.HAL_UART_MspInit)
    i.HAL_UART_Receive_IT                    0x08001e0c   Section        0  stm32f1xx_hal_uart.o(i.HAL_UART_Receive_IT)
    i.HAL_UART_RxCpltCallback                0x08001e60   Section        0  stm32f1xx_it.o(i.HAL_UART_RxCpltCallback)
    i.HAL_UART_TxCpltCallback                0x08001ebc   Section        0  stm32f1xx_hal_uart.o(i.HAL_UART_TxCpltCallback)
    i.HardFault_Handler                      0x08001ebe   Section        0  stm32f1xx_it.o(i.HardFault_Handler)
    i.I2C_Start                              0x08001ec0   Section        0  oled.o(i.I2C_Start)
    i.I2C_Stop                               0x08001f04   Section        0  oled.o(i.I2C_Stop)
    i.I2C_WaitAck                            0x08001f38   Section        0  oled.o(i.I2C_WaitAck)
    i.IIC_delay                              0x08001f70   Section        0  oled.o(i.IIC_delay)
    i.MX_GPIO_Init                           0x08001f7c   Section        0  gpio.o(i.MX_GPIO_Init)
    i.MX_TIM1_Init                           0x0800215c   Section        0  tim.o(i.MX_TIM1_Init)
    i.MX_TIM3_Init                           0x080021c4   Section        0  tim.o(i.MX_TIM3_Init)
    i.MX_USART1_UART_Init                    0x08002244   Section        0  usart.o(i.MX_USART1_UART_Init)
    i.MX_USART3_UART_Init                    0x0800227c   Section        0  usart.o(i.MX_USART3_UART_Init)
    i.MemManage_Handler                      0x080022b4   Section        0  stm32f1xx_it.o(i.MemManage_Handler)
    i.NMI_Handler                            0x080022b6   Section        0  stm32f1xx_it.o(i.NMI_Handler)
    i.OLED_Clear                             0x080022b8   Section        0  oled.o(i.OLED_Clear)
    i.OLED_ColorTurn                         0x080022e4   Section        0  oled.o(i.OLED_ColorTurn)
    i.OLED_DisplayTurn                       0x080022fa   Section        0  oled.o(i.OLED_DisplayTurn)
    i.OLED_DrawPoint                         0x08002328   Section        0  oled.o(i.OLED_DrawPoint)
    i.OLED_Init                              0x08002354   Section        0  oled.o(i.OLED_Init)
    i.OLED_Refresh                           0x08002434   Section        0  oled.o(i.OLED_Refresh)
    i.OLED_ShowChar                          0x08002498   Section        0  oled.o(i.OLED_ShowChar)
    i.OLED_ShowString                        0x08002574   Section        0  oled.o(i.OLED_ShowString)
    i.OLED_WR_Byte                           0x080025b0   Section        0  oled.o(i.OLED_WR_Byte)
    i.PendSV_Handler                         0x080025e6   Section        0  stm32f1xx_it.o(i.PendSV_Handler)
    i.SVC_Handler                            0x080025e8   Section        0  stm32f1xx_it.o(i.SVC_Handler)
    i.Send_Byte                              0x080025ec   Section        0  oled.o(i.Send_Byte)
    i.SysTick_Handler                        0x08002640   Section        0  stm32f1xx_it.o(i.SysTick_Handler)
    i.SystemClock_Config                     0x08002644   Section        0  main.o(i.SystemClock_Config)
    i.SystemInit                             0x0800269a   Section        0  system_stm32f1xx.o(i.SystemInit)
    i.TIM1_UP_IRQHandler                     0x0800269c   Section        0  stm32f1xx_it.o(i.TIM1_UP_IRQHandler)
    i.TIM2_IRQHandler                        0x080026a8   Section        0  stm32f1xx_it.o(i.TIM2_IRQHandler)
    i.TIM3_IRQHandler                        0x080026b4   Section        0  stm32f1xx_it.o(i.TIM3_IRQHandler)
    i.TIM4_IRQHandler                        0x080026c0   Section        0  stm32f1xx_it.o(i.TIM4_IRQHandler)
    i.TIM_Base_SetConfig                     0x080026cc   Section        0  stm32f1xx_hal_tim.o(i.TIM_Base_SetConfig)
    i.TIM_CCxChannelCmd                      0x08002738   Section        0  stm32f1xx_hal_tim.o(i.TIM_CCxChannelCmd)
    i.TIM_ETR_SetConfig                      0x08002752   Section        0  stm32f1xx_hal_tim.o(i.TIM_ETR_SetConfig)
    i.TIM_ITRx_SetConfig                     0x08002766   Section        0  stm32f1xx_hal_tim.o(i.TIM_ITRx_SetConfig)
    TIM_ITRx_SetConfig                       0x08002767   Thumb Code    16  stm32f1xx_hal_tim.o(i.TIM_ITRx_SetConfig)
    i.TIM_OC1_SetConfig                      0x08002778   Section        0  stm32f1xx_hal_tim.o(i.TIM_OC1_SetConfig)
    TIM_OC1_SetConfig                        0x08002779   Thumb Code    82  stm32f1xx_hal_tim.o(i.TIM_OC1_SetConfig)
    i.TIM_OC2_SetConfig                      0x080027d0   Section        0  stm32f1xx_hal_tim.o(i.TIM_OC2_SetConfig)
    i.TIM_OC3_SetConfig                      0x0800282c   Section        0  stm32f1xx_hal_tim.o(i.TIM_OC3_SetConfig)
    TIM_OC3_SetConfig                        0x0800282d   Thumb Code    84  stm32f1xx_hal_tim.o(i.TIM_OC3_SetConfig)
    i.TIM_OC4_SetConfig                      0x08002884   Section        0  stm32f1xx_hal_tim.o(i.TIM_OC4_SetConfig)
    TIM_OC4_SetConfig                        0x08002885   Thumb Code    64  stm32f1xx_hal_tim.o(i.TIM_OC4_SetConfig)
    i.TIM_TI1_ConfigInputStage               0x080028c8   Section        0  stm32f1xx_hal_tim.o(i.TIM_TI1_ConfigInputStage)
    TIM_TI1_ConfigInputStage                 0x080028c9   Thumb Code    34  stm32f1xx_hal_tim.o(i.TIM_TI1_ConfigInputStage)
    i.TIM_TI2_ConfigInputStage               0x080028ea   Section        0  stm32f1xx_hal_tim.o(i.TIM_TI2_ConfigInputStage)
    TIM_TI2_ConfigInputStage                 0x080028eb   Thumb Code    36  stm32f1xx_hal_tim.o(i.TIM_TI2_ConfigInputStage)
    i.UART_DMAAbortOnError                   0x0800290e   Section        0  stm32f1xx_hal_uart.o(i.UART_DMAAbortOnError)
    UART_DMAAbortOnError                     0x0800290f   Thumb Code    16  stm32f1xx_hal_uart.o(i.UART_DMAAbortOnError)
    i.UART_EndRxTransfer                     0x0800291e   Section        0  stm32f1xx_hal_uart.o(i.UART_EndRxTransfer)
    UART_EndRxTransfer                       0x0800291f   Thumb Code    28  stm32f1xx_hal_uart.o(i.UART_EndRxTransfer)
    i.UART_Receive_IT                        0x0800293a   Section        0  stm32f1xx_hal_uart.o(i.UART_Receive_IT)
    UART_Receive_IT                          0x0800293b   Thumb Code   140  stm32f1xx_hal_uart.o(i.UART_Receive_IT)
    i.UART_SetConfig                         0x080029c8   Section        0  stm32f1xx_hal_uart.o(i.UART_SetConfig)
    UART_SetConfig                           0x080029c9   Thumb Code   178  stm32f1xx_hal_uart.o(i.UART_SetConfig)
    i.USART1_IRQHandler                      0x08002a80   Section        0  stm32f1xx_it.o(i.USART1_IRQHandler)
    i.USART2_IRQHandler                      0x08002a8c   Section        0  stm32f1xx_it.o(i.USART2_IRQHandler)
    i.USART3_IRQHandler                      0x08002a98   Section        0  stm32f1xx_it.o(i.USART3_IRQHandler)
    i.UsageFault_Handler                     0x08002aa4   Section        0  stm32f1xx_it.o(i.UsageFault_Handler)
    i.__0sprintf                             0x08002aa8   Section        0  printfa.o(i.__0sprintf)
    i.__NVIC_SetPriority                     0x08002ad0   Section        0  stm32f1xx_hal_cortex.o(i.__NVIC_SetPriority)
    __NVIC_SetPriority                       0x08002ad1   Thumb Code    32  stm32f1xx_hal_cortex.o(i.__NVIC_SetPriority)
    i.__scatterload_copy                     0x08002af0   Section       14  handlers.o(i.__scatterload_copy)
    i.__scatterload_null                     0x08002afe   Section        2  handlers.o(i.__scatterload_null)
    i.__scatterload_zeroinit                 0x08002b00   Section       14  handlers.o(i.__scatterload_zeroinit)
    i._fp_digits                             0x08002b10   Section        0  printfa.o(i._fp_digits)
    _fp_digits                               0x08002b11   Thumb Code   366  printfa.o(i._fp_digits)
    i._printf_core                           0x08002c94   Section        0  printfa.o(i._printf_core)
    _printf_core                             0x08002c95   Thumb Code  1744  printfa.o(i._printf_core)
    i._printf_post_padding                   0x08003370   Section        0  printfa.o(i._printf_post_padding)
    _printf_post_padding                     0x08003371   Thumb Code    36  printfa.o(i._printf_post_padding)
    i._printf_pre_padding                    0x08003394   Section        0  printfa.o(i._printf_pre_padding)
    _printf_pre_padding                      0x08003395   Thumb Code    46  printfa.o(i._printf_pre_padding)
    i._sputc                                 0x080033c2   Section        0  printfa.o(i._sputc)
    _sputc                                   0x080033c3   Thumb Code    10  printfa.o(i._sputc)
    i.bt_remote_apply                        0x080033cc   Section        0  main.o(i.bt_remote_apply)
    bt_remote_apply                          0x080033cd   Thumb Code   102  main.o(i.bt_remote_apply)
    i.bt_remote_show_status                  0x08003434   Section        0  main.o(i.bt_remote_show_status)
    bt_remote_show_status                    0x08003435   Thumb Code   168  main.o(i.bt_remote_show_status)
    i.buzzer_beep                            0x08003540   Section        0  main.o(i.buzzer_beep)
    buzzer_beep                              0x08003541   Thumb Code    56  main.o(i.buzzer_beep)
    i.circle_turn_dir                        0x0800357c   Section        0  main.o(i.circle_turn_dir)
    circle_turn_dir                          0x0800357d   Thumb Code    14  main.o(i.circle_turn_dir)
    i.clamp_motor_pwm                        0x0800358a   Section        0  main.o(i.clamp_motor_pwm)
    clamp_motor_pwm                          0x0800358b   Thumb Code    18  main.o(i.clamp_motor_pwm)
    i.double_phase_turn_dir                  0x0800359c   Section        0  main.o(i.double_phase_turn_dir)
    double_phase_turn_dir                    0x0800359d   Thumb Code    12  main.o(i.double_phase_turn_dir)
    i.encoder_exti_callback                  0x080035a8   Section        0  encoder.o(i.encoder_exti_callback)
    i.encoder_read_state                     0x08003608   Section        0  encoder.o(i.encoder_read_state)
    encoder_read_state                       0x08003609   Thumb Code    40  encoder.o(i.encoder_read_state)
    i.encoder_step                           0x08003630   Section        0  encoder.o(i.encoder_step)
    encoder_step                             0x08003631   Thumb Code    10  encoder.o(i.encoder_step)
    i.find_abs                               0x08003640   Section        0  motor.o(i.find_abs)
    i.is_circle_task                         0x08003648   Section        0  main.o(i.is_circle_task)
    is_circle_task                           0x08003649   Thumb Code    16  main.o(i.is_circle_task)
    i.jy61p_ReceiveData                      0x08003658   Section        0  jy61p.o(i.jy61p_ReceiveData)
    i.key_pressed                            0x08003734   Section        0  main.o(i.key_pressed)
    key_pressed                              0x08003735   Thumb Code    62  main.o(i.key_pressed)
    i.key_scan                               0x08003774   Section        0  key.o(i.key_scan)
    i.limit_motor_pwm                        0x080037f8   Section        0  motor.o(i.limit_motor_pwm)
    i.line_err                               0x08003824   Section        0  line.o(i.line_err)
    i.line_is_black                          0x08003868   Section        0  line.o(i.line_is_black)
    line_is_black                            0x08003869   Thumb Code    10  line.o(i.line_is_black)
    i.line_pid_control                       0x08003874   Section        0  control.o(i.line_pid_control)
    i.line_pid_realize                       0x08003898   Section        0  pid.o(i.line_pid_realize)
    i.line_read_state                        0x08003914   Section        0  line.o(i.line_read_state)
    i.line_speed_control                     0x080039c8   Section        0  control.o(i.line_speed_control)
    i.load_motor_pwm                         0x08003a3c   Section        0  motor.o(i.load_motor_pwm)
    i.location1_pid_control                  0x08003ab0   Section        0  control.o(i.location1_pid_control)
    i.location2_pid_control                  0x08003ae4   Section        0  control.o(i.location2_pid_control)
    i.location_pid_realize                   0x08003b18   Section        0  pid.o(i.location_pid_realize)
    i.location_speed_control                 0x08003b6c   Section        0  control.o(i.location_speed_control)
    i.main                                   0x08003bd0   Section        0  main.o(i.main)
    i.menu_beep                              0x08004a2c   Section        0  menu.o(i.menu_beep)
    menu_beep                                0x08004a2d   Thumb Code    56  menu.o(i.menu_beep)
    i.menu_draw_group                        0x08004a68   Section        0  menu.o(i.menu_draw_group)
    menu_draw_group                          0x08004a69   Thumb Code   116  menu.o(i.menu_draw_group)
    i.menu_draw_task                         0x08004b68   Section        0  menu.o(i.menu_draw_task)
    menu_draw_task                           0x08004b69   Thumb Code   138  menu.o(i.menu_draw_task)
    i.menu_get_mode_name                     0x08004c34   Section        0  menu.o(i.menu_get_mode_name)
    i.menu_group_task_count                  0x08004c50   Section        0  menu.o(i.menu_group_task_count)
    menu_group_task_count                    0x08004c51   Thumb Code    12  menu.o(i.menu_group_task_count)
    i.menu_group_to_mode                     0x08004c5c   Section        0  menu.o(i.menu_group_to_mode)
    menu_group_to_mode                       0x08004c5d   Thumb Code    22  menu.o(i.menu_group_to_mode)
    i.menu_show_status                       0x08004c74   Section        0  menu.o(i.menu_show_status)
    i.menu_start_select                      0x08004dec   Section        0  menu.o(i.menu_start_select)
    i.motors_stop_safe                       0x08004ec0   Section        0  main.o(i.motors_stop_safe)
    motors_stop_safe                         0x08004ec1   Thumb Code    22  main.o(i.motors_stop_safe)
    i.pid_param_init                         0x08004ed8   Section        0  pid.o(i.pid_param_init)
    i.read_pluse                             0x08004f70   Section        0  encoder.o(i.read_pluse)
    i.reset_yaw_target                       0x08004fac   Section        0  main.o(i.reset_yaw_target)
    reset_yaw_target                         0x08004fad   Thumb Code    22  main.o(i.reset_yaw_target)
    i.set_motor1_disable                     0x08004fc8   Section        0  motor.o(i.set_motor1_disable)
    i.set_motor1_enable                      0x08004fe0   Section        0  motor.o(i.set_motor1_enable)
    i.set_motor2_disable                     0x08004ff8   Section        0  motor.o(i.set_motor2_disable)
    i.set_motor2_enable                      0x08005010   Section        0  motor.o(i.set_motor2_enable)
    i.set_p_i_d                              0x08005028   Section        0  pid.o(i.set_p_i_d)
    i.set_pid_target                         0x08005030   Section        0  pid.o(i.set_pid_target)
    i.speed1_pid_control                     0x08005034   Section        0  control.o(i.speed1_pid_control)
    i.speed2_pid_control                     0x08005080   Section        0  control.o(i.speed2_pid_control)
    i.speed_pid_realize                      0x080050cc   Section        0  pid.o(i.speed_pid_realize)
    i.task_led_off                           0x08005144   Section        0  main.o(i.task_led_off)
    task_led_off                             0x08005145   Thumb Code    10  main.o(i.task_led_off)
    i.task_led_on                            0x08005154   Section        0  main.o(i.task_led_on)
    task_led_on                              0x08005155   Thumb Code    10  main.o(i.task_led_on)
    i.turn_angle_pid_control                 0x08005164   Section        0  control.o(i.turn_angle_pid_control)
    i.turn_angle_pid_realize                 0x0800519c   Section        0  pid.o(i.turn_angle_pid_realize)
    i.turn_angle_speed_control               0x08005248   Section        0  control.o(i.turn_angle_speed_control)
    i.yaw_abs_error                          0x080052ac   Section        0  main.o(i.yaw_abs_error)
    yaw_abs_error                            0x080052ad   Thumb Code    48  main.o(i.yaw_abs_error)
    i.yaw_add_deg                            0x080052e8   Section        0  main.o(i.yaw_add_deg)
    yaw_add_deg                              0x080052e9   Thumb Code    38  main.o(i.yaw_add_deg)
    .constdata                               0x0800531c   Section       16  system_stm32f1xx.o(.constdata)
    .constdata                               0x0800532c   Section        8  system_stm32f1xx.o(.constdata)
    .constdata                               0x08005334   Section     7696  oled.o(.constdata)
    .constdata                               0x08007144   Section       16  encoder.o(.constdata)
    table                                    0x08007144   Data          16  encoder.o(.constdata)
    .constdata                               0x08007154   Section        8  line.o(.constdata)
    weight                                   0x08007154   Data           8  line.o(.constdata)
    .conststring                             0x0800715c   Section      107  menu.o(.conststring)
    .data                                    0x20000000   Section        1  main.o(.data)
    .data                                    0x20000004   Section       12  stm32f1xx_it.o(.data)
    .data                                    0x20000010   Section       12  stm32f1xx_hal.o(.data)
    .data                                    0x2000001c   Section        4  system_stm32f1xx.o(.data)
    .data                                    0x20000020   Section        2  motor.o(.data)
    .data                                    0x20000024   Section       12  encoder.o(.data)
    g_encoder_a_state                        0x20000024   Data           1  encoder.o(.data)
    g_encoder_b_state                        0x20000025   Data           1  encoder.o(.data)
    g_encoder_a_count                        0x20000028   Data           4  encoder.o(.data)
    g_encoder_b_count                        0x2000002c   Data           4  encoder.o(.data)
    .data                                    0x20000030   Section       72  control.o(.data)
    .data                                    0x20000078   Section       28  jy61p.o(.data)
    RxIndex                                  0x20000078   Data           1  jy61p.o(.data)
    .data                                    0x20000094   Section        4  jy61p.o(.data)
    .data                                    0x20000098   Section        1  jy61p.o(.data)
    .data                                    0x2000009c   Section        4  jy61p.o(.data)
    .data                                    0x200000a0   Section        4  jy61p.o(.data)
    .data                                    0x200000a4   Section        1  key.o(.data)
    key_up                                   0x200000a4   Data           1  key.o(.data)
    .data                                    0x200000a8   Section       28  menu.o(.data)
    s_mode_names                             0x200000a8   Data          28  menu.o(.data)
    .data                                    0x200000c4   Section        8  line.o(.data)
    .bss                                     0x200000cc   Section       50  main.o(.bss)
    .bss                                     0x20000100   Section      288  tim.o(.bss)
    .bss                                     0x20000220   Section      192  usart.o(.bss)
    .bss                                     0x200002e0   Section     1152  oled.o(.bss)
    .bss                                     0x20000760   Section      192  pid.o(.bss)
    .bss                                     0x20000820   Section       11  jy61p.o(.bss)
    RxBuffer                                 0x20000820   Data          11  jy61p.o(.bss)
    STACK                                    0x20000830   Section     1024  startup_stm32f103xb.o(STACK)

    Global Symbols

    Symbol Name                              Value     Ov Type        Size  Object(Section)

    BuildAttributes$$THM_ISAv4$P$D$K$B$S$PE$A:L22UL41UL21$X:L11$S22US41US21$IEEE1$IW$USESV6$~STKCKD$USESV7$~SHL$OTIME$ROPI$IEEEX$EBA8$MICROLIB$REQ8$PRES8$EABIv2 0x00000000   Number         0  anon$$obj.o ABSOLUTE
    __ARM_use_no_argv                        0x00000000   Number         0  main.o ABSOLUTE
    _printf_a                                0x00000000   Number         0  stubs.o ABSOLUTE
    _printf_c                                0x00000000   Number         0  stubs.o ABSOLUTE
    _printf_charcount                        0x00000000   Number         0  stubs.o ABSOLUTE
    _printf_d                                0x00000000   Number         0  stubs.o ABSOLUTE
    _printf_e                                0x00000000   Number         0  stubs.o ABSOLUTE
    _printf_f                                0x00000000   Number         0  stubs.o ABSOLUTE
    _printf_flags                            0x00000000   Number         0  stubs.o ABSOLUTE
    _printf_fp_dec                           0x00000000   Number         0  stubs.o ABSOLUTE
    _printf_fp_hex                           0x00000000   Number         0  stubs.o ABSOLUTE
    _printf_g                                0x00000000   Number         0  stubs.o ABSOLUTE
    _printf_i                                0x00000000   Number         0  stubs.o ABSOLUTE
    _printf_int_dec                          0x00000000   Number         0  stubs.o ABSOLUTE
    _printf_l                                0x00000000   Number         0  stubs.o ABSOLUTE
    _printf_lc                               0x00000000   Number         0  stubs.o ABSOLUTE
    _printf_ll                               0x00000000   Number         0  stubs.o ABSOLUTE
    _printf_lld                              0x00000000   Number         0  stubs.o ABSOLUTE
    _printf_lli                              0x00000000   Number         0  stubs.o ABSOLUTE
    _printf_llo                              0x00000000   Number         0  stubs.o ABSOLUTE
    _printf_llu                              0x00000000   Number         0  stubs.o ABSOLUTE
    _printf_llx                              0x00000000   Number         0  stubs.o ABSOLUTE
    _printf_longlong_dec                     0x00000000   Number         0  stubs.o ABSOLUTE
    _printf_longlong_hex                     0x00000000   Number         0  stubs.o ABSOLUTE
    _printf_longlong_oct                     0x00000000   Number         0  stubs.o ABSOLUTE
    _printf_ls                               0x00000000   Number         0  stubs.o ABSOLUTE
    _printf_mbtowc                           0x00000000   Number         0  stubs.o ABSOLUTE
    _printf_n                                0x00000000   Number         0  stubs.o ABSOLUTE
    _printf_o                                0x00000000   Number         0  stubs.o ABSOLUTE
    _printf_p                                0x00000000   Number         0  stubs.o ABSOLUTE
    _printf_percent                          0x00000000   Number         0  stubs.o ABSOLUTE
    _printf_pre_padding                      0x00000000   Number         0  stubs.o ABSOLUTE
    _printf_return_value                     0x00000000   Number         0  stubs.o ABSOLUTE
    _printf_s                                0x00000000   Number         0  stubs.o ABSOLUTE
    _printf_sizespec                         0x00000000   Number         0  stubs.o ABSOLUTE
    _printf_str                              0x00000000   Number         0  stubs.o ABSOLUTE
    _printf_truncate_signed                  0x00000000   Number         0  stubs.o ABSOLUTE
    _printf_truncate_unsigned                0x00000000   Number         0  stubs.o ABSOLUTE
    _printf_u                                0x00000000   Number         0  stubs.o ABSOLUTE
    _printf_wc                               0x00000000   Number         0  stubs.o ABSOLUTE
    _printf_wctomb                           0x00000000   Number         0  stubs.o ABSOLUTE
    _printf_widthprec                        0x00000000   Number         0  stubs.o ABSOLUTE
    _printf_x                                0x00000000   Number         0  stubs.o ABSOLUTE
    __cpp_initialize__aeabi_                  - Undefined Weak Reference
    __cxa_finalize                            - Undefined Weak Reference
    __decompress                              - Undefined Weak Reference
    _clock_init                               - Undefined Weak Reference
    _microlib_exit                            - Undefined Weak Reference
    __Vectors_Size                           0x000000ec   Number         0  startup_stm32f103xb.o ABSOLUTE
    __Vectors                                0x08000000   Data           4  startup_stm32f103xb.o(RESET)
    __Vectors_End                            0x080000ec   Data           0  startup_stm32f103xb.o(RESET)
    __main                                   0x080000ed   Thumb Code     0  entry.o(.ARM.Collect$$$$00000000)
    _main_stk                                0x080000ed   Thumb Code     0  entry2.o(.ARM.Collect$$$$00000001)
    _main_scatterload                        0x080000f1   Thumb Code     0  entry5.o(.ARM.Collect$$$$00000004)
    __main_after_scatterload                 0x080000f5   Thumb Code     0  entry5.o(.ARM.Collect$$$$00000004)
    _main_clock                              0x080000f5   Thumb Code     0  entry7b.o(.ARM.Collect$$$$00000008)
    _main_cpp_init                           0x080000f5   Thumb Code     0  entry8b.o(.ARM.Collect$$$$0000000A)
    _main_init                               0x080000f5   Thumb Code     0  entry9a.o(.ARM.Collect$$$$0000000B)
    __rt_final_cpp                           0x080000fd   Thumb Code     0  entry10a.o(.ARM.Collect$$$$0000000D)
    __rt_final_exit                          0x080000fd   Thumb Code     0  entry11a.o(.ARM.Collect$$$$0000000F)
    Reset_Handler                            0x08000101   Thumb Code     8  startup_stm32f103xb.o(.text)
    ADC1_2_IRQHandler                        0x0800011b   Thumb Code     0  startup_stm32f103xb.o(.text)
    CAN1_RX1_IRQHandler                      0x0800011b   Thumb Code     0  startup_stm32f103xb.o(.text)
    CAN1_SCE_IRQHandler                      0x0800011b   Thumb Code     0  startup_stm32f103xb.o(.text)
    DMA1_Channel1_IRQHandler                 0x0800011b   Thumb Code     0  startup_stm32f103xb.o(.text)
    DMA1_Channel2_IRQHandler                 0x0800011b   Thumb Code     0  startup_stm32f103xb.o(.text)
    DMA1_Channel3_IRQHandler                 0x0800011b   Thumb Code     0  startup_stm32f103xb.o(.text)
    DMA1_Channel4_IRQHandler                 0x0800011b   Thumb Code     0  startup_stm32f103xb.o(.text)
    DMA1_Channel5_IRQHandler                 0x0800011b   Thumb Code     0  startup_stm32f103xb.o(.text)
    DMA1_Channel6_IRQHandler                 0x0800011b   Thumb Code     0  startup_stm32f103xb.o(.text)
    DMA1_Channel7_IRQHandler                 0x0800011b   Thumb Code     0  startup_stm32f103xb.o(.text)
    EXTI0_IRQHandler                         0x0800011b   Thumb Code     0  startup_stm32f103xb.o(.text)
    EXTI3_IRQHandler                         0x0800011b   Thumb Code     0  startup_stm32f103xb.o(.text)
    EXTI4_IRQHandler                         0x0800011b   Thumb Code     0  startup_stm32f103xb.o(.text)
    FLASH_IRQHandler                         0x0800011b   Thumb Code     0  startup_stm32f103xb.o(.text)
    I2C1_ER_IRQHandler                       0x0800011b   Thumb Code     0  startup_stm32f103xb.o(.text)
    I2C1_EV_IRQHandler                       0x0800011b   Thumb Code     0  startup_stm32f103xb.o(.text)
    I2C2_ER_IRQHandler                       0x0800011b   Thumb Code     0  startup_stm32f103xb.o(.text)
    I2C2_EV_IRQHandler                       0x0800011b   Thumb Code     0  startup_stm32f103xb.o(.text)
    PVD_IRQHandler                           0x0800011b   Thumb Code     0  startup_stm32f103xb.o(.text)
    RCC_IRQHandler                           0x0800011b   Thumb Code     0  startup_stm32f103xb.o(.text)
    RTC_Alarm_IRQHandler                     0x0800011b   Thumb Code     0  startup_stm32f103xb.o(.text)
    RTC_IRQHandler                           0x0800011b   Thumb Code     0  startup_stm32f103xb.o(.text)
    SPI1_IRQHandler                          0x0800011b   Thumb Code     0  startup_stm32f103xb.o(.text)
    SPI2_IRQHandler                          0x0800011b   Thumb Code     0  startup_stm32f103xb.o(.text)
    TAMPER_IRQHandler                        0x0800011b   Thumb Code     0  startup_stm32f103xb.o(.text)
    TIM1_BRK_IRQHandler                      0x0800011b   Thumb Code     0  startup_stm32f103xb.o(.text)
    TIM1_CC_IRQHandler                       0x0800011b   Thumb Code     0  startup_stm32f103xb.o(.text)
    TIM1_TRG_COM_IRQHandler                  0x0800011b   Thumb Code     0  startup_stm32f103xb.o(.text)
    USBWakeUp_IRQHandler                     0x0800011b   Thumb Code     0  startup_stm32f103xb.o(.text)
    USB_HP_CAN1_TX_IRQHandler                0x0800011b   Thumb Code     0  startup_stm32f103xb.o(.text)
    USB_LP_CAN1_RX0_IRQHandler               0x0800011b   Thumb Code     0  startup_stm32f103xb.o(.text)
    WWDG_IRQHandler                          0x0800011b   Thumb Code     0  startup_stm32f103xb.o(.text)
    __aeabi_llsr                             0x08000125   Thumb Code    32  llushr.o(.text)
    _ll_ushift_r                             0x08000125   Thumb Code     0  llushr.o(.text)
    __aeabi_memset                           0x08000145   Thumb Code    14  memseta.o(.text)
    __aeabi_memset4                          0x08000145   Thumb Code     0  memseta.o(.text)
    __aeabi_memset8                          0x08000145   Thumb Code     0  memseta.o(.text)
    __aeabi_memclr                           0x08000153   Thumb Code     4  memseta.o(.text)
    __aeabi_memclr4                          0x08000153   Thumb Code     0  memseta.o(.text)
    __aeabi_memclr8                          0x08000153   Thumb Code     0  memseta.o(.text)
    _memset$wrapper                          0x08000157   Thumb Code    18  memseta.o(.text)
    __aeabi_fadd                             0x08000169   Thumb Code   164  fadd.o(.text)
    __aeabi_fsub                             0x0800020d   Thumb Code     6  fadd.o(.text)
    __aeabi_frsub                            0x08000213   Thumb Code     6  fadd.o(.text)
    __aeabi_fmul                             0x08000219   Thumb Code   100  fmul.o(.text)
    __ARM_scalbnf                            0x0800027d   Thumb Code    24  fscalb.o(.text)
    scalbnf                                  0x0800027d   Thumb Code     0  fscalb.o(.text)
    __aeabi_dadd                             0x08000295   Thumb Code   322  dadd.o(.text)
    __aeabi_dsub                             0x080003d7   Thumb Code     6  dadd.o(.text)
    __aeabi_drsub                            0x080003dd   Thumb Code     6  dadd.o(.text)
    __aeabi_dmul                             0x080003e3   Thumb Code   228  dmul.o(.text)
    __aeabi_ddiv                             0x080004c7   Thumb Code   222  ddiv.o(.text)
    __aeabi_i2f                              0x080005a5   Thumb Code    18  fflti.o(.text)
    __aeabi_i2d                              0x080005b7   Thumb Code    34  dflti.o(.text)
    __aeabi_f2iz                             0x080005d9   Thumb Code    50  ffixi.o(.text)
    __aeabi_d2iz                             0x0800060b   Thumb Code    62  dfixi.o(.text)
    __aeabi_f2d                              0x08000649   Thumb Code    38  f2d.o(.text)
    __aeabi_d2f                              0x0800066f   Thumb Code    56  d2f.o(.text)
    __aeabi_uidiv                            0x080006a7   Thumb Code     0  uidiv.o(.text)
    __aeabi_uidivmod                         0x080006a7   Thumb Code    44  uidiv.o(.text)
    __aeabi_uldivmod                         0x080006d3   Thumb Code    98  uldiv.o(.text)
    __aeabi_llsl                             0x08000735   Thumb Code    30  llshl.o(.text)
    _ll_shift_l                              0x08000735   Thumb Code     0  llshl.o(.text)
    __aeabi_lasr                             0x08000753   Thumb Code    36  llsshr.o(.text)
    _ll_sshift_r                             0x08000753   Thumb Code     0  llsshr.o(.text)
    __I$use$fp                               0x08000777   Thumb Code     0  iusefp.o(.text)
    _float_round                             0x08000777   Thumb Code    18  fepilogue.o(.text)
    _float_epilogue                          0x08000789   Thumb Code    92  fepilogue.o(.text)
    _double_round                            0x080007e5   Thumb Code    30  depilogue.o(.text)
    _double_epilogue                         0x08000803   Thumb Code   156  depilogue.o(.text)
    __aeabi_d2ulz                            0x0800089f   Thumb Code    48  dfixul.o(.text)
    __aeabi_cdrcmple                         0x080008d1   Thumb Code    48  cdrcmple.o(.text)
    __scatterload                            0x08000901   Thumb Code    28  init.o(.text)
    __scatterload_rt2                        0x08000901   Thumb Code     0  init.o(.text)
    BusFault_Handler                         0x08000925   Thumb Code     2  stm32f1xx_it.o(i.BusFault_Handler)
    DebugMon_Handler                         0x08000927   Thumb Code     2  stm32f1xx_it.o(i.DebugMon_Handler)
    EXTI15_10_IRQHandler                     0x08000929   Thumb Code     8  stm32f1xx_it.o(i.EXTI15_10_IRQHandler)
    EXTI1_IRQHandler                         0x08000931   Thumb Code     6  stm32f1xx_it.o(i.EXTI1_IRQHandler)
    EXTI2_IRQHandler                         0x08000937   Thumb Code     6  stm32f1xx_it.o(i.EXTI2_IRQHandler)
    EXTI9_5_IRQHandler                       0x0800093d   Thumb Code     8  stm32f1xx_it.o(i.EXTI9_5_IRQHandler)
    Error_Handler                            0x08000945   Thumb Code    36  main.o(i.Error_Handler)
    HAL_DMA_Abort                            0x08000971   Thumb Code    70  stm32f1xx_hal_dma.o(i.HAL_DMA_Abort)
    HAL_DMA_Abort_IT                         0x080009b9   Thumb Code   148  stm32f1xx_hal_dma.o(i.HAL_DMA_Abort_IT)
    HAL_DMA_GetError                         0x08000a51   Thumb Code     4  stm32f1xx_hal_dma.o(i.HAL_DMA_GetError)
    HAL_Delay                                0x08000a55   Thumb Code    32  stm32f1xx_hal.o(i.HAL_Delay)
    HAL_GPIO_EXTI_Callback                   0x08000a79   Thumb Code     4  stm32f1xx_it.o(i.HAL_GPIO_EXTI_Callback)
    HAL_GPIO_EXTI_IRQHandler                 0x08000a7d   Thumb Code    18  stm32f1xx_hal_gpio.o(i.HAL_GPIO_EXTI_IRQHandler)
    HAL_GPIO_Init                            0x08000a95   Thumb Code   426  stm32f1xx_hal_gpio.o(i.HAL_GPIO_Init)
    HAL_GPIO_ReadPin                         0x08000c61   Thumb Code    10  stm32f1xx_hal_gpio.o(i.HAL_GPIO_ReadPin)
    HAL_GPIO_TogglePin                       0x08000c6b   Thumb Code    16  stm32f1xx_hal_gpio.o(i.HAL_GPIO_TogglePin)
    HAL_GPIO_WritePin                        0x08000c7b   Thumb Code    10  stm32f1xx_hal_gpio.o(i.HAL_GPIO_WritePin)
    HAL_GetTick                              0x08000c85   Thumb Code     6  stm32f1xx_hal.o(i.HAL_GetTick)
    HAL_IncTick                              0x08000c91   Thumb Code    12  stm32f1xx_hal.o(i.HAL_IncTick)
    HAL_Init                                 0x08000ca1   Thumb Code    32  stm32f1xx_hal.o(i.HAL_Init)
    HAL_InitTick                             0x08000cc5   Thumb Code    54  stm32f1xx_hal.o(i.HAL_InitTick)
    HAL_MspInit                              0x08000d05   Thumb Code    58  stm32f1xx_hal_msp.o(i.HAL_MspInit)
    HAL_NVIC_EnableIRQ                       0x08000d49   Thumb Code    26  stm32f1xx_hal_cortex.o(i.HAL_NVIC_EnableIRQ)
    HAL_NVIC_SetPriority                     0x08000d65   Thumb Code    60  stm32f1xx_hal_cortex.o(i.HAL_NVIC_SetPriority)
    HAL_NVIC_SetPriorityGrouping             0x08000da5   Thumb Code    26  stm32f1xx_hal_cortex.o(i.HAL_NVIC_SetPriorityGrouping)
    HAL_RCC_ClockConfig                      0x08000dc9   Thumb Code   292  stm32f1xx_hal_rcc.o(i.HAL_RCC_ClockConfig)
    HAL_RCC_GetPCLK1Freq                     0x08000f01   Thumb Code    20  stm32f1xx_hal_rcc.o(i.HAL_RCC_GetPCLK1Freq)
    HAL_RCC_GetPCLK2Freq                     0x08000f21   Thumb Code    20  stm32f1xx_hal_rcc.o(i.HAL_RCC_GetPCLK2Freq)
    HAL_RCC_GetSysClockFreq                  0x08000f41   Thumb Code    74  stm32f1xx_hal_rcc.o(i.HAL_RCC_GetSysClockFreq)
    HAL_RCC_OscConfig                        0x08000fad   Thumb Code   770  stm32f1xx_hal_rcc.o(i.HAL_RCC_OscConfig)
    HAL_SYSTICK_Config                       0x080012c5   Thumb Code    40  stm32f1xx_hal_cortex.o(i.HAL_SYSTICK_Config)
    HAL_TIMEx_BreakCallback                  0x080012ed   Thumb Code     2  stm32f1xx_hal_tim_ex.o(i.HAL_TIMEx_BreakCallback)
    HAL_TIMEx_CommutCallback                 0x080012ef   Thumb Code     2  stm32f1xx_hal_tim_ex.o(i.HAL_TIMEx_CommutCallback)
    HAL_TIMEx_MasterConfigSynchronization    0x080012f1   Thumb Code    92  stm32f1xx_hal_tim_ex.o(i.HAL_TIMEx_MasterConfigSynchronization)
    HAL_TIM_Base_Init                        0x08001359   Thumb Code    90  stm32f1xx_hal_tim.o(i.HAL_TIM_Base_Init)
    HAL_TIM_Base_MspInit                     0x080013b5   Thumb Code    50  tim.o(i.HAL_TIM_Base_MspInit)
    HAL_TIM_ConfigClockSource                0x080013f1   Thumb Code   214  stm32f1xx_hal_tim.o(i.HAL_TIM_ConfigClockSource)
    HAL_TIM_IC_CaptureCallback               0x080014c7   Thumb Code     2  stm32f1xx_hal_tim.o(i.HAL_TIM_IC_CaptureCallback)
    HAL_TIM_IRQHandler                       0x080014c9   Thumb Code   358  stm32f1xx_hal_tim.o(i.HAL_TIM_IRQHandler)
    HAL_TIM_MspPostInit                      0x08001631   Thumb Code    62  tim.o(i.HAL_TIM_MspPostInit)
    HAL_TIM_OC_DelayElapsedCallback          0x0800167d   Thumb Code     2  stm32f1xx_hal_tim.o(i.HAL_TIM_OC_DelayElapsedCallback)
    HAL_TIM_PWM_ConfigChannel                0x0800167f   Thumb Code   198  stm32f1xx_hal_tim.o(i.HAL_TIM_PWM_ConfigChannel)
    HAL_TIM_PWM_Init                         0x08001745   Thumb Code    90  stm32f1xx_hal_tim.o(i.HAL_TIM_PWM_Init)
    HAL_TIM_PWM_MspInit                      0x080017a1   Thumb Code    30  tim.o(i.HAL_TIM_PWM_MspInit)
    HAL_TIM_PWM_PulseFinishedCallback        0x080017c9   Thumb Code     2  stm32f1xx_hal_tim.o(i.HAL_TIM_PWM_PulseFinishedCallback)
    HAL_TIM_PWM_Start                        0x080017cd   Thumb Code   148  stm32f1xx_hal_tim.o(i.HAL_TIM_PWM_Start)
    HAL_TIM_PWM_Stop                         0x0800186d   Thumb Code   108  stm32f1xx_hal_tim.o(i.HAL_TIM_PWM_Stop)
    HAL_TIM_PeriodElapsedCallback            0x080018dd   Thumb Code   304  control.o(i.HAL_TIM_PeriodElapsedCallback)
    HAL_TIM_TriggerCallback                  0x08001a31   Thumb Code     2  stm32f1xx_hal_tim.o(i.HAL_TIM_TriggerCallback)
    HAL_UART_AbortReceive                    0x08001a33   Thumb Code    88  stm32f1xx_hal_uart.o(i.HAL_UART_AbortReceive)
    HAL_UART_ErrorCallback                   0x08001a8d   Thumb Code   110  stm32f1xx_it.o(i.HAL_UART_ErrorCallback)
    HAL_UART_IRQHandler                      0x08001b19   Thumb Code   344  stm32f1xx_hal_uart.o(i.HAL_UART_IRQHandler)
    HAL_UART_Init                            0x08001c75   Thumb Code    98  stm32f1xx_hal_uart.o(i.HAL_UART_Init)
    HAL_UART_MspInit                         0x08001cd9   Thumb Code   284  usart.o(i.HAL_UART_MspInit)
    HAL_UART_Receive_IT                      0x08001e0d   Thumb Code    82  stm32f1xx_hal_uart.o(i.HAL_UART_Receive_IT)
    HAL_UART_RxCpltCallback                  0x08001e61   Thumb Code    76  stm32f1xx_it.o(i.HAL_UART_RxCpltCallback)
    HAL_UART_TxCpltCallback                  0x08001ebd   Thumb Code     2  stm32f1xx_hal_uart.o(i.HAL_UART_TxCpltCallback)
    HardFault_Handler                        0x08001ebf   Thumb Code     2  stm32f1xx_it.o(i.HardFault_Handler)
    I2C_Start                                0x08001ec1   Thumb Code    64  oled.o(i.I2C_Start)
    I2C_Stop                                 0x08001f05   Thumb Code    46  oled.o(i.I2C_Stop)
    I2C_WaitAck                              0x08001f39   Thumb Code    52  oled.o(i.I2C_WaitAck)
    IIC_delay                                0x08001f71   Thumb Code    10  oled.o(i.IIC_delay)
    MX_GPIO_Init                             0x08001f7d   Thumb Code   454  gpio.o(i.MX_GPIO_Init)
    MX_TIM1_Init                             0x0800215d   Thumb Code    96  tim.o(i.MX_TIM1_Init)
    MX_TIM3_Init                             0x080021c5   Thumb Code   120  tim.o(i.MX_TIM3_Init)
    MX_USART1_UART_Init                      0x08002245   Thumb Code    48  usart.o(i.MX_USART1_UART_Init)
    MX_USART3_UART_Init                      0x0800227d   Thumb Code    48  usart.o(i.MX_USART3_UART_Init)
    MemManage_Handler                        0x080022b5   Thumb Code     2  stm32f1xx_it.o(i.MemManage_Handler)
    NMI_Handler                              0x080022b7   Thumb Code     2  stm32f1xx_it.o(i.NMI_Handler)
    OLED_Clear                               0x080022b9   Thumb Code    38  oled.o(i.OLED_Clear)
    OLED_ColorTurn                           0x080022e5   Thumb Code    22  oled.o(i.OLED_ColorTurn)
    OLED_DisplayTurn                         0x080022fb   Thumb Code    44  oled.o(i.OLED_DisplayTurn)
    OLED_DrawPoint                           0x08002329   Thumb Code    40  oled.o(i.OLED_DrawPoint)
    OLED_Init                                0x08002355   Thumb Code   224  oled.o(i.OLED_Init)
    OLED_Refresh                             0x08002435   Thumb Code    96  oled.o(i.OLED_Refresh)
    OLED_ShowChar                            0x08002499   Thumb Code   202  oled.o(i.OLED_ShowChar)
    OLED_ShowString                          0x08002575   Thumb Code    60  oled.o(i.OLED_ShowString)
    OLED_WR_Byte                             0x080025b1   Thumb Code    54  oled.o(i.OLED_WR_Byte)
    PendSV_Handler                           0x080025e7   Thumb Code     2  stm32f1xx_it.o(i.PendSV_Handler)
    SVC_Handler                              0x080025e9   Thumb Code     2  stm32f1xx_it.o(i.SVC_Handler)
    Send_Byte                                0x080025ed   Thumb Code    78  oled.o(i.Send_Byte)
    SysTick_Handler                          0x08002641   Thumb Code     4  stm32f1xx_it.o(i.SysTick_Handler)
    SystemClock_Config                       0x08002645   Thumb Code    86  main.o(i.SystemClock_Config)
    SystemInit                               0x0800269b   Thumb Code     2  system_stm32f1xx.o(i.SystemInit)
    TIM1_UP_IRQHandler                       0x0800269d   Thumb Code     6  stm32f1xx_it.o(i.TIM1_UP_IRQHandler)
    TIM2_IRQHandler                          0x080026a9   Thumb Code     6  stm32f1xx_it.o(i.TIM2_IRQHandler)
    TIM3_IRQHandler                          0x080026b5   Thumb Code     6  stm32f1xx_it.o(i.TIM3_IRQHandler)
    TIM4_IRQHandler                          0x080026c1   Thumb Code     6  stm32f1xx_it.o(i.TIM4_IRQHandler)
    TIM_Base_SetConfig                       0x080026cd   Thumb Code    94  stm32f1xx_hal_tim.o(i.TIM_Base_SetConfig)
    TIM_CCxChannelCmd                        0x08002739   Thumb Code    26  stm32f1xx_hal_tim.o(i.TIM_CCxChannelCmd)
    TIM_ETR_SetConfig                        0x08002753   Thumb Code    20  stm32f1xx_hal_tim.o(i.TIM_ETR_SetConfig)
    TIM_OC2_SetConfig                        0x080027d1   Thumb Code    86  stm32f1xx_hal_tim.o(i.TIM_OC2_SetConfig)
    USART1_IRQHandler                        0x08002a81   Thumb Code     6  stm32f1xx_it.o(i.USART1_IRQHandler)
    USART2_IRQHandler                        0x08002a8d   Thumb Code     6  stm32f1xx_it.o(i.USART2_IRQHandler)
    USART3_IRQHandler                        0x08002a99   Thumb Code     6  stm32f1xx_it.o(i.USART3_IRQHandler)
    UsageFault_Handler                       0x08002aa5   Thumb Code     2  stm32f1xx_it.o(i.UsageFault_Handler)
    __0sprintf                               0x08002aa9   Thumb Code    34  printfa.o(i.__0sprintf)
    __1sprintf                               0x08002aa9   Thumb Code     0  printfa.o(i.__0sprintf)
    __2sprintf                               0x08002aa9   Thumb Code     0  printfa.o(i.__0sprintf)
    __c89sprintf                             0x08002aa9   Thumb Code     0  printfa.o(i.__0sprintf)
    sprintf                                  0x08002aa9   Thumb Code     0  printfa.o(i.__0sprintf)
    __scatterload_copy                       0x08002af1   Thumb Code    14  handlers.o(i.__scatterload_copy)
    __scatterload_null                       0x08002aff   Thumb Code     2  handlers.o(i.__scatterload_null)
    __scatterload_zeroinit                   0x08002b01   Thumb Code    14  handlers.o(i.__scatterload_zeroinit)
    encoder_exti_callback                    0x080035a9   Thumb Code    86  encoder.o(i.encoder_exti_callback)
    find_abs                                 0x08003641   Thumb Code     8  motor.o(i.find_abs)
    jy61p_ReceiveData                        0x08003659   Thumb Code   208  jy61p.o(i.jy61p_ReceiveData)
    key_scan                                 0x08003775   Thumb Code   120  key.o(i.key_scan)
    limit_motor_pwm                          0x080037f9   Thumb Code    42  motor.o(i.limit_motor_pwm)
    line_err                                 0x08003825   Thumb Code    60  line.o(i.line_err)
    line_pid_control                         0x08003875   Thumb Code    26  control.o(i.line_pid_control)
    line_pid_realize                         0x08003899   Thumb Code   114  pid.o(i.line_pid_realize)
    line_read_state                          0x08003915   Thumb Code   166  line.o(i.line_read_state)
    line_speed_control                       0x080039c9   Thumb Code    90  control.o(i.line_speed_control)
    load_motor_pwm                           0x08003a3d   Thumb Code   106  motor.o(i.load_motor_pwm)
    location1_pid_control                    0x08003ab1   Thumb Code    34  control.o(i.location1_pid_control)
    location2_pid_control                    0x08003ae5   Thumb Code    34  control.o(i.location2_pid_control)
    location_pid_realize                     0x08003b19   Thumb Code    82  pid.o(i.location_pid_realize)
    location_speed_control                   0x08003b6d   Thumb Code    78  control.o(i.location_speed_control)
    main                                     0x08003bd1   Thumb Code  3662  main.o(i.main)
    menu_get_mode_name                       0x08004c35   Thumb Code    16  menu.o(i.menu_get_mode_name)
    menu_show_status                         0x08004c75   Thumb Code   262  menu.o(i.menu_show_status)
    menu_start_select                        0x08004ded   Thumb Code   184  menu.o(i.menu_start_select)
    pid_param_init                           0x08004ed9   Thumb Code   130  pid.o(i.pid_param_init)
    read_pluse                               0x08004f71   Thumb Code    46  encoder.o(i.read_pluse)
    set_motor1_disable                       0x08004fc9   Thumb Code    14  motor.o(i.set_motor1_disable)
    set_motor1_enable                        0x08004fe1   Thumb Code    14  motor.o(i.set_motor1_enable)
    set_motor2_disable                       0x08004ff9   Thumb Code    14  motor.o(i.set_motor2_disable)
    set_motor2_enable                        0x08005011   Thumb Code    14  motor.o(i.set_motor2_enable)
    set_p_i_d                                0x08005029   Thumb Code     8  pid.o(i.set_p_i_d)
    set_pid_target                           0x08005031   Thumb Code     4  pid.o(i.set_pid_target)
    speed1_pid_control                       0x08005035   Thumb Code    56  control.o(i.speed1_pid_control)
    speed2_pid_control                       0x08005081   Thumb Code    56  control.o(i.speed2_pid_control)
    speed_pid_realize                        0x080050cd   Thumb Code   112  pid.o(i.speed_pid_realize)
    turn_angle_pid_control                   0x08005165   Thumb Code    38  control.o(i.turn_angle_pid_control)
    turn_angle_pid_realize                   0x0800519d   Thumb Code   150  pid.o(i.turn_angle_pid_realize)
    turn_angle_speed_control                 0x08005249   Thumb Code    78  control.o(i.turn_angle_speed_control)
    AHBPrescTable                            0x0800531c   Data          16  system_stm32f1xx.o(.constdata)
    APBPrescTable                            0x0800532c   Data           8  system_stm32f1xx.o(.constdata)
    asc2_0806                                0x08005334   Data         552  oled.o(.constdata)
    asc2_1206                                0x0800555c   Data        1140  oled.o(.constdata)
    asc2_1608                                0x080059d0   Data        1520  oled.o(.constdata)
    asc2_2412                                0x08005fc0   Data        3420  oled.o(.constdata)
    Hzk1                                     0x08006d1c   Data         352  oled.o(.constdata)
    Hzk2                                     0x08006e7c   Data          72  oled.o(.constdata)
    Hzk3                                     0x08006ec4   Data         128  oled.o(.constdata)
    Hzk4                                     0x08006f44   Data         512  oled.o(.constdata)
    Region$$Table$$Base                      0x080071c8   Number         0  anon$$obj.o(Region$$Table)
    Region$$Table$$Limit                     0x080071e8   Number         0  anon$$obj.o(Region$$Table)
    g_mode                                   0x20000000   Data           1  main.o(.data)
    g_usart2_receivedata                     0x20000004   Data           1  stm32f1xx_it.o(.data)
    g_bt_receivedata                         0x20000005   Data           1  stm32f1xx_it.o(.data)
    g_bt_cmd                                 0x20000006   Data           1  stm32f1xx_it.o(.data)
    g_bt_rx_count                            0x20000008   Data           4  stm32f1xx_it.o(.data)
    g_bt_error_count                         0x2000000c   Data           4  stm32f1xx_it.o(.data)
    uwTickFreq                               0x20000010   Data           1  stm32f1xx_hal.o(.data)
    uwTickPrio                               0x20000014   Data           4  stm32f1xx_hal.o(.data)
    uwTick                                   0x20000018   Data           4  stm32f1xx_hal.o(.data)
    SystemCoreClock                          0x2000001c   Data           4  system_stm32f1xx.o(.data)
    g_is_motor1_en                           0x20000020   Data           1  motor.o(.data)
    g_is_motor2_en                           0x20000021   Data           1  motor.o(.data)
    g_location_control_count                 0x20000030   Data           1  control.o(.data)
    g_turn_angle_control_count               0x20000031   Data           1  control.o(.data)
    g_line_speed_control_count               0x20000032   Data           1  control.o(.data)
    g_Line_Flag                              0x20000033   Data           1  control.o(.data)
    g_Stop_Flag                              0x20000034   Data           1  control.o(.data)
    g_Spin_Start_Flag                        0x20000035   Data           1  control.o(.data)
    g_Spin_Succeed_Flag                      0x20000036   Data           1  control.o(.data)
    g_Angle_Flag                             0x20000037   Data           1  control.o(.data)
    g_unittime_motor1pluse                   0x20000038   Data           2  control.o(.data)
    g_unittime_motor2pluse                   0x2000003a   Data           2  control.o(.data)
    g_sigma_motor1pluse                      0x2000003c   Data           4  control.o(.data)
    g_sigma_motor2pluse                      0x20000040   Data           4  control.o(.data)
    g_motor1_journey_cm                      0x20000044   Data           4  control.o(.data)
    g_motor2_journey_cm                      0x20000048   Data           4  control.o(.data)
    g_ftarget_journey                        0x2000004c   Data           4  control.o(.data)
    g_speed1_outval                          0x20000050   Data           4  control.o(.data)
    g_location1_outval                       0x20000054   Data           4  control.o(.data)
    g_speed2_outval                          0x20000058   Data           4  control.o(.data)
    g_location2_outval                       0x2000005c   Data           4  control.o(.data)
    g_turn_outval                            0x20000060   Data           4  control.o(.data)
    g_speed3_outval                          0x20000064   Data           4  control.o(.data)
    g_speed4_outval                          0x20000068   Data           4  control.o(.data)
    g_motor1_pwm                             0x2000006c   Data           4  control.o(.data)
    g_motor2_pwm                             0x20000070   Data           4  control.o(.data)
    g_line_num                               0x20000074   Data           4  control.o(.data)
    g_jy61p_last_byte                        0x20000079   Data           1  jy61p.o(.data)
    g_jy61p_last_frame_type                  0x2000007a   Data           1  jy61p.o(.data)
    g_jy61p_rx_count                         0x2000007c   Data           4  jy61p.o(.data)
    g_jy61p_angle_count                      0x20000080   Data           4  jy61p.o(.data)
    g_jy61p_protocol_error_count             0x20000084   Data           4  jy61p.o(.data)
    g_roll_jy61                              0x20000088   Data           4  jy61p.o(.data)
    g_pitch_jy61                             0x2000008c   Data           4  jy61p.o(.data)
    g_yaw_jy61                               0x20000090   Data           4  jy61p.o(.data)
    g_jy61p_error_count                      0x20000094   Data           4  jy61p.o(.data)
    g_jy61p_uart_start_status                0x20000098   Data           1  jy61p.o(.data)
    g_jy61p_last_uart_error                  0x2000009c   Data           4  jy61p.o(.data)
    g_jy61p_restart_count                    0x200000a0   Data           4  jy61p.o(.data)
    g_line_sensor_state                      0x200000c4   Data           1  line.o(.data)
    g_line_sensor_count                      0x200000c5   Data           1  line.o(.data)
    g_line_last_err                          0x200000c8   Data           4  line.o(.data)
    g_oledstring                             0x200000cc   Data          50  main.o(.bss)
    htim1                                    0x20000100   Data          72  tim.o(.bss)
    htim2                                    0x20000148   Data          72  tim.o(.bss)
    htim3                                    0x20000190   Data          72  tim.o(.bss)
    htim4                                    0x200001d8   Data          72  tim.o(.bss)
    huart1                                   0x20000220   Data          64  usart.o(.bss)
    huart2                                   0x20000260   Data          64  usart.o(.bss)
    huart3                                   0x200002a0   Data          64  usart.o(.bss)
    OLED_GRAM                                0x200002e0   Data        1152  oled.o(.bss)
    g_pid_speed1                             0x20000760   Data          32  pid.o(.bss)
    g_pid_speed2                             0x20000780   Data          32  pid.o(.bss)
    g_pid_location1                          0x200007a0   Data          32  pid.o(.bss)
    g_pid_location2                          0x200007c0   Data          32  pid.o(.bss)
    g_pid_turn_angle                         0x200007e0   Data          32  pid.o(.bss)
    g_pid_line                               0x20000800   Data          32  pid.o(.bss)
    __initial_sp                             0x20000c30   Data           0  startup_stm32f103xb.o(STACK)



==============================================================================

Memory Map of the image

  Image Entry point : 0x080000ed

  Load Region LR_IROM1 (Base: 0x08000000, Size: 0x000072b4, Max: 0x00010000, ABSOLUTE)

    Execution Region ER_IROM1 (Exec base: 0x08000000, Load base: 0x08000000, Size: 0x000071e8, Max: 0x00010000, ABSOLUTE)

    Exec Addr    Load Addr    Size         Type   Attr      Idx    E Section Name        Object

    0x08000000   0x08000000   0x000000ec   Data   RO            3    RESET               startup_stm32f103xb.o
    0x080000ec   0x080000ec   0x00000000   Code   RO         4410  * .ARM.Collect$$$$00000000  mc_w.l(entry.o)
    0x080000ec   0x080000ec   0x00000004   Code   RO         4753    .ARM.Collect$$$$00000001  mc_w.l(entry2.o)
    0x080000f0   0x080000f0   0x00000004   Code   RO         4756    .ARM.Collect$$$$00000004  mc_w.l(entry5.o)
    0x080000f4   0x080000f4   0x00000000   Code   RO         4758    .ARM.Collect$$$$00000008  mc_w.l(entry7b.o)
    0x080000f4   0x080000f4   0x00000000   Code   RO         4760    .ARM.Collect$$$$0000000A  mc_w.l(entry8b.o)
    0x080000f4   0x080000f4   0x00000008   Code   RO         4761    .ARM.Collect$$$$0000000B  mc_w.l(entry9a.o)
    0x080000fc   0x080000fc   0x00000000   Code   RO         4763    .ARM.Collect$$$$0000000D  mc_w.l(entry10a.o)
    0x080000fc   0x080000fc   0x00000000   Code   RO         4765    .ARM.Collect$$$$0000000F  mc_w.l(entry11a.o)
    0x080000fc   0x080000fc   0x00000004   Code   RO         4754    .ARM.Collect$$$$00002712  mc_w.l(entry2.o)
    0x08000100   0x08000100   0x00000024   Code   RO            4    .text               startup_stm32f103xb.o
    0x08000124   0x08000124   0x00000020   Code   RO         4415    .text               mc_w.l(llushr.o)
    0x08000144   0x08000144   0x00000024   Code   RO         4419    .text               mc_w.l(memseta.o)
    0x08000168   0x08000168   0x000000b0   Code   RO         4686    .text               mf_w.l(fadd.o)
    0x08000218   0x08000218   0x00000064   Code   RO         4688    .text               mf_w.l(fmul.o)
    0x0800027c   0x0800027c   0x00000018   Code   RO         4692    .text               mf_w.l(fscalb.o)
    0x08000294   0x08000294   0x0000014e   Code   RO         4694    .text               mf_w.l(dadd.o)
    0x080003e2   0x080003e2   0x000000e4   Code   RO         4696    .text               mf_w.l(dmul.o)
    0x080004c6   0x080004c6   0x000000de   Code   RO         4698    .text               mf_w.l(ddiv.o)
    0x080005a4   0x080005a4   0x00000012   Code   RO         4700    .text               mf_w.l(fflti.o)
    0x080005b6   0x080005b6   0x00000022   Code   RO         4704    .text               mf_w.l(dflti.o)
    0x080005d8   0x080005d8   0x00000032   Code   RO         4706    .text               mf_w.l(ffixi.o)
    0x0800060a   0x0800060a   0x0000003e   Code   RO         4710    .text               mf_w.l(dfixi.o)
    0x08000648   0x08000648   0x00000026   Code   RO         4712    .text               mf_w.l(f2d.o)
    0x0800066e   0x0800066e   0x00000038   Code   RO         4714    .text               mf_w.l(d2f.o)
    0x080006a6   0x080006a6   0x0000002c   Code   RO         4770    .text               mc_w.l(uidiv.o)
    0x080006d2   0x080006d2   0x00000062   Code   RO         4772    .text               mc_w.l(uldiv.o)
    0x08000734   0x08000734   0x0000001e   Code   RO         4774    .text               mc_w.l(llshl.o)
    0x08000752   0x08000752   0x00000024   Code   RO         4776    .text               mc_w.l(llsshr.o)
    0x08000776   0x08000776   0x00000000   Code   RO         4785    .text               mc_w.l(iusefp.o)
    0x08000776   0x08000776   0x0000006e   Code   RO         4786    .text               mf_w.l(fepilogue.o)
    0x080007e4   0x080007e4   0x000000ba   Code   RO         4788    .text               mf_w.l(depilogue.o)
    0x0800089e   0x0800089e   0x00000030   Code   RO         4792    .text               mf_w.l(dfixul.o)
    0x080008ce   0x080008ce   0x00000002   PAD
    0x080008d0   0x080008d0   0x00000030   Code   RO         4794    .text               mf_w.l(cdrcmple.o)
    0x08000900   0x08000900   0x00000024   Code   RO         4796    .text               mc_w.l(init.o)
    0x08000924   0x08000924   0x00000002   Code   RO          432    i.BusFault_Handler  stm32f1xx_it.o
    0x08000926   0x08000926   0x00000002   Code   RO          433    i.DebugMon_Handler  stm32f1xx_it.o
    0x08000928   0x08000928   0x00000008   Code   RO          434    i.EXTI15_10_IRQHandler  stm32f1xx_it.o
    0x08000930   0x08000930   0x00000006   Code   RO          435    i.EXTI1_IRQHandler  stm32f1xx_it.o
    0x08000936   0x08000936   0x00000006   Code   RO          436    i.EXTI2_IRQHandler  stm32f1xx_it.o
    0x0800093c   0x0800093c   0x00000008   Code   RO          437    i.EXTI9_5_IRQHandler  stm32f1xx_it.o
    0x08000944   0x08000944   0x0000002c   Code   RO           13    i.Error_Handler     main.o
    0x08000970   0x08000970   0x00000046   Code   RO         2013    i.HAL_DMA_Abort     stm32f1xx_hal_dma.o
    0x080009b6   0x080009b6   0x00000002   PAD
    0x080009b8   0x080009b8   0x00000098   Code   RO         2014    i.HAL_DMA_Abort_IT  stm32f1xx_hal_dma.o
    0x08000a50   0x08000a50   0x00000004   Code   RO         2016    i.HAL_DMA_GetError  stm32f1xx_hal_dma.o
    0x08000a54   0x08000a54   0x00000024   Code   RO         1641    i.HAL_Delay         stm32f1xx_hal.o
    0x08000a78   0x08000a78   0x00000004   Code   RO          438    i.HAL_GPIO_EXTI_Callback  stm32f1xx_it.o
    0x08000a7c   0x08000a7c   0x00000018   Code   RO         1948    i.HAL_GPIO_EXTI_IRQHandler  stm32f1xx_hal_gpio.o
    0x08000a94   0x08000a94   0x000001cc   Code   RO         1949    i.HAL_GPIO_Init     stm32f1xx_hal_gpio.o
    0x08000c60   0x08000c60   0x0000000a   Code   RO         1951    i.HAL_GPIO_ReadPin  stm32f1xx_hal_gpio.o
    0x08000c6a   0x08000c6a   0x00000010   Code   RO         1952    i.HAL_GPIO_TogglePin  stm32f1xx_hal_gpio.o
    0x08000c7a   0x08000c7a   0x0000000a   Code   RO         1953    i.HAL_GPIO_WritePin  stm32f1xx_hal_gpio.o
    0x08000c84   0x08000c84   0x0000000c   Code   RO         1645    i.HAL_GetTick       stm32f1xx_hal.o
    0x08000c90   0x08000c90   0x00000010   Code   RO         1651    i.HAL_IncTick       stm32f1xx_hal.o
    0x08000ca0   0x08000ca0   0x00000024   Code   RO         1652    i.HAL_Init          stm32f1xx_hal.o
    0x08000cc4   0x08000cc4   0x00000040   Code   RO         1653    i.HAL_InitTick      stm32f1xx_hal.o
    0x08000d04   0x08000d04   0x00000044   Code   RO          601    i.HAL_MspInit       stm32f1xx_hal_msp.o
    0x08000d48   0x08000d48   0x0000001a   Code   RO         2109    i.HAL_NVIC_EnableIRQ  stm32f1xx_hal_cortex.o
    0x08000d62   0x08000d62   0x00000002   PAD
    0x08000d64   0x08000d64   0x00000040   Code   RO         2115    i.HAL_NVIC_SetPriority  stm32f1xx_hal_cortex.o
    0x08000da4   0x08000da4   0x00000024   Code   RO         2116    i.HAL_NVIC_SetPriorityGrouping  stm32f1xx_hal_cortex.o
    0x08000dc8   0x08000dc8   0x00000138   Code   RO         1809    i.HAL_RCC_ClockConfig  stm32f1xx_hal_rcc.o
    0x08000f00   0x08000f00   0x00000020   Code   RO         1816    i.HAL_RCC_GetPCLK1Freq  stm32f1xx_hal_rcc.o
    0x08000f20   0x08000f20   0x00000020   Code   RO         1817    i.HAL_RCC_GetPCLK2Freq  stm32f1xx_hal_rcc.o
    0x08000f40   0x08000f40   0x0000006c   Code   RO         1818    i.HAL_RCC_GetSysClockFreq  stm32f1xx_hal_rcc.o
    0x08000fac   0x08000fac   0x00000318   Code   RO         1821    i.HAL_RCC_OscConfig  stm32f1xx_hal_rcc.o
    0x080012c4   0x080012c4   0x00000028   Code   RO         2120    i.HAL_SYSTICK_Config  stm32f1xx_hal_cortex.o
    0x080012ec   0x080012ec   0x00000002   Code   RO         1367    i.HAL_TIMEx_BreakCallback  stm32f1xx_hal_tim_ex.o
    0x080012ee   0x080012ee   0x00000002   Code   RO         1368    i.HAL_TIMEx_CommutCallback  stm32f1xx_hal_tim_ex.o
    0x080012f0   0x080012f0   0x00000068   Code   RO         1386    i.HAL_TIMEx_MasterConfigSynchronization  stm32f1xx_hal_tim_ex.o
    0x08001358   0x08001358   0x0000005a   Code   RO          663    i.HAL_TIM_Base_Init  stm32f1xx_hal_tim.o
    0x080013b2   0x080013b2   0x00000002   PAD
    0x080013b4   0x080013b4   0x0000003c   Code   RO          283    i.HAL_TIM_Base_MspInit  tim.o
    0x080013f0   0x080013f0   0x000000d6   Code   RO          672    i.HAL_TIM_ConfigClockSource  stm32f1xx_hal_tim.o
    0x080014c6   0x080014c6   0x00000002   Code   RO          697    i.HAL_TIM_IC_CaptureCallback  stm32f1xx_hal_tim.o
    0x080014c8   0x080014c8   0x00000166   Code   RO          711    i.HAL_TIM_IRQHandler  stm32f1xx_hal_tim.o
    0x0800162e   0x0800162e   0x00000002   PAD
    0x08001630   0x08001630   0x0000004c   Code   RO          286    i.HAL_TIM_MspPostInit  tim.o
    0x0800167c   0x0800167c   0x00000002   Code   RO          714    i.HAL_TIM_OC_DelayElapsedCallback  stm32f1xx_hal_tim.o
    0x0800167e   0x0800167e   0x000000c6   Code   RO          735    i.HAL_TIM_PWM_ConfigChannel  stm32f1xx_hal_tim.o
    0x08001744   0x08001744   0x0000005a   Code   RO          738    i.HAL_TIM_PWM_Init  stm32f1xx_hal_tim.o
    0x0800179e   0x0800179e   0x00000002   PAD
    0x080017a0   0x080017a0   0x00000028   Code   RO          288    i.HAL_TIM_PWM_MspInit  tim.o
    0x080017c8   0x080017c8   0x00000002   Code   RO          741    i.HAL_TIM_PWM_PulseFinishedCallback  stm32f1xx_hal_tim.o
    0x080017ca   0x080017ca   0x00000002   PAD
    0x080017cc   0x080017cc   0x000000a0   Code   RO          743    i.HAL_TIM_PWM_Start  stm32f1xx_hal_tim.o
    0x0800186c   0x0800186c   0x00000070   Code   RO          746    i.HAL_TIM_PWM_Stop  stm32f1xx_hal_tim.o
    0x080018dc   0x080018dc   0x00000154   Code   RO         3328    i.HAL_TIM_PeriodElapsedCallback  control.o
    0x08001a30   0x08001a30   0x00000002   Code   RO          754    i.HAL_TIM_TriggerCallback  stm32f1xx_hal_tim.o
    0x08001a32   0x08001a32   0x00000058   Code   RO         2619    i.HAL_UART_AbortReceive  stm32f1xx_hal_uart.o
    0x08001a8a   0x08001a8a   0x00000002   PAD
    0x08001a8c   0x08001a8c   0x0000008c   Code   RO          439    i.HAL_UART_ErrorCallback  stm32f1xx_it.o
    0x08001b18   0x08001b18   0x0000015c   Code   RO         2633    i.HAL_UART_IRQHandler  stm32f1xx_hal_uart.o
    0x08001c74   0x08001c74   0x00000062   Code   RO         2634    i.HAL_UART_Init     stm32f1xx_hal_uart.o
    0x08001cd6   0x08001cd6   0x00000002   PAD
    0x08001cd8   0x08001cd8   0x00000134   Code   RO          373    i.HAL_UART_MspInit  usart.o
    0x08001e0c   0x08001e0c   0x00000052   Code   RO         2639    i.HAL_UART_Receive_IT  stm32f1xx_hal_uart.o
    0x08001e5e   0x08001e5e   0x00000002   PAD
    0x08001e60   0x08001e60   0x0000005c   Code   RO          440    i.HAL_UART_RxCpltCallback  stm32f1xx_it.o
    0x08001ebc   0x08001ebc   0x00000002   Code   RO         2645    i.HAL_UART_TxCpltCallback  stm32f1xx_hal_uart.o
    0x08001ebe   0x08001ebe   0x00000002   Code   RO          441    i.HardFault_Handler  stm32f1xx_it.o
    0x08001ec0   0x08001ec0   0x00000044   Code   RO         2968    i.I2C_Start         oled.o
    0x08001f04   0x08001f04   0x00000034   Code   RO         2969    i.I2C_Stop          oled.o
    0x08001f38   0x08001f38   0x00000038   Code   RO         2970    i.I2C_WaitAck       oled.o
    0x08001f70   0x08001f70   0x0000000a   Code   RO         2971    i.IIC_delay         oled.o
    0x08001f7a   0x08001f7a   0x00000002   PAD
    0x08001f7c   0x08001f7c   0x000001e0   Code   RO          258    i.MX_GPIO_Init      gpio.o
    0x0800215c   0x0800215c   0x00000068   Code   RO          289    i.MX_TIM1_Init      tim.o
    0x080021c4   0x080021c4   0x00000080   Code   RO          291    i.MX_TIM3_Init      tim.o
    0x08002244   0x08002244   0x00000038   Code   RO          374    i.MX_USART1_UART_Init  usart.o
    0x0800227c   0x0800227c   0x00000038   Code   RO          376    i.MX_USART3_UART_Init  usart.o
    0x080022b4   0x080022b4   0x00000002   Code   RO          442    i.MemManage_Handler  stm32f1xx_it.o
    0x080022b6   0x080022b6   0x00000002   Code   RO          443    i.NMI_Handler       stm32f1xx_it.o
    0x080022b8   0x080022b8   0x0000002c   Code   RO         2972    i.OLED_Clear        oled.o
    0x080022e4   0x080022e4   0x00000016   Code   RO         2973    i.OLED_ColorTurn    oled.o
    0x080022fa   0x080022fa   0x0000002c   Code   RO         2976    i.OLED_DisplayTurn  oled.o
    0x08002326   0x08002326   0x00000002   PAD
    0x08002328   0x08002328   0x0000002c   Code   RO         2979    i.OLED_DrawPoint    oled.o
    0x08002354   0x08002354   0x000000e0   Code   RO         2980    i.OLED_Init         oled.o
    0x08002434   0x08002434   0x00000064   Code   RO         2982    i.OLED_Refresh      oled.o
    0x08002498   0x08002498   0x000000dc   Code   RO         2984    i.OLED_ShowChar     oled.o
    0x08002574   0x08002574   0x0000003c   Code   RO         2988    i.OLED_ShowString   oled.o
    0x080025b0   0x080025b0   0x00000036   Code   RO         2989    i.OLED_WR_Byte      oled.o
    0x080025e6   0x080025e6   0x00000002   Code   RO          444    i.PendSV_Handler    stm32f1xx_it.o
    0x080025e8   0x080025e8   0x00000002   Code   RO          445    i.SVC_Handler       stm32f1xx_it.o
    0x080025ea   0x080025ea   0x00000002   PAD
    0x080025ec   0x080025ec   0x00000054   Code   RO         2990    i.Send_Byte         oled.o
    0x08002640   0x08002640   0x00000004   Code   RO          446    i.SysTick_Handler   stm32f1xx_it.o
    0x08002644   0x08002644   0x00000056   Code   RO           14    i.SystemClock_Config  main.o
    0x0800269a   0x0800269a   0x00000002   Code   RO         2931    i.SystemInit        system_stm32f1xx.o
    0x0800269c   0x0800269c   0x0000000c   Code   RO          447    i.TIM1_UP_IRQHandler  stm32f1xx_it.o
    0x080026a8   0x080026a8   0x0000000c   Code   RO          448    i.TIM2_IRQHandler   stm32f1xx_it.o
    0x080026b4   0x080026b4   0x0000000c   Code   RO          449    i.TIM3_IRQHandler   stm32f1xx_it.o
    0x080026c0   0x080026c0   0x0000000c   Code   RO          450    i.TIM4_IRQHandler   stm32f1xx_it.o
    0x080026cc   0x080026cc   0x0000006c   Code   RO          756    i.TIM_Base_SetConfig  stm32f1xx_hal_tim.o
    0x08002738   0x08002738   0x0000001a   Code   RO          757    i.TIM_CCxChannelCmd  stm32f1xx_hal_tim.o
    0x08002752   0x08002752   0x00000014   Code   RO          767    i.TIM_ETR_SetConfig  stm32f1xx_hal_tim.o
    0x08002766   0x08002766   0x00000010   Code   RO          768    i.TIM_ITRx_SetConfig  stm32f1xx_hal_tim.o
    0x08002776   0x08002776   0x00000002   PAD
    0x08002778   0x08002778   0x00000058   Code   RO          769    i.TIM_OC1_SetConfig  stm32f1xx_hal_tim.o
    0x080027d0   0x080027d0   0x0000005c   Code   RO          770    i.TIM_OC2_SetConfig  stm32f1xx_hal_tim.o
    0x0800282c   0x0800282c   0x00000058   Code   RO          771    i.TIM_OC3_SetConfig  stm32f1xx_hal_tim.o
    0x08002884   0x08002884   0x00000044   Code   RO          772    i.TIM_OC4_SetConfig  stm32f1xx_hal_tim.o
    0x080028c8   0x080028c8   0x00000022   Code   RO          774    i.TIM_TI1_ConfigInputStage  stm32f1xx_hal_tim.o
    0x080028ea   0x080028ea   0x00000024   Code   RO          776    i.TIM_TI2_ConfigInputStage  stm32f1xx_hal_tim.o
    0x0800290e   0x0800290e   0x00000010   Code   RO         2647    i.UART_DMAAbortOnError  stm32f1xx_hal_uart.o
    0x0800291e   0x0800291e   0x0000001c   Code   RO         2657    i.UART_EndRxTransfer  stm32f1xx_hal_uart.o
    0x0800293a   0x0800293a   0x0000008c   Code   RO         2659    i.UART_Receive_IT   stm32f1xx_hal_uart.o
    0x080029c6   0x080029c6   0x00000002   PAD
    0x080029c8   0x080029c8   0x000000b8   Code   RO         2660    i.UART_SetConfig    stm32f1xx_hal_uart.o
    0x08002a80   0x08002a80   0x0000000c   Code   RO          451    i.USART1_IRQHandler  stm32f1xx_it.o
    0x08002a8c   0x08002a8c   0x0000000c   Code   RO          452    i.USART2_IRQHandler  stm32f1xx_it.o
    0x08002a98   0x08002a98   0x0000000c   Code   RO          453    i.USART3_IRQHandler  stm32f1xx_it.o
    0x08002aa4   0x08002aa4   0x00000002   Code   RO          454    i.UsageFault_Handler  stm32f1xx_it.o
    0x08002aa6   0x08002aa6   0x00000002   PAD
    0x08002aa8   0x08002aa8   0x00000028   Code   RO         4660    i.__0sprintf        mc_w.l(printfa.o)
    0x08002ad0   0x08002ad0   0x00000020   Code   RO         2122    i.__NVIC_SetPriority  stm32f1xx_hal_cortex.o
    0x08002af0   0x08002af0   0x0000000e   Code   RO         4806    i.__scatterload_copy  mc_w.l(handlers.o)
    0x08002afe   0x08002afe   0x00000002   Code   RO         4807    i.__scatterload_null  mc_w.l(handlers.o)
    0x08002b00   0x08002b00   0x0000000e   Code   RO         4808    i.__scatterload_zeroinit  mc_w.l(handlers.o)
    0x08002b0e   0x08002b0e   0x00000002   PAD
    0x08002b10   0x08002b10   0x00000184   Code   RO         4665    i._fp_digits        mc_w.l(printfa.o)
    0x08002c94   0x08002c94   0x000006dc   Code   RO         4666    i._printf_core      mc_w.l(printfa.o)
    0x08003370   0x08003370   0x00000024   Code   RO         4667    i._printf_post_padding  mc_w.l(printfa.o)
    0x08003394   0x08003394   0x0000002e   Code   RO         4668    i._printf_pre_padding  mc_w.l(printfa.o)
    0x080033c2   0x080033c2   0x0000000a   Code   RO         4670    i._sputc            mc_w.l(printfa.o)
    0x080033cc   0x080033cc   0x00000066   Code   RO           15    i.bt_remote_apply   main.o
    0x08003432   0x08003432   0x00000002   PAD
    0x08003434   0x08003434   0x0000010c   Code   RO           16    i.bt_remote_show_status  main.o
    0x08003540   0x08003540   0x0000003c   Code   RO           17    i.buzzer_beep       main.o
    0x0800357c   0x0800357c   0x0000000e   Code   RO           18    i.circle_turn_dir   main.o
    0x0800358a   0x0800358a   0x00000012   Code   RO           19    i.clamp_motor_pwm   main.o
    0x0800359c   0x0800359c   0x0000000c   Code   RO           20    i.double_phase_turn_dir  main.o
    0x080035a8   0x080035a8   0x00000060   Code   RO         3207    i.encoder_exti_callback  encoder.o
    0x08003608   0x08003608   0x00000028   Code   RO         3208    i.encoder_read_state  encoder.o
    0x08003630   0x08003630   0x00000010   Code   RO         3209    i.encoder_step      encoder.o
    0x08003640   0x08003640   0x00000008   Code   RO         3141    i.find_abs          motor.o
    0x08003648   0x08003648   0x00000010   Code   RO           21    i.is_circle_task    main.o
    0x08003658   0x08003658   0x000000dc   Code   RO         4207    i.jy61p_ReceiveData  jy61p.o
    0x08003734   0x08003734   0x0000003e   Code   RO           22    i.key_pressed       main.o
    0x08003772   0x08003772   0x00000002   PAD
    0x08003774   0x08003774   0x00000084   Code   RO         4243    i.key_scan          key.o
    0x080037f8   0x080037f8   0x0000002a   Code   RO         3142    i.limit_motor_pwm   motor.o
    0x08003822   0x08003822   0x00000002   PAD
    0x08003824   0x08003824   0x00000044   Code   RO         4341    i.line_err          line.o
    0x08003868   0x08003868   0x0000000a   Code   RO         4342    i.line_is_black     line.o
    0x08003872   0x08003872   0x00000002   PAD
    0x08003874   0x08003874   0x00000024   Code   RO         3331    i.line_pid_control  control.o
    0x08003898   0x08003898   0x0000007c   Code   RO         3257    i.line_pid_realize  pid.o
    0x08003914   0x08003914   0x000000b4   Code   RO         4343    i.line_read_state   line.o
    0x080039c8   0x080039c8   0x00000074   Code   RO         3332    i.line_speed_control  control.o
    0x08003a3c   0x08003a3c   0x00000074   Code   RO         3143    i.load_motor_pwm    motor.o
    0x08003ab0   0x08003ab0   0x00000034   Code   RO         3333    i.location1_pid_control  control.o
    0x08003ae4   0x08003ae4   0x00000034   Code   RO         3334    i.location2_pid_control  control.o
    0x08003b18   0x08003b18   0x00000052   Code   RO         3258    i.location_pid_realize  pid.o
    0x08003b6a   0x08003b6a   0x00000002   PAD
    0x08003b6c   0x08003b6c   0x00000064   Code   RO         3335    i.location_speed_control  control.o
    0x08003bd0   0x08003bd0   0x00000e5c   Code   RO           23    i.main              main.o
    0x08004a2c   0x08004a2c   0x0000003c   Code   RO         4271    i.menu_beep         menu.o
    0x08004a68   0x08004a68   0x00000100   Code   RO         4272    i.menu_draw_group   menu.o
    0x08004b68   0x08004b68   0x000000cc   Code   RO         4273    i.menu_draw_task    menu.o
    0x08004c34   0x08004c34   0x0000001c   Code   RO         4274    i.menu_get_mode_name  menu.o
    0x08004c50   0x08004c50   0x0000000c   Code   RO         4275    i.menu_group_task_count  menu.o
    0x08004c5c   0x08004c5c   0x00000016   Code   RO         4276    i.menu_group_to_mode  menu.o
    0x08004c72   0x08004c72   0x00000002   PAD
    0x08004c74   0x08004c74   0x00000178   Code   RO         4277    i.menu_show_status  menu.o
    0x08004dec   0x08004dec   0x000000d4   Code   RO         4278    i.menu_start_select  menu.o
    0x08004ec0   0x08004ec0   0x00000016   Code   RO           24    i.motors_stop_safe  main.o
    0x08004ed6   0x08004ed6   0x00000002   PAD
    0x08004ed8   0x08004ed8   0x00000098   Code   RO         3259    i.pid_param_init    pid.o
    0x08004f70   0x08004f70   0x0000003c   Code   RO         3210    i.read_pluse        encoder.o
    0x08004fac   0x08004fac   0x0000001c   Code   RO           25    i.reset_yaw_target  main.o
    0x08004fc8   0x08004fc8   0x00000018   Code   RO         3144    i.set_motor1_disable  motor.o
    0x08004fe0   0x08004fe0   0x00000018   Code   RO         3145    i.set_motor1_enable  motor.o
    0x08004ff8   0x08004ff8   0x00000018   Code   RO         3146    i.set_motor2_disable  motor.o
    0x08005010   0x08005010   0x00000018   Code   RO         3147    i.set_motor2_enable  motor.o
    0x08005028   0x08005028   0x00000008   Code   RO         3260    i.set_p_i_d         pid.o
    0x08005030   0x08005030   0x00000004   Code   RO         3261    i.set_pid_target    pid.o
    0x08005034   0x08005034   0x0000004c   Code   RO         3336    i.speed1_pid_control  control.o
    0x08005080   0x08005080   0x0000004c   Code   RO         3337    i.speed2_pid_control  control.o
    0x080050cc   0x080050cc   0x00000078   Code   RO         3262    i.speed_pid_realize  pid.o
    0x08005144   0x08005144   0x00000010   Code   RO           26    i.task_led_off      main.o
    0x08005154   0x08005154   0x00000010   Code   RO           27    i.task_led_on       main.o
    0x08005164   0x08005164   0x00000038   Code   RO         3338    i.turn_angle_pid_control  control.o
    0x0800519c   0x0800519c   0x000000ac   Code   RO         3263    i.turn_angle_pid_realize  pid.o
    0x08005248   0x08005248   0x00000064   Code   RO         3339    i.turn_angle_speed_control  control.o
    0x080052ac   0x080052ac   0x0000003c   Code   RO           28    i.yaw_abs_error     main.o
    0x080052e8   0x080052e8   0x00000034   Code   RO           29    i.yaw_add_deg       main.o
    0x0800531c   0x0800531c   0x00000010   Data   RO         2932    .constdata          system_stm32f1xx.o
    0x0800532c   0x0800532c   0x00000008   Data   RO         2933    .constdata          system_stm32f1xx.o
    0x08005334   0x08005334   0x00001e10   Data   RO         2992    .constdata          oled.o
    0x08007144   0x08007144   0x00000010   Data   RO         3211    .constdata          encoder.o
    0x08007154   0x08007154   0x00000008   Data   RO         4346    .constdata          line.o
    0x0800715c   0x0800715c   0x0000006b   Data   RO         4279    .conststring        menu.o
    0x080071c7   0x080071c7   0x00000001   PAD
    0x080071c8   0x080071c8   0x00000020   Data   RO         4804    Region$$Table       anon$$obj.o


    Execution Region RW_IRAM1 (Exec base: 0x20000000, Load base: 0x080071e8, Size: 0x00000c30, Max: 0x00005000, ABSOLUTE)

    Exec Addr    Load Addr    Size         Type   Attr      Idx    E Section Name        Object

    0x20000000   0x080071e8   0x00000001   Data   RW           31    .data               main.o
    0x20000001   0x080071e9   0x00000003   PAD
    0x20000004   0x080071ec   0x0000000c   Data   RW          455    .data               stm32f1xx_it.o
    0x20000010   0x080071f8   0x0000000c   Data   RW         1659    .data               stm32f1xx_hal.o
    0x2000001c   0x08007204   0x00000004   Data   RW         2934    .data               system_stm32f1xx.o
    0x20000020   0x08007208   0x00000002   Data   RW         3148    .data               motor.o
    0x20000022   0x0800720a   0x00000002   PAD
    0x20000024   0x0800720c   0x0000000c   Data   RW         3212    .data               encoder.o
    0x20000030   0x08007218   0x00000048   Data   RW         3340    .data               control.o
    0x20000078   0x08007260   0x0000001c   Data   RW         4209    .data               jy61p.o
    0x20000094   0x0800727c   0x00000004   Data   RW         4210    .data               jy61p.o
    0x20000098   0x08007280   0x00000001   Data   RW         4212    .data               jy61p.o
    0x20000099   0x08007281   0x00000003   PAD
    0x2000009c   0x08007284   0x00000004   Data   RW         4213    .data               jy61p.o
    0x200000a0   0x08007288   0x00000004   Data   RW         4214    .data               jy61p.o
    0x200000a4   0x0800728c   0x00000001   Data   RW         4244    .data               key.o
    0x200000a5   0x0800728d   0x00000003   PAD
    0x200000a8   0x08007290   0x0000001c   Data   RW         4280    .data               menu.o
    0x200000c4   0x080072ac   0x00000008   Data   RW         4347    .data               line.o
    0x200000cc        -       0x00000032   Zero   RW           30    .bss                main.o
    0x200000fe   0x080072b4   0x00000002   PAD
    0x20000100        -       0x00000120   Zero   RW          293    .bss                tim.o
    0x20000220        -       0x000000c0   Zero   RW          378    .bss                usart.o
    0x200002e0        -       0x00000480   Zero   RW         2991    .bss                oled.o
    0x20000760        -       0x000000c0   Zero   RW         3264    .bss                pid.o
    0x20000820        -       0x0000000b   Zero   RW         4208    .bss                jy61p.o
    0x2000082b   0x080072b4   0x00000005   PAD
    0x20000830        -       0x00000400   Zero   RW            1    STACK               startup_stm32f103xb.o


==============================================================================

Image component sizes


      Code (inc. data)   RO Data    RW Data    ZI Data      Debug   Object Name

      1004        210          0         72          0       7977   control.o
       212         30         16         12          0       6789   encoder.o
       480         26          0          0          0       1143   gpio.o
       220         12          0         41         11       2207   jy61p.o
       132         12          0          1          0        631   key.o
       258         22          8          8          0       2491   line.o
      4552        360          0          1         50     452635   main.o
      1170        364        107         28          0       6197   menu.o
       262         50          0          2          0       3964   motor.o
      1082         52       7696          0       1152       9544   oled.o
       662         62          0          0        192       5097   pid.o
        36          8        236          0       1024        788   startup_stm32f103xb.o
       164         28          0         12          0       5773   stm32f1xx_hal.o
       198         14          0          0          0      28815   stm32f1xx_hal_cortex.o
       226          4          0          0          0       2258   stm32f1xx_hal_dma.o
       520         40          0          0          0       4583   stm32f1xx_hal_gpio.o
        68         10          0          0          0        842   stm32f1xx_hal_msp.o
      1276        100          0          0          0       5240   stm32f1xx_hal_rcc.o
      1806         50          0          0          0      15667   stm32f1xx_hal_tim.o
       108         12          0          0          0       2389   stm32f1xx_hal_tim_ex.o
       986         10          0          0          0       6946   stm32f1xx_hal_uart.o
       368         88          0         12          0      11130   stm32f1xx_it.o
         2          0         24          4          0       1071   system_stm32f1xx.o
       408         50          0          0        288       3383   tim.o
       420         40          0          0        192       2446   usart.o

    ----------------------------------------------------------------------
     16664       1654       8120        204       2916     590006   Object Totals
         0          0         32          0          0          0   (incl. Generated)
        44          0          1         11          7          0   (incl. Padding)

    ----------------------------------------------------------------------

      Code (inc. data)   RO Data    RW Data    ZI Data      Debug   Library Member Name

         0          0          0          0          0          0   entry.o
         0          0          0          0          0          0   entry10a.o
         0          0          0          0          0          0   entry11a.o
         8          4          0          0          0          0   entry2.o
         4          0          0          0          0          0   entry5.o
         0          0          0          0          0          0   entry7b.o
         0          0          0          0          0          0   entry8b.o
         8          4          0          0          0          0   entry9a.o
        30          0          0          0          0          0   handlers.o
        36          8          0          0          0         68   init.o
         0          0          0          0          0          0   iusefp.o
        30          0          0          0          0         68   llshl.o
        36          0          0          0          0         68   llsshr.o
        32          0          0          0          0         68   llushr.o
        36          0          0          0          0        108   memseta.o
      2276         86          0          0          0        520   printfa.o
        44          0          0          0          0         80   uidiv.o
        98          0          0          0          0         92   uldiv.o
        48          0          0          0          0         68   cdrcmple.o
        56          0          0          0          0         88   d2f.o
       334          0          0          0          0        148   dadd.o
       222          0          0          0          0        100   ddiv.o
       186          0          0          0          0        176   depilogue.o
        62          0          0          0          0         80   dfixi.o
        48          0          0          0          0         68   dfixul.o
        34          0          0          0          0         76   dflti.o
       228          0          0          0          0         96   dmul.o
        38          0          0          0          0         68   f2d.o
       176          0          0          0          0        140   fadd.o
       110          0          0          0          0        168   fepilogue.o
        50          0          0          0          0         68   ffixi.o
        18          0          0          0          0         68   fflti.o
       100          0          0          0          0         76   fmul.o
        24          0          0          0          0         68   fscalb.o

    ----------------------------------------------------------------------
      4376        102          0          0          0       2628   Library Totals
         4          0          0          0          0          0   (incl. Padding)

    ----------------------------------------------------------------------

      Code (inc. data)   RO Data    RW Data    ZI Data      Debug   Library Name

      2638        102          0          0          0       1072   mc_w.l
      1734          0          0          0          0       1556   mf_w.l

    ----------------------------------------------------------------------
      4376        102          0          0          0       2628   Library Totals

    ----------------------------------------------------------------------

==============================================================================


      Code (inc. data)   RO Data    RW Data    ZI Data      Debug   

     21040       1756       8120        204       2916     583166   Grand Totals
     21040       1756       8120        204       2916     583166   ELF Image Totals
     21040       1756       8120        204          0          0   ROM Totals

==============================================================================

    Total RO  Size (Code + RO Data)                29160 (  28.48kB)
    Total RW  Size (RW Data + ZI Data)              3120 (   3.05kB)
    Total ROM Size (Code + RO Data + RW Data)      29364 (  28.68kB)

==============================================================================

