Component: ARM Compiler 5.06 update 6 (build 750) Tool: armlink [4d35ed]

==============================================================================

Section Cross References

    startup_stm32f103xb.o(RESET) refers to startup_stm32f103xb.o(STACK) for __initial_sp
    startup_stm32f103xb.o(RESET) refers to startup_stm32f103xb.o(.text) for Reset_Handler
    startup_stm32f103xb.o(RESET) refers to stm32f1xx_it.o(i.NMI_Handler) for NMI_Handler
    startup_stm32f103xb.o(RESET) refers to stm32f1xx_it.o(i.HardFault_Handler) for HardFault_Handler
    startup_stm32f103xb.o(RESET) refers to stm32f1xx_it.o(i.MemManage_Handler) for MemManage_Handler
    startup_stm32f103xb.o(RESET) refers to stm32f1xx_it.o(i.BusFault_Handler) for BusFault_Handler
    startup_stm32f103xb.o(RESET) refers to stm32f1xx_it.o(i.UsageFault_Handler) for UsageFault_Handler
    startup_stm32f103xb.o(RESET) refers to stm32f1xx_it.o(i.SVC_Handler) for SVC_Handler
    startup_stm32f103xb.o(RESET) refers to stm32f1xx_it.o(i.DebugMon_Handler) for DebugMon_Handler
    startup_stm32f103xb.o(RESET) refers to stm32f1xx_it.o(i.PendSV_Handler) for PendSV_Handler
    startup_stm32f103xb.o(RESET) refers to stm32f1xx_it.o(i.SysTick_Handler) for SysTick_Handler
    startup_stm32f103xb.o(RESET) refers to stm32f1xx_it.o(i.EXTI1_IRQHandler) for EXTI1_IRQHandler
    startup_stm32f103xb.o(RESET) refers to stm32f1xx_it.o(i.EXTI2_IRQHandler) for EXTI2_IRQHandler
    startup_stm32f103xb.o(RESET) refers to stm32f1xx_it.o(i.EXTI9_5_IRQHandler) for EXTI9_5_IRQHandler
    startup_stm32f103xb.o(RESET) refers to stm32f1xx_it.o(i.TIM1_UP_IRQHandler) for TIM1_UP_IRQHandler
    startup_stm32f103xb.o(RESET) refers to stm32f1xx_it.o(i.TIM2_IRQHandler) for TIM2_IRQHandler
    startup_stm32f103xb.o(RESET) refers to stm32f1xx_it.o(i.TIM3_IRQHandler) for TIM3_IRQHandler
    startup_stm32f103xb.o(RESET) refers to stm32f1xx_it.o(i.TIM4_IRQHandler) for TIM4_IRQHandler
    startup_stm32f103xb.o(RESET) refers to stm32f1xx_it.o(i.USART1_IRQHandler) for USART1_IRQHandler
    startup_stm32f103xb.o(RESET) refers to stm32f1xx_it.o(i.USART2_IRQHandler) for USART2_IRQHandler
    startup_stm32f103xb.o(RESET) refers to stm32f1xx_it.o(i.USART3_IRQHandler) for USART3_IRQHandler
    startup_stm32f103xb.o(RESET) refers to stm32f1xx_it.o(i.EXTI15_10_IRQHandler) for EXTI15_10_IRQHandler
    startup_stm32f103xb.o(.text) refers to system_stm32f1xx.o(i.SystemInit) for SystemInit
    startup_stm32f103xb.o(.text) refers to entry.o(.ARM.Collect$$$$00000000) for __main
    main.o(i.Error_Handler) refers to stm32f1xx_hal_gpio.o(i.HAL_GPIO_TogglePin) for HAL_GPIO_TogglePin
    main.o(i.SystemClock_Config) refers to memseta.o(.text) for __aeabi_memclr4
    main.o(i.SystemClock_Config) refers to stm32f1xx_hal_rcc.o(i.HAL_RCC_OscConfig) for HAL_RCC_OscConfig
    main.o(i.SystemClock_Config) refers to stm32f1xx_hal_rcc.o(i.HAL_RCC_ClockConfig) for HAL_RCC_ClockConfig
    main.o(i.SystemClock_Config) refers to main.o(i.Error_Handler) for Error_Handler
    main.o(i.buzzer_beep) refers to stm32f1xx_hal_gpio.o(i.HAL_GPIO_WritePin) for HAL_GPIO_WritePin
    main.o(i.buzzer_beep) refers to stm32f1xx_hal.o(i.HAL_Delay) for HAL_Delay
    main.o(i.key_pressed) refers to stm32f1xx_hal_gpio.o(i.HAL_GPIO_ReadPin) for HAL_GPIO_ReadPin
    main.o(i.key_pressed) refers to stm32f1xx_hal.o(i.HAL_Delay) for HAL_Delay
    main.o(i.main) refers to memseta.o(.text) for __aeabi_memclr4
    main.o(i.main) refers to stm32f1xx_hal.o(i.HAL_Init) for HAL_Init
    main.o(i.main) refers to main.o(i.SystemClock_Config) for SystemClock_Config
    main.o(i.main) refers to gpio.o(i.MX_GPIO_Init) for MX_GPIO_Init
    main.o(i.main) refers to tim.o(i.MX_TIM1_Init) for MX_TIM1_Init
    main.o(i.main) refers to tim.o(i.MX_TIM3_Init) for MX_TIM3_Init
    main.o(i.main) refers to usart.o(i.MX_USART1_UART_Init) for MX_USART1_UART_Init
    main.o(i.main) refers to usart.o(i.MX_USART3_UART_Init) for MX_USART3_UART_Init
    main.o(i.main) refers to stm32f1xx_hal_tim.o(i.HAL_TIM_PWM_Start) for HAL_TIM_PWM_Start
    main.o(i.main) refers to pid.o(i.pid_param_init) for pid_param_init
    main.o(i.main) refers to pid.o(i.set_p_i_d) for set_p_i_d
    main.o(i.main) refers to line_task.o(i.line_task_reset) for line_task_reset
    main.o(i.main) refers to bt_remote.o(i.bt_remote_start_rx) for bt_remote_start_rx
    main.o(i.main) refers to stm32f1xx_hal_uart.o(i.HAL_UART_Receive_IT) for HAL_UART_Receive_IT
    main.o(i.main) refers to oled.o(i.OLED_Init) for OLED_Init
    main.o(i.main) refers to oled.o(i.OLED_ColorTurn) for OLED_ColorTurn
    main.o(i.main) refers to oled.o(i.OLED_DisplayTurn) for OLED_DisplayTurn
    main.o(i.main) refers to menu.o(i.menu_start_select) for menu_start_select
    main.o(i.main) refers to main.o(i.is_remote_control_mode) for is_remote_control_mode
    main.o(i.main) refers to bt_remote.o(i.bt_remote_reset) for bt_remote_reset
    main.o(i.main) refers to stm32f1xx_hal_gpio.o(i.HAL_GPIO_TogglePin) for HAL_GPIO_TogglePin
[...]
    i.OLED_Refresh                           0x08002400   Section        0  oled.o(i.OLED_Refresh)
    i.OLED_ShowChar                          0x08002464   Section        0  oled.o(i.OLED_ShowChar)
    i.OLED_ShowString                        0x08002540   Section        0  oled.o(i.OLED_ShowString)
    i.OLED_WR_Byte                           0x0800257c   Section        0  oled.o(i.OLED_WR_Byte)
    i.PendSV_Handler                         0x080025b2   Section        0  stm32f1xx_it.o(i.PendSV_Handler)
    i.SVC_Handler                            0x080025b4   Section        0  stm32f1xx_it.o(i.SVC_Handler)
    i.Send_Byte                              0x080025b8   Section        0  oled.o(i.Send_Byte)
    i.SysTick_Handler                        0x0800260c   Section        0  stm32f1xx_it.o(i.SysTick_Handler)
    i.SystemClock_Config                     0x08002610   Section        0  main.o(i.SystemClock_Config)
    i.SystemInit                             0x08002666   Section        0  system_stm32f1xx.o(i.SystemInit)
    i.TIM1_UP_IRQHandler                     0x08002668   Section        0  stm32f1xx_it.o(i.TIM1_UP_IRQHandler)
    i.TIM2_IRQHandler                        0x08002674   Section        0  stm32f1xx_it.o(i.TIM2_IRQHandler)
    i.TIM3_IRQHandler                        0x08002680   Section        0  stm32f1xx_it.o(i.TIM3_IRQHandler)
    i.TIM4_IRQHandler                        0x0800268c   Section        0  stm32f1xx_it.o(i.TIM4_IRQHandler)
    i.TIM_Base_SetConfig                     0x08002698   Section        0  stm32f1xx_hal_tim.o(i.TIM_Base_SetConfig)
    i.TIM_CCxChannelCmd                      0x08002704   Section        0  stm32f1xx_hal_tim.o(i.TIM_CCxChannelCmd)
    i.TIM_ETR_SetConfig                      0x0800271e   Section        0  stm32f1xx_hal_tim.o(i.TIM_ETR_SetConfig)
    i.TIM_ITRx_SetConfig                     0x08002732   Section        0  stm32f1xx_hal_tim.o(i.TIM_ITRx_SetConfig)
    TIM_ITRx_SetConfig                       0x08002733   Thumb Code    16  stm32f1xx_hal_tim.o(i.TIM_ITRx_SetConfig)
    i.TIM_OC1_SetConfig                      0x08002744   Section        0  stm32f1xx_hal_tim.o(i.TIM_OC1_SetConfig)
    TIM_OC1_SetConfig                        0x08002745   Thumb Code    82  stm32f1xx_hal_tim.o(i.TIM_OC1_SetConfig)
    i.TIM_OC2_SetConfig                      0x0800279c   Section        0  stm32f1xx_hal_tim.o(i.TIM_OC2_SetConfig)
    i.TIM_OC3_SetConfig                      0x080027f8   Section        0  stm32f1xx_hal_tim.o(i.TIM_OC3_SetConfig)
    TIM_OC3_SetConfig                        0x080027f9   Thumb Code    84  stm32f1xx_hal_tim.o(i.TIM_OC3_SetConfig)
    i.TIM_OC4_SetConfig                      0x08002850   Section        0  stm32f1xx_hal_tim.o(i.TIM_OC4_SetConfig)
    TIM_OC4_SetConfig                        0x08002851   Thumb Code    64  stm32f1xx_hal_tim.o(i.TIM_OC4_SetConfig)
    i.TIM_TI1_ConfigInputStage               0x08002894   Section        0  stm32f1xx_hal_tim.o(i.TIM_TI1_ConfigInputStage)
    TIM_TI1_ConfigInputStage                 0x08002895   Thumb Code    34  stm32f1xx_hal_tim.o(i.TIM_TI1_ConfigInputStage)
    i.TIM_TI2_ConfigInputStage               0x080028b6   Section        0  stm32f1xx_hal_tim.o(i.TIM_TI2_ConfigInputStage)
    TIM_TI2_ConfigInputStage                 0x080028b7   Thumb Code    36  stm32f1xx_hal_tim.o(i.TIM_TI2_ConfigInputStage)
    i.UART_DMAAbortOnError                   0x080028da   Section        0  stm32f1xx_hal_uart.o(i.UART_DMAAbortOnError)
    UART_DMAAbortOnError                     0x080028db   Thumb Code    16  stm32f1xx_hal_uart.o(i.UART_DMAAbortOnError)
    i.UART_EndRxTransfer                     0x080028ea   Section        0  stm32f1xx_hal_uart.o(i.UART_EndRxTransfer)
    UART_EndRxTransfer                       0x080028eb   Thumb Code    28  stm32f1xx_hal_uart.o(i.UART_EndRxTransfer)
    i.UART_Receive_IT                        0x08002906   Section        0  stm32f1xx_hal_uart.o(i.UART_Receive_IT)
    UART_Receive_IT                          0x08002907   Thumb Code   140  stm32f1xx_hal_uart.o(i.UART_Receive_IT)
    i.UART_SetConfig                         0x08002994   Section        0  stm32f1xx_hal_uart.o(i.UART_SetConfig)
    UART_SetConfig                           0x08002995   Thumb Code   178  stm32f1xx_hal_uart.o(i.UART_SetConfig)
    i.USART1_IRQHandler                      0x08002a4c   Section        0  stm32f1xx_it.o(i.USART1_IRQHandler)
    i.USART2_IRQHandler                      0x08002a58   Section        0  stm32f1xx_it.o(i.USART2_IRQHandler)
    i.USART3_IRQHandler                      0x08002a64   Section        0  stm32f1xx_it.o(i.USART3_IRQHandler)
    i.UsageFault_Handler                     0x08002a70   Section        0  stm32f1xx_it.o(i.UsageFault_Handler)
    i.__0sprintf                             0x08002a74   Section        0  printfa.o(i.__0sprintf)
    i.__NVIC_SetPriority                     0x08002a9c   Section        0  stm32f1xx_hal_cortex.o(i.__NVIC_SetPriority)
    __NVIC_SetPriority                       0x08002a9d   Thumb Code    32  stm32f1xx_hal_cortex.o(i.__NVIC_SetPriority)
    i.__scatterload_copy                     0x08002abc   Section       14  handlers.o(i.__scatterload_copy)
    i.__scatterload_null                     0x08002aca   Section        2  handlers.o(i.__scatterload_null)
    i.__scatterload_zeroinit                 0x08002acc   Section       14  handlers.o(i.__scatterload_zeroinit)
    i._fp_digits                             0x08002adc   Section        0  printfa.o(i._fp_digits)
    _fp_digits                               0x08002add   Thumb Code   366  printfa.o(i._fp_digits)
    i._printf_core                           0x08002c60   Section        0  printfa.o(i._printf_core)
    _printf_core                             0x08002c61   Thumb Code  1744  printfa.o(i._printf_core)
    i._printf_post_padding                   0x0800333c   Section        0  printfa.o(i._printf_post_padding)
    _printf_post_padding                     0x0800333d   Thumb Code    36  printfa.o(i._printf_post_padding)
    i._printf_pre_padding                    0x08003360   Section        0  printfa.o(i._printf_pre_padding)
    _printf_pre_padding                      0x08003361   Thumb Code    46  printfa.o(i._printf_pre_padding)
    i._sputc                                 0x0800338e   Section        0  printfa.o(i._sputc)
    _sputc                                   0x0800338f   Thumb Code    10  printfa.o(i._sputc)
    i.bt_clamp_motor_pwm                     0x08003398   Section        0  bt_remote.o(i.bt_clamp_motor_pwm)
    bt_clamp_motor_pwm                       0x08003399   Thumb Code    18  bt_remote.o(i.bt_clamp_motor_pwm)
    i.bt_direction                           0x080033ac   Section        0  bt_remote.o(i.bt_direction)
    bt_direction                             0x080033ad   Thumb Code    18  bt_remote.o(i.bt_direction)
    i.bt_limit_yaw_corr                      0x080033c4   Section        0  bt_remote.o(i.bt_limit_yaw_corr)
    bt_limit_yaw_corr                        0x080033c5   Thumb Code    18  bt_remote.o(i.bt_limit_yaw_corr)
    i.bt_record_motion                       0x080033e0   Section        0  bt_remote.o(i.bt_record_motion)
    bt_record_motion                         0x080033e1   Thumb Code    30  bt_remote.o(i.bt_record_motion)
    i.bt_remote_on_rx_byte                   0x08003404   Section        0  bt_remote.o(i.bt_remote_on_rx_byte)
    i.bt_remote_on_uart_error                0x08003414   Section        0  bt_remote.o(i.bt_remote_on_uart_error)
    i.bt_remote_parse_data                   0x08003444   Section        0  bt_remote.o(i.bt_remote_parse_data)
    i.bt_remote_reset                        0x080035d8   Section        0  bt_remote.o(i.bt_remote_reset)
    i.bt_remote_show_status                  0x08003648   Section        0  bt_remote.o(i.bt_remote_show_status)
    i.bt_remote_start_rx                     0x080036e8   Section        0  bt_remote.o(i.bt_remote_start_rx)
    i.bt_remote_update                       0x080036fc   Section        0  bt_remote.o(i.bt_remote_update)
    i.bt_stop                                0x08003964   Section        0  bt_remote.o(i.bt_stop)
    bt_stop                                  0x08003965   Thumb Code    14  bt_remote.o(i.bt_stop)
    i.bt_yaw_add                             0x08003978   Section        0  bt_remote.o(i.bt_yaw_add)
    bt_yaw_add                               0x08003979   Thumb Code    38  bt_remote.o(i.bt_yaw_add)
    i.bt_yaw_error                           0x080039ac   Section        0  bt_remote.o(i.bt_yaw_error)
    bt_yaw_error                             0x080039ad   Thumb Code    38  bt_remote.o(i.bt_yaw_error)
    i.buzzer_beep                            0x080039e0   Section        0  main.o(i.buzzer_beep)
    buzzer_beep                              0x080039e1   Thumb Code    56  main.o(i.buzzer_beep)
    i.clamp_motor_pwm                        0x08003a1c   Section        0  main.o(i.clamp_motor_pwm)
    clamp_motor_pwm                          0x08003a1d   Thumb Code    18  main.o(i.clamp_motor_pwm)
    i.encoder_exti_callback                  0x08003a30   Section        0  encoder.o(i.encoder_exti_callback)
    i.encoder_read_state                     0x08003a90   Section        0  encoder.o(i.encoder_read_state)
    encoder_read_state                       0x08003a91   Thumb Code    40  encoder.o(i.encoder_read_state)
    i.encoder_step                           0x08003ab8   Section        0  encoder.o(i.encoder_step)
    encoder_step                             0x08003ab9   Thumb Code    10  encoder.o(i.encoder_step)
    i.find_abs                               0x08003ac8   Section        0  motor.o(i.find_abs)
    i.is_remote_control_mode                 0x08003ad0   Section        0  main.o(i.is_remote_control_mode)
    is_remote_control_mode                   0x08003ad1   Thumb Code    16  main.o(i.is_remote_control_mode)
    i.jy61p_ReceiveData                      0x08003ae0   Section        0  jy61p.o(i.jy61p_ReceiveData)
    i.key_pressed                            0x08003bbc   Section        0  main.o(i.key_pressed)
    key_pressed                              0x08003bbd   Thumb Code    62  main.o(i.key_pressed)
    i.key_scan                               0x08003bfc   Section        0  key.o(i.key_scan)
    i.limit_motor_pwm                        0x08003c80   Section        0  motor.o(i.limit_motor_pwm)
    i.line_clamp_motor_pwm                   0x08003caa   Section        0  line_task.o(i.line_clamp_motor_pwm)
    line_clamp_motor_pwm                     0x08003cab   Thumb Code    18  line_task.o(i.line_clamp_motor_pwm)
    i.line_err                               0x08003cbc   Section        0  line.o(i.line_err)
    i.line_is_black                          0x08003d00   Section        0  line.o(i.line_is_black)
    line_is_black                            0x08003d01   Thumb Code    10  line.o(i.line_is_black)
    i.line_pid_control                       0x08003d0c   Section        0  control.o(i.line_pid_control)
    i.line_pid_realize                       0x08003d30   Section        0  pid.o(i.line_pid_realize)
    i.line_read_state                        0x08003dac   Section        0  line.o(i.line_read_state)
    i.line_speed_control                     0x08003e60   Section        0  control.o(i.line_speed_control)
    i.line_task_count_beep                   0x08003ed4   Section        0  line_task.o(i.line_task_count_beep)
    line_task_count_beep                     0x08003ed5   Thumb Code    54  line_task.o(i.line_task_count_beep)
    i.line_task_increment_target             0x08003f10   Section        0  line_task.o(i.line_task_increment_target)
    i.line_task_is_circle_mode               0x08003f20   Section        0  line_task.o(i.line_task_is_circle_mode)
    line_task_is_circle_mode                 0x08003f21   Thumb Code    14  line_task.o(i.line_task_is_circle_mode)
    i.line_task_is_manual_mode               0x08003f2e   Section        0  line_task.o(i.line_task_is_manual_mode)
    line_task_is_manual_mode                 0x08003f2f   Thumb Code    12  line_task.o(i.line_task_is_manual_mode)
    i.line_task_is_mode                      0x08003f3a   Section        0  line_task.o(i.line_task_is_mode)
    i.line_task_reset                        0x08003f52   Section        0  line_task.o(i.line_task_reset)
    i.line_task_start                        0x08003f70   Section        0  line_task.o(i.line_task_start)
    i.line_task_stop                         0x08003fa4   Section        0  line_task.o(i.line_task_stop)
    i.line_task_turn_dir                     0x08003fb4   Section        0  line_task.o(i.line_task_turn_dir)
    line_task_turn_dir                       0x08003fb5   Thumb Code    12  line_task.o(i.line_task_turn_dir)
    i.line_task_update                       0x08003fc0   Section        0  line_task.o(i.line_task_update)
    i.load_motor_pwm                         0x080041c8   Section        0  motor.o(i.load_motor_pwm)
    i.location1_pid_control                  0x0800423c   Section        0  control.o(i.location1_pid_control)
    i.location2_pid_control                  0x08004270   Section        0  control.o(i.location2_pid_control)
    i.location_pid_realize                   0x080042a4   Section        0  pid.o(i.location_pid_realize)
    i.location_speed_control                 0x080042f8   Section        0  control.o(i.location_speed_control)
    i.main                                   0x0800435c   Section        0  main.o(i.main)
    i.menu_beep                              0x0800485c   Section        0  menu.o(i.menu_beep)
    menu_beep                                0x0800485d   Thumb Code    56  menu.o(i.menu_beep)
    i.menu_draw_group                        0x08004898   Section        0  menu.o(i.menu_draw_group)
    menu_draw_group                          0x08004899   Thumb Code   108  menu.o(i.menu_draw_group)
    i.menu_draw_submenu                      0x08004934   Section        0  menu.o(i.menu_draw_submenu)
    menu_draw_submenu                        0x08004935   Thumb Code   124  menu.o(i.menu_draw_submenu)
    i.menu_get_mode_name                     0x080049d0   Section        0  menu.o(i.menu_get_mode_name)
    i.menu_select_submenu                    0x080049ec   Section        0  menu.o(i.menu_select_submenu)
    menu_select_submenu                      0x080049ed   Thumb Code   146  menu.o(i.menu_select_submenu)
    i.menu_show_status                       0x08004aa0   Section        0  menu.o(i.menu_show_status)
    i.menu_start_select                      0x08004bb8   Section        0  menu.o(i.menu_start_select)
    i.motors_stop_safe                       0x08004bfe   Section        0  main.o(i.motors_stop_safe)
    motors_stop_safe                         0x08004bff   Thumb Code    22  main.o(i.motors_stop_safe)
    i.pid_param_init                         0x08004c14   Section        0  pid.o(i.pid_param_init)
    i.read_pluse                             0x08004cac   Section        0  encoder.o(i.read_pluse)
    i.reset_yaw_target                       0x08004ce8   Section        0  main.o(i.reset_yaw_target)
    reset_yaw_target                         0x08004ce9   Thumb Code    22  main.o(i.reset_yaw_target)
    i.set_motor1_disable                     0x08004d04   Section        0  motor.o(i.set_motor1_disable)
    i.set_motor1_enable                      0x08004d1c   Section        0  motor.o(i.set_motor1_enable)
    i.set_motor2_disable                     0x08004d34   Section        0  motor.o(i.set_motor2_disable)
    i.set_motor2_enable                      0x08004d4c   Section        0  motor.o(i.set_motor2_enable)
    i.set_p_i_d                              0x08004d64   Section        0  pid.o(i.set_p_i_d)
    i.set_pid_target                         0x08004d6c   Section        0  pid.o(i.set_pid_target)
    i.speed1_pid_control                     0x08004d70   Section        0  control.o(i.speed1_pid_control)
    i.speed2_pid_control                     0x08004dbc   Section        0  control.o(i.speed2_pid_control)
    i.speed_pid_realize                      0x08004e08   Section        0  pid.o(i.speed_pid_realize)
    i.task_led_off                           0x08004e80   Section        0  main.o(i.task_led_off)
    task_led_off                             0x08004e81   Thumb Code    10  main.o(i.task_led_off)
    i.task_led_on                            0x08004e90   Section        0  main.o(i.task_led_on)
    task_led_on                              0x08004e91   Thumb Code    10  main.o(i.task_led_on)
    i.turn_angle_pid_control                 0x08004ea0   Section        0  control.o(i.turn_angle_pid_control)
    i.turn_angle_pid_realize                 0x08004ed8   Section        0  pid.o(i.turn_angle_pid_realize)
    i.turn_angle_speed_control               0x08004f84   Section        0  control.o(i.turn_angle_speed_control)
    .constdata                               0x08004fe8   Section       16  system_stm32f1xx.o(.constdata)
    .constdata                               0x08004ff8   Section        8  system_stm32f1xx.o(.constdata)
    .constdata                               0x08005000   Section     7696  oled.o(.constdata)
    .constdata                               0x08006e10   Section       16  encoder.o(.constdata)
    table                                    0x08006e10   Data          16  encoder.o(.constdata)
    .constdata                               0x08006e20   Section       40  menu.o(.constdata)
    s_line_menu_items                        0x08006e20   Data          24  menu.o(.constdata)
    s_bt_menu_items                          0x08006e38   Data          16  menu.o(.constdata)
    .constdata                               0x08006e48   Section        8  line.o(.constdata)
    weight                                   0x08006e48   Data           8  line.o(.constdata)
    .conststring                             0x08006e50   Section       76  menu.o(.conststring)
    .data                                    0x20000000   Section        1  main.o(.data)
    .data                                    0x20000001   Section        1  stm32f1xx_it.o(.data)
    .data                                    0x20000004   Section       12  stm32f1xx_hal.o(.data)
    .data                                    0x20000010   Section        4  system_stm32f1xx.o(.data)
    .data                                    0x20000014   Section        2  motor.o(.data)
    .data                                    0x20000018   Section       12  encoder.o(.data)
    g_encoder_a_state                        0x20000018   Data           1  encoder.o(.data)
    g_encoder_b_state                        0x20000019   Data           1  encoder.o(.data)
    g_encoder_a_count                        0x2000001c   Data           4  encoder.o(.data)
    g_encoder_b_count                        0x20000020   Data           4  encoder.o(.data)
    .data                                    0x20000024   Section       72  control.o(.data)
    .data                                    0x2000006c   Section       28  jy61p.o(.data)
    RxIndex                                  0x2000006c   Data           1  jy61p.o(.data)
    .data                                    0x20000088   Section        4  jy61p.o(.data)
    .data                                    0x2000008c   Section        1  jy61p.o(.data)
    .data                                    0x20000090   Section        4  jy61p.o(.data)
    .data                                    0x20000094   Section        4  jy61p.o(.data)
    .data                                    0x20000098   Section        1  key.o(.data)
    key_up                                   0x20000098   Data           1  key.o(.data)
    .data                                    0x2000009c   Section       28  menu.o(.data)
    s_group_names                            0x2000009c   Data           8  menu.o(.data)
    s_mode_names                             0x200000a4   Data          20  menu.o(.data)
    .data                                    0x200000b8   Section        8  line.o(.data)
    .data                                    0x200000c0   Section       20  bt_remote.o(.data)
    s_wait_command_level                     0x200000cb   Data           1  bt_remote.o(.data)
    .bss                                     0x200000d4   Section       50  main.o(.bss)
    .bss                                     0x20000108   Section      288  tim.o(.bss)
    .bss                                     0x20000228   Section      192  usart.o(.bss)
    .bss                                     0x200002e8   Section     1152  oled.o(.bss)
    .bss                                     0x20000768   Section      192  pid.o(.bss)
    .bss                                     0x20000828   Section       11  jy61p.o(.bss)
    RxBuffer                                 0x20000828   Data          11  jy61p.o(.bss)
    STACK                                    0x20000838   Section     1024  startup_stm32f103xb.o(STACK)

    Global Symbols

    Symbol Name                              Value     Ov Type        Size  Object(Section)

    BuildAttributes$$THM_ISAv4$P$D$K$B$S$PE$A:L22UL41UL21$X:L11$S22US41US21$IEEE1$IW$USESV6$~STKCKD$USESV7$~SHL$OTIME$ROPI$IEEEX$EBA8$MICROLIB$REQ8$PRES8$EABIv2 0x00000000   Number         0  anon$$obj.o ABSOLUTE
    __ARM_use_no_argv                        0x00000000   Number         0  main.o ABSOLUTE
    _printf_a                                0x00000000   Number         0  stubs.o ABSOLUTE
    _printf_c                                0x00000000   Number         0  stubs.o ABSOLUTE
    _printf_charcount                        0x00000000   Number         0  stubs.o ABSOLUTE
    _printf_d                                0x00000000   Number         0  stubs.o ABSOLUTE
    _printf_e                                0x00000000   Number         0  stubs.o ABSOLUTE
    _printf_f                                0x00000000   Number         0  stubs.o ABSOLUTE
    _printf_flags                            0x00000000   Number         0  stubs.o ABSOLUTE
    _printf_fp_dec                           0x00000000   Number         0  stubs.o ABSOLUTE
    _printf_fp_hex                           0x00000000   Number         0  stubs.o ABSOLUTE
    _printf_g                                0x00000000   Number         0  stubs.o ABSOLUTE
    _printf_i                                0x00000000   Number         0  stubs.o ABSOLUTE
    _printf_int_dec                          0x00000000   Number         0  stubs.o ABSOLUTE
    _printf_l                                0x00000000   Number         0  stubs.o ABSOLUTE
    _printf_lc                               0x00000000   Number         0  stubs.o ABSOLUTE
    _printf_ll                               0x00000000   Number         0  stubs.o ABSOLUTE
    _printf_lld                              0x00000000   Number         0  stubs.o ABSOLUTE
    _printf_lli                              0x00000000   Number         0  stubs.o ABSOLUTE
    _printf_llo                              0x00000000   Number         0  stubs.o ABSOLUTE
    _printf_llu                              0x00000000   Number         0  stubs.o ABSOLUTE
    _printf_llx                              0x00000000   Number         0  stubs.o ABSOLUTE
    _printf_longlong_dec                     0x00000000   Number         0  stubs.o ABSOLUTE
    _printf_longlong_hex                     0x00000000   Number         0  stubs.o ABSOLUTE
    _printf_longlong_oct                     0x00000000   Number         0  stubs.o ABSOLUTE
    _printf_ls                               0x00000000   Number         0  stubs.o ABSOLUTE
    _printf_mbtowc                           0x00000000   Number         0  stubs.o ABSOLUTE
    _printf_n                                0x00000000   Number         0  stubs.o ABSOLUTE
    _printf_o                                0x00000000   Number         0  stubs.o ABSOLUTE
    _printf_p                                0x00000000   Number         0  stubs.o ABSOLUTE
    _printf_percent                          0x00000000   Number         0  stubs.o ABSOLUTE
    _printf_pre_padding                      0x00000000   Number         0  stubs.o ABSOLUTE
    _printf_return_value                     0x00000000   Number         0  stubs.o ABSOLUTE
    _printf_s                                0x00000000   Number         0  stubs.o ABSOLUTE
    _printf_sizespec                         0x00000000   Number         0  stubs.o ABSOLUTE
    _printf_str                              0x00000000   Number         0  stubs.o ABSOLUTE
    _printf_truncate_signed                  0x00000000   Number         0  stubs.o ABSOLUTE
    _printf_truncate_unsigned                0x00000000   Number         0  stubs.o ABSOLUTE
    _printf_u                                0x00000000   Number         0  stubs.o ABSOLUTE
    _printf_wc                               0x00000000   Number         0  stubs.o ABSOLUTE
    _printf_wctomb                           0x00000000   Number         0  stubs.o ABSOLUTE
    _printf_widthprec                        0x00000000   Number         0  stubs.o ABSOLUTE
    _printf_x                                0x00000000   Number         0  stubs.o ABSOLUTE
    __cpp_initialize__aeabi_                  - Undefined Weak Reference
    __cxa_finalize                            - Undefined Weak Reference
    __decompress                              - Undefined Weak Reference
    _clock_init                               - Undefined Weak Reference
    _microlib_exit                            - Undefined Weak Reference
    __Vectors_Size                           0x000000ec   Number         0  startup_stm32f103xb.o ABSOLUTE
    __Vectors                                0x08000000   Data           4  startup_stm32f103xb.o(RESET)
    __Vectors_End                            0x080000ec   Data           0  startup_stm32f103xb.o(RESET)
    __main                                   0x080000ed   Thumb Code     0  entry.o(.ARM.Collect$$$$00000000)
    _main_stk                                0x080000ed   Thumb Code     0  entry2.o(.ARM.Collect$$$$00000001)
    _main_scatterload                        0x080000f1   Thumb Code     0  entry5.o(.ARM.Collect$$$$00000004)
    __main_after_scatterload                 0x080000f5   Thumb Code     0  entry5.o(.ARM.Collect$$$$00000004)
    _main_clock                              0x080000f5   Thumb Code     0  entry7b.o(.ARM.Collect$$$$00000008)
    _main_cpp_init                           0x080000f5   Thumb Code     0  entry8b.o(.ARM.Collect$$$$0000000A)
    _main_init                               0x080000f5   Thumb Code     0  entry9a.o(.ARM.Collect$$$$0000000B)
    __rt_final_cpp                           0x080000fd   Thumb Code     0  entry10a.o(.ARM.Collect$$$$0000000D)
    __rt_final_exit                          0x080000fd   Thumb Code     0  entry11a.o(.ARM.Collect$$$$0000000F)
    Reset_Handler                            0x08000101   Thumb Code     8  startup_stm32f103xb.o(.text)
    ADC1_2_IRQHandler                        0x0800011b   Thumb Code     0  startup_stm32f103xb.o(.text)
    CAN1_RX1_IRQHandler                      0x0800011b   Thumb Code     0  startup_stm32f103xb.o(.text)
    CAN1_SCE_IRQHandler                      0x0800011b   Thumb Code     0  startup_stm32f103xb.o(.text)
    DMA1_Channel1_IRQHandler                 0x0800011b   Thumb Code     0  startup_stm32f103xb.o(.text)
    DMA1_Channel2_IRQHandler                 0x0800011b   Thumb Code     0  startup_stm32f103xb.o(.text)
    DMA1_Channel3_IRQHandler                 0x0800011b   Thumb Code     0  startup_stm32f103xb.o(.text)
    DMA1_Channel4_IRQHandler                 0x0800011b   Thumb Code     0  startup_stm32f103xb.o(.text)
    DMA1_Channel5_IRQHandler                 0x0800011b   Thumb Code     0  startup_stm32f103xb.o(.text)
    DMA1_Channel6_IRQHandler                 0x0800011b   Thumb Code     0  startup_stm32f103xb.o(.text)
    DMA1_Channel7_IRQHandler                 0x0800011b   Thumb Code     0  startup_stm32f103xb.o(.text)
    EXTI0_IRQHandler                         0x0800011b   Thumb Code     0  startup_stm32f103xb.o(.text)
    EXTI3_IRQHandler                         0x0800011b   Thumb Code     0  startup_stm32f103xb.o(.text)
    EXTI4_IRQHandler                         0x0800011b   Thumb Code     0  startup_stm32f103xb.o(.text)
    FLASH_IRQHandler                         0x0800011b   Thumb Code     0  startup_stm32f103xb.o(.text)
    I2C1_ER_IRQHandler                       0x0800011b   Thumb Code     0  startup_stm32f103xb.o(.text)
    I2C1_EV_IRQHandler                       0x0800011b   Thumb Code     0  startup_stm32f103xb.o(.text)
    I2C2_ER_IRQHandler                       0x0800011b   Thumb Code     0  startup_stm32f103xb.o(.text)
    I2C2_EV_IRQHandler                       0x0800011b   Thumb Code     0  startup_stm32f103xb.o(.text)
    PVD_IRQHandler                           0x0800011b   Thumb Code     0  startup_stm32f103xb.o(.text)
    RCC_IRQHandler                           0x0800011b   Thumb Code     0  startup_stm32f103xb.o(.text)
    RTC_Alarm_IRQHandler                     0x0800011b   Thumb Code     0  startup_stm32f103xb.o(.text)
    RTC_IRQHandler                           0x0800011b   Thumb Code     0  startup_stm32f103xb.o(.text)
    SPI1_IRQHandler                          0x0800011b   Thumb Code     0  startup_stm32f103xb.o(.text)
    SPI2_IRQHandler                          0x0800011b   Thumb Code     0  startup_stm32f103xb.o(.text)
    TAMPER_IRQHandler                        0x0800011b   Thumb Code     0  startup_stm32f103xb.o(.text)
    TIM1_BRK_IRQHandler                      0x0800011b   Thumb Code     0  startup_stm32f103xb.o(.text)
    TIM1_CC_IRQHandler                       0x0800011b   Thumb Code     0  startup_stm32f103xb.o(.text)
    TIM1_TRG_COM_IRQHandler                  0x0800011b   Thumb Code     0  startup_stm32f103xb.o(.text)
    USBWakeUp_IRQHandler                     0x0800011b   Thumb Code     0  startup_stm32f103xb.o(.text)
    USB_HP_CAN1_TX_IRQHandler                0x0800011b   Thumb Code     0  startup_stm32f103xb.o(.text)
    USB_LP_CAN1_RX0_IRQHandler               0x0800011b   Thumb Code     0  startup_stm32f103xb.o(.text)
    WWDG_IRQHandler                          0x0800011b   Thumb Code     0  startup_stm32f103xb.o(.text)
    __aeabi_llsr                             0x08000125   Thumb Code    32  llushr.o(.text)
    _ll_ushift_r                             0x08000125   Thumb Code     0  llushr.o(.text)
    __aeabi_memset                           0x08000145   Thumb Code    14  memseta.o(.text)
    __aeabi_memset4                          0x08000145   Thumb Code     0  memseta.o(.text)
    __aeabi_memset8                          0x08000145   Thumb Code     0  memseta.o(.text)
    __aeabi_memclr                           0x08000153   Thumb Code     4  memseta.o(.text)
    __aeabi_memclr4                          0x08000153   Thumb Code     0  memseta.o(.text)
    __aeabi_memclr8                          0x08000153   Thumb Code     0  memseta.o(.text)
    _memset$wrapper                          0x08000157   Thumb Code    18  memseta.o(.text)
    __aeabi_fadd                             0x08000169   Thumb Code   164  fadd.o(.text)
    __aeabi_fsub                             0x0800020d   Thumb Code     6  fadd.o(.text)
    __aeabi_frsub                            0x08000213   Thumb Code     6  fadd.o(.text)
    __aeabi_fmul                             0x08000219   Thumb Code   100  fmul.o(.text)
    __ARM_scalbnf                            0x0800027d   Thumb Code    24  fscalb.o(.text)
    scalbnf                                  0x0800027d   Thumb Code     0  fscalb.o(.text)
    __aeabi_dadd                             0x08000295   Thumb Code   322  dadd.o(.text)
    __aeabi_dsub                             0x080003d7   Thumb Code     6  dadd.o(.text)
    __aeabi_drsub                            0x080003dd   Thumb Code     6  dadd.o(.text)
    __aeabi_dmul                             0x080003e3   Thumb Code   228  dmul.o(.text)
    __aeabi_ddiv                             0x080004c7   Thumb Code   222  ddiv.o(.text)
    __aeabi_i2f                              0x080005a5   Thumb Code    18  fflti.o(.text)
    __aeabi_i2d                              0x080005b7   Thumb Code    34  dflti.o(.text)
    __aeabi_f2iz                             0x080005d9   Thumb Code    50  ffixi.o(.text)
    __aeabi_d2iz                             0x0800060b   Thumb Code    62  dfixi.o(.text)
    __aeabi_f2d                              0x08000649   Thumb Code    38  f2d.o(.text)
    __aeabi_d2f                              0x0800066f   Thumb Code    56  d2f.o(.text)
    __aeabi_uidiv                            0x080006a7   Thumb Code     0  uidiv.o(.text)
    __aeabi_uidivmod                         0x080006a7   Thumb Code    44  uidiv.o(.text)
    __aeabi_uldivmod                         0x080006d3   Thumb Code    98  uldiv.o(.text)
    __aeabi_llsl                             0x08000735   Thumb Code    30  llshl.o(.text)
    _ll_shift_l                              0x08000735   Thumb Code     0  llshl.o(.text)
    __aeabi_lasr                             0x08000753   Thumb Code    36  llsshr.o(.text)
    _ll_sshift_r                             0x08000753   Thumb Code     0  llsshr.o(.text)
    __I$use$fp                               0x08000777   Thumb Code     0  iusefp.o(.text)
    _float_round                             0x08000777   Thumb Code    18  fepilogue.o(.text)
    _float_epilogue                          0x08000789   Thumb Code    92  fepilogue.o(.text)
    _double_round                            0x080007e5   Thumb Code    30  depilogue.o(.text)
    _double_epilogue                         0x08000803   Thumb Code   156  depilogue.o(.text)
    __aeabi_d2ulz                            0x0800089f   Thumb Code    48  dfixul.o(.text)
    __aeabi_cdrcmple                         0x080008d1   Thumb Code    48  cdrcmple.o(.text)
    __scatterload                            0x08000901   Thumb Code    28  init.o(.text)
    __scatterload_rt2                        0x08000901   Thumb Code     0  init.o(.text)
    BusFault_Handler                         0x08000925   Thumb Code     2  stm32f1xx_it.o(i.BusFault_Handler)
    DebugMon_Handler                         0x08000927   Thumb Code     2  stm32f1xx_it.o(i.DebugMon_Handler)
    EXTI15_10_IRQHandler                     0x08000929   Thumb Code     8  stm32f1xx_it.o(i.EXTI15_10_IRQHandler)
    EXTI1_IRQHandler                         0x08000931   Thumb Code     6  stm32f1xx_it.o(i.EXTI1_IRQHandler)
    EXTI2_IRQHandler                         0x08000937   Thumb Code     6  stm32f1xx_it.o(i.EXTI2_IRQHandler)
    EXTI9_5_IRQHandler                       0x0800093d   Thumb Code     8  stm32f1xx_it.o(i.EXTI9_5_IRQHandler)
    Error_Handler                            0x08000945   Thumb Code    36  main.o(i.Error_Handler)
    HAL_DMA_Abort                            0x08000971   Thumb Code    70  stm32f1xx_hal_dma.o(i.HAL_DMA_Abort)
    HAL_DMA_Abort_IT                         0x080009b9   Thumb Code   148  stm32f1xx_hal_dma.o(i.HAL_DMA_Abort_IT)
    HAL_DMA_GetError                         0x08000a51   Thumb Code     4  stm32f1xx_hal_dma.o(i.HAL_DMA_GetError)
    HAL_Delay                                0x08000a55   Thumb Code    32  stm32f1xx_hal.o(i.HAL_Delay)
    HAL_GPIO_EXTI_Callback                   0x08000a79   Thumb Code     4  stm32f1xx_it.o(i.HAL_GPIO_EXTI_Callback)
    HAL_GPIO_EXTI_IRQHandler                 0x08000a7d   Thumb Code    18  stm32f1xx_hal_gpio.o(i.HAL_GPIO_EXTI_IRQHandler)
    HAL_GPIO_Init                            0x08000a95   Thumb Code   426  stm32f1xx_hal_gpio.o(i.HAL_GPIO_Init)
    HAL_GPIO_ReadPin                         0x08000c61   Thumb Code    10  stm32f1xx_hal_gpio.o(i.HAL_GPIO_ReadPin)
    HAL_GPIO_TogglePin                       0x08000c6b   Thumb Code    16  stm32f1xx_hal_gpio.o(i.HAL_GPIO_TogglePin)
    HAL_GPIO_WritePin                        0x08000c7b   Thumb Code    10  stm32f1xx_hal_gpio.o(i.HAL_GPIO_WritePin)
    HAL_GetTick                              0x08000c85   Thumb Code     6  stm32f1xx_hal.o(i.HAL_GetTick)
    HAL_IncTick                              0x08000c91   Thumb Code    12  stm32f1xx_hal.o(i.HAL_IncTick)
    HAL_Init                                 0x08000ca1   Thumb Code    32  stm32f1xx_hal.o(i.HAL_Init)
    HAL_InitTick                             0x08000cc5   Thumb Code    54  stm32f1xx_hal.o(i.HAL_InitTick)
    HAL_MspInit                              0x08000d05   Thumb Code    58  stm32f1xx_hal_msp.o(i.HAL_MspInit)
    HAL_NVIC_EnableIRQ                       0x08000d49   Thumb Code    26  stm32f1xx_hal_cortex.o(i.HAL_NVIC_EnableIRQ)
    HAL_NVIC_SetPriority                     0x08000d65   Thumb Code    60  stm32f1xx_hal_cortex.o(i.HAL_NVIC_SetPriority)
    HAL_NVIC_SetPriorityGrouping             0x08000da5   Thumb Code    26  stm32f1xx_hal_cortex.o(i.HAL_NVIC_SetPriorityGrouping)
    HAL_RCC_ClockConfig                      0x08000dc9   Thumb Code   292  stm32f1xx_hal_rcc.o(i.HAL_RCC_ClockConfig)
    HAL_RCC_GetPCLK1Freq                     0x08000f01   Thumb Code    20  stm32f1xx_hal_rcc.o(i.HAL_RCC_GetPCLK1Freq)
    HAL_RCC_GetPCLK2Freq                     0x08000f21   Thumb Code    20  stm32f1xx_hal_rcc.o(i.HAL_RCC_GetPCLK2Freq)
    HAL_RCC_GetSysClockFreq                  0x08000f41   Thumb Code    74  stm32f1xx_hal_rcc.o(i.HAL_RCC_GetSysClockFreq)
    HAL_RCC_OscConfig                        0x08000fad   Thumb Code   770  stm32f1xx_hal_rcc.o(i.HAL_RCC_OscConfig)
    HAL_SYSTICK_Config                       0x080012c5   Thumb Code    40  stm32f1xx_hal_cortex.o(i.HAL_SYSTICK_Config)
    HAL_TIMEx_BreakCallback                  0x080012ed   Thumb Code     2  stm32f1xx_hal_tim_ex.o(i.HAL_TIMEx_BreakCallback)
    HAL_TIMEx_CommutCallback                 0x080012ef   Thumb Code     2  stm32f1xx_hal_tim_ex.o(i.HAL_TIMEx_CommutCallback)
    HAL_TIMEx_MasterConfigSynchronization    0x080012f1   Thumb Code    92  stm32f1xx_hal_tim_ex.o(i.HAL_TIMEx_MasterConfigSynchronization)
    HAL_TIM_Base_Init                        0x08001359   Thumb Code    90  stm32f1xx_hal_tim.o(i.HAL_TIM_Base_Init)
    HAL_TIM_Base_MspInit                     0x080013b5   Thumb Code    50  tim.o(i.HAL_TIM_Base_MspInit)
    HAL_TIM_ConfigClockSource                0x080013f1   Thumb Code   214  stm32f1xx_hal_tim.o(i.HAL_TIM_ConfigClockSource)
    HAL_TIM_IC_CaptureCallback               0x080014c7   Thumb Code     2  stm32f1xx_hal_tim.o(i.HAL_TIM_IC_CaptureCallback)
    HAL_TIM_IRQHandler                       0x080014c9   Thumb Code   358  stm32f1xx_hal_tim.o(i.HAL_TIM_IRQHandler)
    HAL_TIM_MspPostInit                      0x08001631   Thumb Code    62  tim.o(i.HAL_TIM_MspPostInit)
    HAL_TIM_OC_DelayElapsedCallback          0x0800167d   Thumb Code     2  stm32f1xx_hal_tim.o(i.HAL_TIM_OC_DelayElapsedCallback)
    HAL_TIM_PWM_ConfigChannel                0x0800167f   Thumb Code   198  stm32f1xx_hal_tim.o(i.HAL_TIM_PWM_ConfigChannel)
    HAL_TIM_PWM_Init                         0x08001745   Thumb Code    90  stm32f1xx_hal_tim.o(i.HAL_TIM_PWM_Init)
    HAL_TIM_PWM_MspInit                      0x080017a1   Thumb Code    30  tim.o(i.HAL_TIM_PWM_MspInit)
    HAL_TIM_PWM_PulseFinishedCallback        0x080017c9   Thumb Code     2  stm32f1xx_hal_tim.o(i.HAL_TIM_PWM_PulseFinishedCallback)
    HAL_TIM_PWM_Start                        0x080017cd   Thumb Code   148  stm32f1xx_hal_tim.o(i.HAL_TIM_PWM_Start)
    HAL_TIM_PWM_Stop                         0x0800186d   Thumb Code   108  stm32f1xx_hal_tim.o(i.HAL_TIM_PWM_Stop)
    HAL_TIM_PeriodElapsedCallback            0x080018dd   Thumb Code   304  control.o(i.HAL_TIM_PeriodElapsedCallback)
    HAL_TIM_TriggerCallback                  0x08001a31   Thumb Code     2  stm32f1xx_hal_tim.o(i.HAL_TIM_TriggerCallback)
    HAL_UART_AbortReceive                    0x08001a33   Thumb Code    88  stm32f1xx_hal_uart.o(i.HAL_UART_AbortReceive)
    HAL_UART_ErrorCallback                   0x08001a8d   Thumb Code    78  stm32f1xx_it.o(i.HAL_UART_ErrorCallback)
    HAL_UART_IRQHandler                      0x08001af9   Thumb Code   344  stm32f1xx_hal_uart.o(i.HAL_UART_IRQHandler)
    HAL_UART_Init                            0x08001c55   Thumb Code    98  stm32f1xx_hal_uart.o(i.HAL_UART_Init)
    HAL_UART_MspInit                         0x08001cb9   Thumb Code   284  usart.o(i.HAL_UART_MspInit)
    HAL_UART_Receive_IT                      0x08001ded   Thumb Code    82  stm32f1xx_hal_uart.o(i.HAL_UART_Receive_IT)
    HAL_UART_RxCpltCallback                  0x08001e41   Thumb Code    50  stm32f1xx_it.o(i.HAL_UART_RxCpltCallback)
    HAL_UART_TxCpltCallback                  0x08001e89   Thumb Code     2  stm32f1xx_hal_uart.o(i.HAL_UART_TxCpltCallback)
    HardFault_Handler                        0x08001e8b   Thumb Code     2  stm32f1xx_it.o(i.HardFault_Handler)
    I2C_Start                                0x08001e8d   Thumb Code    64  oled.o(i.I2C_Start)
    I2C_Stop                                 0x08001ed1   Thumb Code    46  oled.o(i.I2C_Stop)
    I2C_WaitAck                              0x08001f05   Thumb Code    52  oled.o(i.I2C_WaitAck)
    IIC_delay                                0x08001f3d   Thumb Code    10  oled.o(i.IIC_delay)
    MX_GPIO_Init                             0x08001f49   Thumb Code   454  gpio.o(i.MX_GPIO_Init)
    MX_TIM1_Init                             0x08002129   Thumb Code    96  tim.o(i.MX_TIM1_Init)
    MX_TIM3_Init                             0x08002191   Thumb Code   120  tim.o(i.MX_TIM3_Init)
    MX_USART1_UART_Init                      0x08002211   Thumb Code    48  usart.o(i.MX_USART1_UART_Init)
    MX_USART3_UART_Init                      0x08002249   Thumb Code    48  usart.o(i.MX_USART3_UART_Init)
    MemManage_Handler                        0x08002281   Thumb Code     2  stm32f1xx_it.o(i.MemManage_Handler)
    NMI_Handler                              0x08002283   Thumb Code     2  stm32f1xx_it.o(i.NMI_Handler)
    OLED_Clear                               0x08002285   Thumb Code    38  oled.o(i.OLED_Clear)
    OLED_ColorTurn                           0x080022b1   Thumb Code    22  oled.o(i.OLED_ColorTurn)
    OLED_DisplayTurn                         0x080022c7   Thumb Code    44  oled.o(i.OLED_DisplayTurn)
    OLED_DrawPoint                           0x080022f5   Thumb Code    40  oled.o(i.OLED_DrawPoint)
    OLED_Init                                0x08002321   Thumb Code   224  oled.o(i.OLED_Init)
    OLED_Refresh                             0x08002401   Thumb Code    96  oled.o(i.OLED_Refresh)
    OLED_ShowChar                            0x08002465   Thumb Code   202  oled.o(i.OLED_ShowChar)
    OLED_ShowString                          0x08002541   Thumb Code    60  oled.o(i.OLED_ShowString)
    OLED_WR_Byte                             0x0800257d   Thumb Code    54  oled.o(i.OLED_WR_Byte)
    PendSV_Handler                           0x080025b3   Thumb Code     2  stm32f1xx_it.o(i.PendSV_Handler)
    SVC_Handler                              0x080025b5   Thumb Code     2  stm32f1xx_it.o(i.SVC_Handler)
    Send_Byte                                0x080025b9   Thumb Code    78  oled.o(i.Send_Byte)
    SysTick_Handler                          0x0800260d   Thumb Code     4  stm32f1xx_it.o(i.SysTick_Handler)
    SystemClock_Config                       0x08002611   Thumb Code    86  main.o(i.SystemClock_Config)
    SystemInit                               0x08002667   Thumb Code     2  system_stm32f1xx.o(i.SystemInit)
    TIM1_UP_IRQHandler                       0x08002669   Thumb Code     6  stm32f1xx_it.o(i.TIM1_UP_IRQHandler)
    TIM2_IRQHandler                          0x08002675   Thumb Code     6  stm32f1xx_it.o(i.TIM2_IRQHandler)
    TIM3_IRQHandler                          0x08002681   Thumb Code     6  stm32f1xx_it.o(i.TIM3_IRQHandler)
    TIM4_IRQHandler                          0x0800268d   Thumb Code     6  stm32f1xx_it.o(i.TIM4_IRQHandler)
    TIM_Base_SetConfig                       0x08002699   Thumb Code    94  stm32f1xx_hal_tim.o(i.TIM_Base_SetConfig)
    TIM_CCxChannelCmd                        0x08002705   Thumb Code    26  stm32f1xx_hal_tim.o(i.TIM_CCxChannelCmd)
    TIM_ETR_SetConfig                        0x0800271f   Thumb Code    20  stm32f1xx_hal_tim.o(i.TIM_ETR_SetConfig)
    TIM_OC2_SetConfig                        0x0800279d   Thumb Code    86  stm32f1xx_hal_tim.o(i.TIM_OC2_SetConfig)
    USART1_IRQHandler                        0x08002a4d   Thumb Code     6  stm32f1xx_it.o(i.USART1_IRQHandler)
    USART2_IRQHandler                        0x08002a59   Thumb Code     6  stm32f1xx_it.o(i.USART2_IRQHandler)
    USART3_IRQHandler                        0x08002a65   Thumb Code     6  stm32f1xx_it.o(i.USART3_IRQHandler)
    UsageFault_Handler                       0x08002a71   Thumb Code     2  stm32f1xx_it.o(i.UsageFault_Handler)
    __0sprintf                               0x08002a75   Thumb Code    34  printfa.o(i.__0sprintf)
    __1sprintf                               0x08002a75   Thumb Code     0  printfa.o(i.__0sprintf)
    __2sprintf                               0x08002a75   Thumb Code     0  printfa.o(i.__0sprintf)
    __c89sprintf                             0x08002a75   Thumb Code     0  printfa.o(i.__0sprintf)
    sprintf                                  0x08002a75   Thumb Code     0  printfa.o(i.__0sprintf)
    __scatterload_copy                       0x08002abd   Thumb Code    14  handlers.o(i.__scatterload_copy)
    __scatterload_null                       0x08002acb   Thumb Code     2  handlers.o(i.__scatterload_null)
    __scatterload_zeroinit                   0x08002acd   Thumb Code    14  handlers.o(i.__scatterload_zeroinit)
    bt_remote_on_rx_byte                     0x08003405   Thumb Code    14  bt_remote.o(i.bt_remote_on_rx_byte)
    bt_remote_on_uart_error                  0x08003415   Thumb Code    38  bt_remote.o(i.bt_remote_on_uart_error)
    bt_remote_parse_data                     0x08003445   Thumb Code   400  bt_remote.o(i.bt_remote_parse_data)
    bt_remote_reset                          0x080035d9   Thumb Code   108  bt_remote.o(i.bt_remote_reset)
    bt_remote_show_status                    0x08003649   Thumb Code   116  bt_remote.o(i.bt_remote_show_status)
    bt_remote_start_rx                       0x080036e9   Thumb Code    10  bt_remote.o(i.bt_remote_start_rx)
    bt_remote_update                         0x080036fd   Thumb Code   592  bt_remote.o(i.bt_remote_update)
    encoder_exti_callback                    0x08003a31   Thumb Code    86  encoder.o(i.encoder_exti_callback)
    find_abs                                 0x08003ac9   Thumb Code     8  motor.o(i.find_abs)
    jy61p_ReceiveData                        0x08003ae1   Thumb Code   208  jy61p.o(i.jy61p_ReceiveData)
    key_scan                                 0x08003bfd   Thumb Code   120  key.o(i.key_scan)
    limit_motor_pwm                          0x08003c81   Thumb Code    42  motor.o(i.limit_motor_pwm)
    line_err                                 0x08003cbd   Thumb Code    60  line.o(i.line_err)
    line_pid_control                         0x08003d0d   Thumb Code    26  control.o(i.line_pid_control)
    line_pid_realize                         0x08003d31   Thumb Code   114  pid.o(i.line_pid_realize)
    line_read_state                          0x08003dad   Thumb Code   166  line.o(i.line_read_state)
    line_speed_control                       0x08003e61   Thumb Code    90  control.o(i.line_speed_control)
    line_task_increment_target               0x08003f11   Thumb Code    16  line_task.o(i.line_task_increment_target)
    line_task_is_mode                        0x08003f3b   Thumb Code    24  line_task.o(i.line_task_is_mode)
    line_task_reset                          0x08003f53   Thumb Code    30  line_task.o(i.line_task_reset)
    line_task_start                          0x08003f71   Thumb Code    52  line_task.o(i.line_task_start)
    line_task_stop                           0x08003fa5   Thumb Code    16  line_task.o(i.line_task_stop)
    line_task_update                         0x08003fc1   Thumb Code   510  line_task.o(i.line_task_update)
    load_motor_pwm                           0x080041c9   Thumb Code   106  motor.o(i.load_motor_pwm)
    location1_pid_control                    0x0800423d   Thumb Code    34  control.o(i.location1_pid_control)
    location2_pid_control                    0x08004271   Thumb Code    34  control.o(i.location2_pid_control)
    location_pid_realize                     0x080042a5   Thumb Code    82  pid.o(i.location_pid_realize)
    location_speed_control                   0x080042f9   Thumb Code    78  control.o(i.location_speed_control)
    main                                     0x0800435d   Thumb Code  1274  main.o(i.main)
    menu_get_mode_name                       0x080049d1   Thumb Code    16  menu.o(i.menu_get_mode_name)
    menu_show_status                         0x08004aa1   Thumb Code   200  menu.o(i.menu_show_status)
    menu_start_select                        0x08004bb9   Thumb Code    70  menu.o(i.menu_start_select)
    pid_param_init                           0x08004c15   Thumb Code   130  pid.o(i.pid_param_init)
    read_pluse                               0x08004cad   Thumb Code    46  encoder.o(i.read_pluse)
    set_motor1_disable                       0x08004d05   Thumb Code    14  motor.o(i.set_motor1_disable)
    set_motor1_enable                        0x08004d1d   Thumb Code    14  motor.o(i.set_motor1_enable)
    set_motor2_disable                       0x08004d35   Thumb Code    14  motor.o(i.set_motor2_disable)
    set_motor2_enable                        0x08004d4d   Thumb Code    14  motor.o(i.set_motor2_enable)
    set_p_i_d                                0x08004d65   Thumb Code     8  pid.o(i.set_p_i_d)
    set_pid_target                           0x08004d6d   Thumb Code     4  pid.o(i.set_pid_target)
    speed1_pid_control                       0x08004d71   Thumb Code    56  control.o(i.speed1_pid_control)
    speed2_pid_control                       0x08004dbd   Thumb Code    56  control.o(i.speed2_pid_control)
    speed_pid_realize                        0x08004e09   Thumb Code   112  pid.o(i.speed_pid_realize)
    turn_angle_pid_control                   0x08004ea1   Thumb Code    38  control.o(i.turn_angle_pid_control)
    turn_angle_pid_realize                   0x08004ed9   Thumb Code   150  pid.o(i.turn_angle_pid_realize)
    turn_angle_speed_control                 0x08004f85   Thumb Code    78  control.o(i.turn_angle_speed_control)
    AHBPrescTable                            0x08004fe8   Data          16  system_stm32f1xx.o(.constdata)
    APBPrescTable                            0x08004ff8   Data           8  system_stm32f1xx.o(.constdata)
    asc2_0806                                0x08005000   Data         552  oled.o(.constdata)
    asc2_1206                                0x08005228   Data        1140  oled.o(.constdata)
    asc2_1608                                0x0800569c   Data        1520  oled.o(.constdata)
    asc2_2412                                0x08005c8c   Data        3420  oled.o(.constdata)
    Hzk1                                     0x080069e8   Data         352  oled.o(.constdata)
    Hzk2                                     0x08006b48   Data          72  oled.o(.constdata)
    Hzk3                                     0x08006b90   Data         128  oled.o(.constdata)
    Hzk4                                     0x08006c10   Data         512  oled.o(.constdata)
    Region$$Table$$Base                      0x08006e9c   Number         0  anon$$obj.o(Region$$Table)
    Region$$Table$$Limit                     0x08006ebc   Number         0  anon$$obj.o(Region$$Table)
    g_mode                                   0x20000000   Data           1  main.o(.data)
    g_usart2_receivedata                     0x20000001   Data           1  stm32f1xx_it.o(.data)
    uwTickFreq                               0x20000004   Data           1  stm32f1xx_hal.o(.data)
    uwTickPrio                               0x20000008   Data           4  stm32f1xx_hal.o(.data)
    uwTick                                   0x2000000c   Data           4  stm32f1xx_hal.o(.data)
    SystemCoreClock                          0x20000010   Data           4  system_stm32f1xx.o(.data)
    g_is_motor1_en                           0x20000014   Data           1  motor.o(.data)
    g_is_motor2_en                           0x20000015   Data           1  motor.o(.data)
    g_location_control_count                 0x20000024   Data           1  control.o(.data)
    g_turn_angle_control_count               0x20000025   Data           1  control.o(.data)
    g_line_speed_control_count               0x20000026   Data           1  control.o(.data)
    g_Line_Flag                              0x20000027   Data           1  control.o(.data)
    g_Stop_Flag                              0x20000028   Data           1  control.o(.data)
    g_Spin_Start_Flag                        0x20000029   Data           1  control.o(.data)
    g_Spin_Succeed_Flag                      0x2000002a   Data           1  control.o(.data)
    g_Angle_Flag                             0x2000002b   Data           1  control.o(.data)
    g_unittime_motor1pluse                   0x2000002c   Data           2  control.o(.data)
    g_unittime_motor2pluse                   0x2000002e   Data           2  control.o(.data)
    g_sigma_motor1pluse                      0x20000030   Data           4  control.o(.data)
    g_sigma_motor2pluse                      0x20000034   Data           4  control.o(.data)
    g_motor1_journey_cm                      0x20000038   Data           4  control.o(.data)
    g_motor2_journey_cm                      0x2000003c   Data           4  control.o(.data)
    g_ftarget_journey                        0x20000040   Data           4  control.o(.data)
    g_speed1_outval                          0x20000044   Data           4  control.o(.data)
    g_location1_outval                       0x20000048   Data           4  control.o(.data)
    g_speed2_outval                          0x2000004c   Data           4  control.o(.data)
    g_location2_outval                       0x20000050   Data           4  control.o(.data)
    g_turn_outval                            0x20000054   Data           4  control.o(.data)
    g_speed3_outval                          0x20000058   Data           4  control.o(.data)
    g_speed4_outval                          0x2000005c   Data           4  control.o(.data)
    g_motor1_pwm                             0x20000060   Data           4  control.o(.data)
    g_motor2_pwm                             0x20000064   Data           4  control.o(.data)
    g_line_num                               0x20000068   Data           4  control.o(.data)
    g_jy61p_last_byte                        0x2000006d   Data           1  jy61p.o(.data)
    g_jy61p_last_frame_type                  0x2000006e   Data           1  jy61p.o(.data)
    g_jy61p_rx_count                         0x20000070   Data           4  jy61p.o(.data)
    g_jy61p_angle_count                      0x20000074   Data           4  jy61p.o(.data)
    g_jy61p_protocol_error_count             0x20000078   Data           4  jy61p.o(.data)
    g_roll_jy61                              0x2000007c   Data           4  jy61p.o(.data)
    g_pitch_jy61                             0x20000080   Data           4  jy61p.o(.data)
    g_yaw_jy61                               0x20000084   Data           4  jy61p.o(.data)
    g_jy61p_error_count                      0x20000088   Data           4  jy61p.o(.data)
    g_jy61p_uart_start_status                0x2000008c   Data           1  jy61p.o(.data)
    g_jy61p_last_uart_error                  0x20000090   Data           4  jy61p.o(.data)
    g_jy61p_restart_count                    0x20000094   Data           4  jy61p.o(.data)
    g_line_sensor_state                      0x200000b8   Data           1  line.o(.data)
    g_line_sensor_count                      0x200000b9   Data           1  line.o(.data)
    g_line_last_err                          0x200000bc   Data           4  line.o(.data)
    Fore                                     0x200000c0   Data           1  bt_remote.o(.data)
    Back                                     0x200000c1   Data           1  bt_remote.o(.data)
    Left                                     0x200000c2   Data           1  bt_remote.o(.data)
    Right                                    0x200000c3   Data           1  bt_remote.o(.data)
    Car_Mode                                 0x200000c4   Data           1  bt_remote.o(.data)
    Speed_Level                              0x200000c5   Data           1  bt_remote.o(.data)
    Bluetooth_Last_Data                      0x200000c6   Data           1  bt_remote.o(.data)
    Bluetooth_Last_Motion                    0x200000c7   Data           1  bt_remote.o(.data)
    Bluetooth_Last_Level                     0x200000c8   Data           1  bt_remote.o(.data)
    Bluetooth_Last_Move_Motion               0x200000c9   Data           1  bt_remote.o(.data)
    Bluetooth_Last_Move_Level                0x200000ca   Data           1  bt_remote.o(.data)
    g_bt_receivedata                         0x200000cc   Data           1  bt_remote.o(.data)
    Bluetooth_Rx_Count                       0x200000ce   Data           2  bt_remote.o(.data)
    g_bt_error_count                         0x200000d0   Data           4  bt_remote.o(.data)
    g_oledstring                             0x200000d4   Data          50  main.o(.bss)
    htim1                                    0x20000108   Data          72  tim.o(.bss)
    htim2                                    0x20000150   Data          72  tim.o(.bss)
    htim3                                    0x20000198   Data          72  tim.o(.bss)
    htim4                                    0x200001e0   Data          72  tim.o(.bss)
    huart1                                   0x20000228   Data          64  usart.o(.bss)
    huart2                                   0x20000268   Data          64  usart.o(.bss)
    huart3                                   0x200002a8   Data          64  usart.o(.bss)
    OLED_GRAM                                0x200002e8   Data        1152  oled.o(.bss)
    g_pid_speed1                             0x20000768   Data          32  pid.o(.bss)
    g_pid_speed2                             0x20000788   Data          32  pid.o(.bss)
    g_pid_location1                          0x200007a8   Data          32  pid.o(.bss)
    g_pid_location2                          0x200007c8   Data          32  pid.o(.bss)
    g_pid_turn_angle                         0x200007e8   Data          32  pid.o(.bss)
    g_pid_line                               0x20000808   Data          32  pid.o(.bss)
    __initial_sp                             0x20000c38   Data           0  startup_stm32f103xb.o(STACK)



==============================================================================

Memory Map of the image

  Image Entry point : 0x080000ed

  Load Region LR_IROM1 (Base: 0x08000000, Size: 0x00006f90, Max: 0x00010000, ABSOLUTE)

    Execution Region ER_IROM1 (Exec base: 0x08000000, Load base: 0x08000000, Size: 0x00006ebc, Max: 0x00010000, ABSOLUTE)

    Exec Addr    Load Addr    Size         Type   Attr      Idx    E Section Name        Object

    0x08000000   0x08000000   0x000000ec   Data   RO            3    RESET               startup_stm32f103xb.o
    0x080000ec   0x080000ec   0x00000000   Code   RO         4577  * .ARM.Collect$$$$00000000  mc_w.l(entry.o)
    0x080000ec   0x080000ec   0x00000004   Code   RO         4922    .ARM.Collect$$$$00000001  mc_w.l(entry2.o)
    0x080000f0   0x080000f0   0x00000004   Code   RO         4925    .ARM.Collect$$$$00000004  mc_w.l(entry5.o)
    0x080000f4   0x080000f4   0x00000000   Code   RO         4927    .ARM.Collect$$$$00000008  mc_w.l(entry7b.o)
    0x080000f4   0x080000f4   0x00000000   Code   RO         4929    .ARM.Collect$$$$0000000A  mc_w.l(entry8b.o)
    0x080000f4   0x080000f4   0x00000008   Code   RO         4930    .ARM.Collect$$$$0000000B  mc_w.l(entry9a.o)
    0x080000fc   0x080000fc   0x00000000   Code   RO         4932    .ARM.Collect$$$$0000000D  mc_w.l(entry10a.o)
    0x080000fc   0x080000fc   0x00000000   Code   RO         4934    .ARM.Collect$$$$0000000F  mc_w.l(entry11a.o)
    0x080000fc   0x080000fc   0x00000004   Code   RO         4923    .ARM.Collect$$$$00002712  mc_w.l(entry2.o)
    0x08000100   0x08000100   0x00000024   Code   RO            4    .text               startup_stm32f103xb.o
    0x08000124   0x08000124   0x00000020   Code   RO         4582    .text               mc_w.l(llushr.o)
    0x08000144   0x08000144   0x00000024   Code   RO         4586    .text               mc_w.l(memseta.o)
    0x08000168   0x08000168   0x000000b0   Code   RO         4855    .text               mf_w.l(fadd.o)
    0x08000218   0x08000218   0x00000064   Code   RO         4857    .text               mf_w.l(fmul.o)
    0x0800027c   0x0800027c   0x00000018   Code   RO         4861    .text               mf_w.l(fscalb.o)
    0x08000294   0x08000294   0x0000014e   Code   RO         4863    .text               mf_w.l(dadd.o)
    0x080003e2   0x080003e2   0x000000e4   Code   RO         4865    .text               mf_w.l(dmul.o)
    0x080004c6   0x080004c6   0x000000de   Code   RO         4867    .text               mf_w.l(ddiv.o)
    0x080005a4   0x080005a4   0x00000012   Code   RO         4869    .text               mf_w.l(fflti.o)
    0x080005b6   0x080005b6   0x00000022   Code   RO         4873    .text               mf_w.l(dflti.o)
    0x080005d8   0x080005d8   0x00000032   Code   RO         4875    .text               mf_w.l(ffixi.o)
    0x0800060a   0x0800060a   0x0000003e   Code   RO         4879    .text               mf_w.l(dfixi.o)
    0x08000648   0x08000648   0x00000026   Code   RO         4881    .text               mf_w.l(f2d.o)
    0x0800066e   0x0800066e   0x00000038   Code   RO         4883    .text               mf_w.l(d2f.o)
    0x080006a6   0x080006a6   0x0000002c   Code   RO         4939    .text               mc_w.l(uidiv.o)
    0x080006d2   0x080006d2   0x00000062   Code   RO         4941    .text               mc_w.l(uldiv.o)
    0x08000734   0x08000734   0x0000001e   Code   RO         4943    .text               mc_w.l(llshl.o)
    0x08000752   0x08000752   0x00000024   Code   RO         4945    .text               mc_w.l(llsshr.o)
    0x08000776   0x08000776   0x00000000   Code   RO         4954    .text               mc_w.l(iusefp.o)
    0x08000776   0x08000776   0x0000006e   Code   RO         4955    .text               mf_w.l(fepilogue.o)
    0x080007e4   0x080007e4   0x000000ba   Code   RO         4957    .text               mf_w.l(depilogue.o)
    0x0800089e   0x0800089e   0x00000030   Code   RO         4961    .text               mf_w.l(dfixul.o)
    0x080008ce   0x080008ce   0x00000002   PAD
    0x080008d0   0x080008d0   0x00000030   Code   RO         4963    .text               mf_w.l(cdrcmple.o)
    0x08000900   0x08000900   0x00000024   Code   RO         4965    .text               mc_w.l(init.o)
    0x08000924   0x08000924   0x00000002   Code   RO          409    i.BusFault_Handler  stm32f1xx_it.o
    0x08000926   0x08000926   0x00000002   Code   RO          410    i.DebugMon_Handler  stm32f1xx_it.o
    0x08000928   0x08000928   0x00000008   Code   RO          411    i.EXTI15_10_IRQHandler  stm32f1xx_it.o
    0x08000930   0x08000930   0x00000006   Code   RO          412    i.EXTI1_IRQHandler  stm32f1xx_it.o
    0x08000936   0x08000936   0x00000006   Code   RO          413    i.EXTI2_IRQHandler  stm32f1xx_it.o
    0x0800093c   0x0800093c   0x00000008   Code   RO          414    i.EXTI9_5_IRQHandler  stm32f1xx_it.o
    0x08000944   0x08000944   0x0000002c   Code   RO           13    i.Error_Handler     main.o
    0x08000970   0x08000970   0x00000046   Code   RO         1990    i.HAL_DMA_Abort     stm32f1xx_hal_dma.o
    0x080009b6   0x080009b6   0x00000002   PAD
    0x080009b8   0x080009b8   0x00000098   Code   RO         1991    i.HAL_DMA_Abort_IT  stm32f1xx_hal_dma.o
    0x08000a50   0x08000a50   0x00000004   Code   RO         1993    i.HAL_DMA_GetError  stm32f1xx_hal_dma.o
    0x08000a54   0x08000a54   0x00000024   Code   RO         1618    i.HAL_Delay         stm32f1xx_hal.o
    0x08000a78   0x08000a78   0x00000004   Code   RO          415    i.HAL_GPIO_EXTI_Callback  stm32f1xx_it.o
    0x08000a7c   0x08000a7c   0x00000018   Code   RO         1925    i.HAL_GPIO_EXTI_IRQHandler  stm32f1xx_hal_gpio.o
    0x08000a94   0x08000a94   0x000001cc   Code   RO         1926    i.HAL_GPIO_Init     stm32f1xx_hal_gpio.o
    0x08000c60   0x08000c60   0x0000000a   Code   RO         1928    i.HAL_GPIO_ReadPin  stm32f1xx_hal_gpio.o
    0x08000c6a   0x08000c6a   0x00000010   Code   RO         1929    i.HAL_GPIO_TogglePin  stm32f1xx_hal_gpio.o
    0x08000c7a   0x08000c7a   0x0000000a   Code   RO         1930    i.HAL_GPIO_WritePin  stm32f1xx_hal_gpio.o
    0x08000c84   0x08000c84   0x0000000c   Code   RO         1622    i.HAL_GetTick       stm32f1xx_hal.o
    0x08000c90   0x08000c90   0x00000010   Code   RO         1628    i.HAL_IncTick       stm32f1xx_hal.o
    0x08000ca0   0x08000ca0   0x00000024   Code   RO         1629    i.HAL_Init          stm32f1xx_hal.o
    0x08000cc4   0x08000cc4   0x00000040   Code   RO         1630    i.HAL_InitTick      stm32f1xx_hal.o
    0x08000d04   0x08000d04   0x00000044   Code   RO          578    i.HAL_MspInit       stm32f1xx_hal_msp.o
    0x08000d48   0x08000d48   0x0000001a   Code   RO         2086    i.HAL_NVIC_EnableIRQ  stm32f1xx_hal_cortex.o
    0x08000d62   0x08000d62   0x00000002   PAD
    0x08000d64   0x08000d64   0x00000040   Code   RO         2092    i.HAL_NVIC_SetPriority  stm32f1xx_hal_cortex.o
    0x08000da4   0x08000da4   0x00000024   Code   RO         2093    i.HAL_NVIC_SetPriorityGrouping  stm32f1xx_hal_cortex.o
    0x08000dc8   0x08000dc8   0x00000138   Code   RO         1786    i.HAL_RCC_ClockConfig  stm32f1xx_hal_rcc.o
    0x08000f00   0x08000f00   0x00000020   Code   RO         1793    i.HAL_RCC_GetPCLK1Freq  stm32f1xx_hal_rcc.o
    0x08000f20   0x08000f20   0x00000020   Code   RO         1794    i.HAL_RCC_GetPCLK2Freq  stm32f1xx_hal_rcc.o
    0x08000f40   0x08000f40   0x0000006c   Code   RO         1795    i.HAL_RCC_GetSysClockFreq  stm32f1xx_hal_rcc.o
    0x08000fac   0x08000fac   0x00000318   Code   RO         1798    i.HAL_RCC_OscConfig  stm32f1xx_hal_rcc.o
    0x080012c4   0x080012c4   0x00000028   Code   RO         2097    i.HAL_SYSTICK_Config  stm32f1xx_hal_cortex.o
    0x080012ec   0x080012ec   0x00000002   Code   RO         1344    i.HAL_TIMEx_BreakCallback  stm32f1xx_hal_tim_ex.o
    0x080012ee   0x080012ee   0x00000002   Code   RO         1345    i.HAL_TIMEx_CommutCallback  stm32f1xx_hal_tim_ex.o
    0x080012f0   0x080012f0   0x00000068   Code   RO         1363    i.HAL_TIMEx_MasterConfigSynchronization  stm32f1xx_hal_tim_ex.o
    0x08001358   0x08001358   0x0000005a   Code   RO          640    i.HAL_TIM_Base_Init  stm32f1xx_hal_tim.o
    0x080013b2   0x080013b2   0x00000002   PAD
    0x080013b4   0x080013b4   0x0000003c   Code   RO          260    i.HAL_TIM_Base_MspInit  tim.o
    0x080013f0   0x080013f0   0x000000d6   Code   RO          649    i.HAL_TIM_ConfigClockSource  stm32f1xx_hal_tim.o
    0x080014c6   0x080014c6   0x00000002   Code   RO          674    i.HAL_TIM_IC_CaptureCallback  stm32f1xx_hal_tim.o
    0x080014c8   0x080014c8   0x00000166   Code   RO          688    i.HAL_TIM_IRQHandler  stm32f1xx_hal_tim.o
    0x0800162e   0x0800162e   0x00000002   PAD
    0x08001630   0x08001630   0x0000004c   Code   RO          263    i.HAL_TIM_MspPostInit  tim.o
    0x0800167c   0x0800167c   0x00000002   Code   RO          691    i.HAL_TIM_OC_DelayElapsedCallback  stm32f1xx_hal_tim.o
    0x0800167e   0x0800167e   0x000000c6   Code   RO          712    i.HAL_TIM_PWM_ConfigChannel  stm32f1xx_hal_tim.o
    0x08001744   0x08001744   0x0000005a   Code   RO          715    i.HAL_TIM_PWM_Init  stm32f1xx_hal_tim.o
    0x0800179e   0x0800179e   0x00000002   PAD
    0x080017a0   0x080017a0   0x00000028   Code   RO          265    i.HAL_TIM_PWM_MspInit  tim.o
    0x080017c8   0x080017c8   0x00000002   Code   RO          718    i.HAL_TIM_PWM_PulseFinishedCallback  stm32f1xx_hal_tim.o
    0x080017ca   0x080017ca   0x00000002   PAD
    0x080017cc   0x080017cc   0x000000a0   Code   RO          720    i.HAL_TIM_PWM_Start  stm32f1xx_hal_tim.o
    0x0800186c   0x0800186c   0x00000070   Code   RO          723    i.HAL_TIM_PWM_Stop  stm32f1xx_hal_tim.o
    0x080018dc   0x080018dc   0x00000154   Code   RO         3305    i.HAL_TIM_PeriodElapsedCallback  control.o
    0x08001a30   0x08001a30   0x00000002   Code   RO          731    i.HAL_TIM_TriggerCallback  stm32f1xx_hal_tim.o
    0x08001a32   0x08001a32   0x00000058   Code   RO         2596    i.HAL_UART_AbortReceive  stm32f1xx_hal_uart.o
    0x08001a8a   0x08001a8a   0x00000002   PAD
    0x08001a8c   0x08001a8c   0x0000006c   Code   RO          416    i.HAL_UART_ErrorCallback  stm32f1xx_it.o
    0x08001af8   0x08001af8   0x0000015c   Code   RO         2610    i.HAL_UART_IRQHandler  stm32f1xx_hal_uart.o
    0x08001c54   0x08001c54   0x00000062   Code   RO         2611    i.HAL_UART_Init     stm32f1xx_hal_uart.o
    0x08001cb6   0x08001cb6   0x00000002   PAD
    0x08001cb8   0x08001cb8   0x00000134   Code   RO          350    i.HAL_UART_MspInit  usart.o
    0x08001dec   0x08001dec   0x00000052   Code   RO         2616    i.HAL_UART_Receive_IT  stm32f1xx_hal_uart.o
    0x08001e3e   0x08001e3e   0x00000002   PAD
    0x08001e40   0x08001e40   0x00000048   Code   RO          417    i.HAL_UART_RxCpltCallback  stm32f1xx_it.o
    0x08001e88   0x08001e88   0x00000002   Code   RO         2622    i.HAL_UART_TxCpltCallback  stm32f1xx_hal_uart.o
    0x08001e8a   0x08001e8a   0x00000002   Code   RO          418    i.HardFault_Handler  stm32f1xx_it.o
    0x08001e8c   0x08001e8c   0x00000044   Code   RO         2945    i.I2C_Start         oled.o
    0x08001ed0   0x08001ed0   0x00000034   Code   RO         2946    i.I2C_Stop          oled.o
    0x08001f04   0x08001f04   0x00000038   Code   RO         2947    i.I2C_WaitAck       oled.o
    0x08001f3c   0x08001f3c   0x0000000a   Code   RO         2948    i.IIC_delay         oled.o
    0x08001f46   0x08001f46   0x00000002   PAD
    0x08001f48   0x08001f48   0x000001e0   Code   RO          235    i.MX_GPIO_Init      gpio.o
    0x08002128   0x08002128   0x00000068   Code   RO          266    i.MX_TIM1_Init      tim.o
    0x08002190   0x08002190   0x00000080   Code   RO          268    i.MX_TIM3_Init      tim.o
    0x08002210   0x08002210   0x00000038   Code   RO          351    i.MX_USART1_UART_Init  usart.o
    0x08002248   0x08002248   0x00000038   Code   RO          353    i.MX_USART3_UART_Init  usart.o
    0x08002280   0x08002280   0x00000002   Code   RO          419    i.MemManage_Handler  stm32f1xx_it.o
    0x08002282   0x08002282   0x00000002   Code   RO          420    i.NMI_Handler       stm32f1xx_it.o
    0x08002284   0x08002284   0x0000002c   Code   RO         2949    i.OLED_Clear        oled.o
    0x080022b0   0x080022b0   0x00000016   Code   RO         2950    i.OLED_ColorTurn    oled.o
    0x080022c6   0x080022c6   0x0000002c   Code   RO         2953    i.OLED_DisplayTurn  oled.o
    0x080022f2   0x080022f2   0x00000002   PAD
    0x080022f4   0x080022f4   0x0000002c   Code   RO         2956    i.OLED_DrawPoint    oled.o
    0x08002320   0x08002320   0x000000e0   Code   RO         2957    i.OLED_Init         oled.o
    0x08002400   0x08002400   0x00000064   Code   RO         2959    i.OLED_Refresh      oled.o
    0x08002464   0x08002464   0x000000dc   Code   RO         2961    i.OLED_ShowChar     oled.o
    0x08002540   0x08002540   0x0000003c   Code   RO         2965    i.OLED_ShowString   oled.o
    0x0800257c   0x0800257c   0x00000036   Code   RO         2966    i.OLED_WR_Byte      oled.o
    0x080025b2   0x080025b2   0x00000002   Code   RO          421    i.PendSV_Handler    stm32f1xx_it.o
    0x080025b4   0x080025b4   0x00000002   Code   RO          422    i.SVC_Handler       stm32f1xx_it.o
    0x080025b6   0x080025b6   0x00000002   PAD
    0x080025b8   0x080025b8   0x00000054   Code   RO         2967    i.Send_Byte         oled.o
    0x0800260c   0x0800260c   0x00000004   Code   RO          423    i.SysTick_Handler   stm32f1xx_it.o
    0x08002610   0x08002610   0x00000056   Code   RO           14    i.SystemClock_Config  main.o
    0x08002666   0x08002666   0x00000002   Code   RO         2908    i.SystemInit        system_stm32f1xx.o
    0x08002668   0x08002668   0x0000000c   Code   RO          424    i.TIM1_UP_IRQHandler  stm32f1xx_it.o
    0x08002674   0x08002674   0x0000000c   Code   RO          425    i.TIM2_IRQHandler   stm32f1xx_it.o
    0x08002680   0x08002680   0x0000000c   Code   RO          426    i.TIM3_IRQHandler   stm32f1xx_it.o
    0x0800268c   0x0800268c   0x0000000c   Code   RO          427    i.TIM4_IRQHandler   stm32f1xx_it.o
    0x08002698   0x08002698   0x0000006c   Code   RO          733    i.TIM_Base_SetConfig  stm32f1xx_hal_tim.o
    0x08002704   0x08002704   0x0000001a   Code   RO          734    i.TIM_CCxChannelCmd  stm32f1xx_hal_tim.o
    0x0800271e   0x0800271e   0x00000014   Code   RO          744    i.TIM_ETR_SetConfig  stm32f1xx_hal_tim.o
    0x08002732   0x08002732   0x00000010   Code   RO          745    i.TIM_ITRx_SetConfig  stm32f1xx_hal_tim.o
    0x08002742   0x08002742   0x00000002   PAD
    0x08002744   0x08002744   0x00000058   Code   RO          746    i.TIM_OC1_SetConfig  stm32f1xx_hal_tim.o
    0x0800279c   0x0800279c   0x0000005c   Code   RO          747    i.TIM_OC2_SetConfig  stm32f1xx_hal_tim.o
    0x080027f8   0x080027f8   0x00000058   Code   RO          748    i.TIM_OC3_SetConfig  stm32f1xx_hal_tim.o
    0x08002850   0x08002850   0x00000044   Code   RO          749    i.TIM_OC4_SetConfig  stm32f1xx_hal_tim.o
    0x08002894   0x08002894   0x00000022   Code   RO          751    i.TIM_TI1_ConfigInputStage  stm32f1xx_hal_tim.o
    0x080028b6   0x080028b6   0x00000024   Code   RO          753    i.TIM_TI2_ConfigInputStage  stm32f1xx_hal_tim.o
    0x080028da   0x080028da   0x00000010   Code   RO         2624    i.UART_DMAAbortOnError  stm32f1xx_hal_uart.o
    0x080028ea   0x080028ea   0x0000001c   Code   RO         2634    i.UART_EndRxTransfer  stm32f1xx_hal_uart.o
    0x08002906   0x08002906   0x0000008c   Code   RO         2636    i.UART_Receive_IT   stm32f1xx_hal_uart.o
    0x08002992   0x08002992   0x00000002   PAD
    0x08002994   0x08002994   0x000000b8   Code   RO         2637    i.UART_SetConfig    stm32f1xx_hal_uart.o
    0x08002a4c   0x08002a4c   0x0000000c   Code   RO          428    i.USART1_IRQHandler  stm32f1xx_it.o
    0x08002a58   0x08002a58   0x0000000c   Code   RO          429    i.USART2_IRQHandler  stm32f1xx_it.o
    0x08002a64   0x08002a64   0x0000000c   Code   RO          430    i.USART3_IRQHandler  stm32f1xx_it.o
    0x08002a70   0x08002a70   0x00000002   Code   RO          431    i.UsageFault_Handler  stm32f1xx_it.o
    0x08002a72   0x08002a72   0x00000002   PAD
    0x08002a74   0x08002a74   0x00000028   Code   RO         4829    i.__0sprintf        mc_w.l(printfa.o)
    0x08002a9c   0x08002a9c   0x00000020   Code   RO         2099    i.__NVIC_SetPriority  stm32f1xx_hal_cortex.o
    0x08002abc   0x08002abc   0x0000000e   Code   RO         4975    i.__scatterload_copy  mc_w.l(handlers.o)
    0x08002aca   0x08002aca   0x00000002   Code   RO         4976    i.__scatterload_null  mc_w.l(handlers.o)
    0x08002acc   0x08002acc   0x0000000e   Code   RO         4977    i.__scatterload_zeroinit  mc_w.l(handlers.o)
    0x08002ada   0x08002ada   0x00000002   PAD
    0x08002adc   0x08002adc   0x00000184   Code   RO         4834    i._fp_digits        mc_w.l(printfa.o)
    0x08002c60   0x08002c60   0x000006dc   Code   RO         4835    i._printf_core      mc_w.l(printfa.o)
    0x0800333c   0x0800333c   0x00000024   Code   RO         4836    i._printf_post_padding  mc_w.l(printfa.o)
    0x08003360   0x08003360   0x0000002e   Code   RO         4837    i._printf_pre_padding  mc_w.l(printfa.o)
    0x0800338e   0x0800338e   0x0000000a   Code   RO         4839    i._sputc            mc_w.l(printfa.o)
    0x08003398   0x08003398   0x00000012   Code   RO         4368    i.bt_clamp_motor_pwm  bt_remote.o
    0x080033aa   0x080033aa   0x00000002   PAD
    0x080033ac   0x080033ac   0x00000018   Code   RO         4369    i.bt_direction      bt_remote.o
    0x080033c4   0x080033c4   0x0000001c   Code   RO         4370    i.bt_limit_yaw_corr  bt_remote.o
    0x080033e0   0x080033e0   0x00000024   Code   RO         4371    i.bt_record_motion  bt_remote.o
    0x08003404   0x08003404   0x0000000e   Code   RO         4372    i.bt_remote_on_rx_byte  bt_remote.o
    0x08003412   0x08003412   0x00000002   PAD
    0x08003414   0x08003414   0x00000030   Code   RO         4373    i.bt_remote_on_uart_error  bt_remote.o
    0x08003444   0x08003444   0x00000194   Code   RO         4374    i.bt_remote_parse_data  bt_remote.o
    0x080035d8   0x080035d8   0x00000070   Code   RO         4375    i.bt_remote_reset   bt_remote.o
    0x08003648   0x08003648   0x000000a0   Code   RO         4378    i.bt_remote_show_status  bt_remote.o
    0x080036e8   0x080036e8   0x00000014   Code   RO         4379    i.bt_remote_start_rx  bt_remote.o
    0x080036fc   0x080036fc   0x00000268   Code   RO         4380    i.bt_remote_update  bt_remote.o
    0x08003964   0x08003964   0x00000014   Code   RO         4381    i.bt_stop           bt_remote.o
    0x08003978   0x08003978   0x00000034   Code   RO         4382    i.bt_yaw_add        bt_remote.o
    0x080039ac   0x080039ac   0x00000034   Code   RO         4383    i.bt_yaw_error      bt_remote.o
    0x080039e0   0x080039e0   0x0000003c   Code   RO           15    i.buzzer_beep       main.o
    0x08003a1c   0x08003a1c   0x00000012   Code   RO           16    i.clamp_motor_pwm   main.o
    0x08003a2e   0x08003a2e   0x00000002   PAD
    0x08003a30   0x08003a30   0x00000060   Code   RO         3184    i.encoder_exti_callback  encoder.o
    0x08003a90   0x08003a90   0x00000028   Code   RO         3185    i.encoder_read_state  encoder.o
    0x08003ab8   0x08003ab8   0x00000010   Code   RO         3186    i.encoder_step      encoder.o
    0x08003ac8   0x08003ac8   0x00000008   Code   RO         3118    i.find_abs          motor.o
    0x08003ad0   0x08003ad0   0x00000010   Code   RO           17    i.is_remote_control_mode  main.o
    0x08003ae0   0x08003ae0   0x000000dc   Code   RO         4184    i.jy61p_ReceiveData  jy61p.o
    0x08003bbc   0x08003bbc   0x0000003e   Code   RO           18    i.key_pressed       main.o
    0x08003bfa   0x08003bfa   0x00000002   PAD
    0x08003bfc   0x08003bfc   0x00000084   Code   RO         4220    i.key_scan          key.o
    0x08003c80   0x08003c80   0x0000002a   Code   RO         3119    i.limit_motor_pwm   motor.o
    0x08003caa   0x08003caa   0x00000012   Code   RO         4480    i.line_clamp_motor_pwm  line_task.o
    0x08003cbc   0x08003cbc   0x00000044   Code   RO         4314    i.line_err          line.o
    0x08003d00   0x08003d00   0x0000000a   Code   RO         4315    i.line_is_black     line.o
    0x08003d0a   0x08003d0a   0x00000002   PAD
    0x08003d0c   0x08003d0c   0x00000024   Code   RO         3308    i.line_pid_control  control.o
    0x08003d30   0x08003d30   0x0000007c   Code   RO         3234    i.line_pid_realize  pid.o
    0x08003dac   0x08003dac   0x000000b4   Code   RO         4316    i.line_read_state   line.o
    0x08003e60   0x08003e60   0x00000074   Code   RO         3309    i.line_speed_control  control.o
    0x08003ed4   0x08003ed4   0x0000003c   Code   RO         4481    i.line_task_count_beep  line_task.o
    0x08003f10   0x08003f10   0x00000010   Code   RO         4482    i.line_task_increment_target  line_task.o
    0x08003f20   0x08003f20   0x0000000e   Code   RO         4483    i.line_task_is_circle_mode  line_task.o
    0x08003f2e   0x08003f2e   0x0000000c   Code   RO         4484    i.line_task_is_manual_mode  line_task.o
    0x08003f3a   0x08003f3a   0x00000018   Code   RO         4485    i.line_task_is_mode  line_task.o
    0x08003f52   0x08003f52   0x0000001e   Code   RO         4486    i.line_task_reset   line_task.o
    0x08003f70   0x08003f70   0x00000034   Code   RO         4487    i.line_task_start   line_task.o
    0x08003fa4   0x08003fa4   0x00000010   Code   RO         4488    i.line_task_stop    line_task.o
    0x08003fb4   0x08003fb4   0x0000000c   Code   RO         4489    i.line_task_turn_dir  line_task.o
    0x08003fc0   0x08003fc0   0x00000208   Code   RO         4490    i.line_task_update  line_task.o
    0x080041c8   0x080041c8   0x00000074   Code   RO         3120    i.load_motor_pwm    motor.o
    0x0800423c   0x0800423c   0x00000034   Code   RO         3310    i.location1_pid_control  control.o
    0x08004270   0x08004270   0x00000034   Code   RO         3311    i.location2_pid_control  control.o
    0x080042a4   0x080042a4   0x00000052   Code   RO         3235    i.location_pid_realize  pid.o
    0x080042f6   0x080042f6   0x00000002   PAD
    0x080042f8   0x080042f8   0x00000064   Code   RO         3312    i.location_speed_control  control.o
    0x0800435c   0x0800435c   0x00000500   Code   RO           19    i.main              main.o
    0x0800485c   0x0800485c   0x0000003c   Code   RO         4248    i.menu_beep         menu.o
    0x08004898   0x08004898   0x0000009c   Code   RO         4249    i.menu_draw_group   menu.o
    0x08004934   0x08004934   0x0000009c   Code   RO         4250    i.menu_draw_submenu  menu.o
    0x080049d0   0x080049d0   0x0000001c   Code   RO         4251    i.menu_get_mode_name  menu.o
    0x080049ec   0x080049ec   0x000000b4   Code   RO         4252    i.menu_select_submenu  menu.o
    0x08004aa0   0x08004aa0   0x00000118   Code   RO         4253    i.menu_show_status  menu.o
    0x08004bb8   0x08004bb8   0x00000046   Code   RO         4254    i.menu_start_select  menu.o
    0x08004bfe   0x08004bfe   0x00000016   Code   RO           20    i.motors_stop_safe  main.o
    0x08004c14   0x08004c14   0x00000098   Code   RO         3236    i.pid_param_init    pid.o
    0x08004cac   0x08004cac   0x0000003c   Code   RO         3187    i.read_pluse        encoder.o
    0x08004ce8   0x08004ce8   0x0000001c   Code   RO           21    i.reset_yaw_target  main.o
    0x08004d04   0x08004d04   0x00000018   Code   RO         3121    i.set_motor1_disable  motor.o
    0x08004d1c   0x08004d1c   0x00000018   Code   RO         3122    i.set_motor1_enable  motor.o
    0x08004d34   0x08004d34   0x00000018   Code   RO         3123    i.set_motor2_disable  motor.o
    0x08004d4c   0x08004d4c   0x00000018   Code   RO         3124    i.set_motor2_enable  motor.o
    0x08004d64   0x08004d64   0x00000008   Code   RO         3237    i.set_p_i_d         pid.o
    0x08004d6c   0x08004d6c   0x00000004   Code   RO         3238    i.set_pid_target    pid.o
    0x08004d70   0x08004d70   0x0000004c   Code   RO         3313    i.speed1_pid_control  control.o
    0x08004dbc   0x08004dbc   0x0000004c   Code   RO         3314    i.speed2_pid_control  control.o
    0x08004e08   0x08004e08   0x00000078   Code   RO         3239    i.speed_pid_realize  pid.o
    0x08004e80   0x08004e80   0x00000010   Code   RO           22    i.task_led_off      main.o
    0x08004e90   0x08004e90   0x00000010   Code   RO           23    i.task_led_on       main.o
    0x08004ea0   0x08004ea0   0x00000038   Code   RO         3315    i.turn_angle_pid_control  control.o
    0x08004ed8   0x08004ed8   0x000000ac   Code   RO         3240    i.turn_angle_pid_realize  pid.o
    0x08004f84   0x08004f84   0x00000064   Code   RO         3316    i.turn_angle_speed_control  control.o
    0x08004fe8   0x08004fe8   0x00000010   Data   RO         2909    .constdata          system_stm32f1xx.o
    0x08004ff8   0x08004ff8   0x00000008   Data   RO         2910    .constdata          system_stm32f1xx.o
    0x08005000   0x08005000   0x00001e10   Data   RO         2969    .constdata          oled.o
    0x08006e10   0x08006e10   0x00000010   Data   RO         3188    .constdata          encoder.o
    0x08006e20   0x08006e20   0x00000028   Data   RO         4255    .constdata          menu.o
    0x08006e48   0x08006e48   0x00000008   Data   RO         4319    .constdata          line.o
    0x08006e50   0x08006e50   0x0000004c   Data   RO         4256    .conststring        menu.o
    0x08006e9c   0x08006e9c   0x00000020   Data   RO         4973    Region$$Table       anon$$obj.o


    Execution Region RW_IRAM1 (Exec base: 0x20000000, Load base: 0x08006ebc, Size: 0x00000c38, Max: 0x00005000, ABSOLUTE)

    Exec Addr    Load Addr    Size         Type   Attr      Idx    E Section Name        Object

    0x20000000   0x08006ebc   0x00000001   Data   RW           25    .data               main.o
    0x20000001   0x08006ebd   0x00000001   Data   RW          432    .data               stm32f1xx_it.o
    0x20000002   0x08006ebe   0x00000002   PAD
    0x20000004   0x08006ec0   0x0000000c   Data   RW         1636    .data               stm32f1xx_hal.o
    0x20000010   0x08006ecc   0x00000004   Data   RW         2911    .data               system_stm32f1xx.o
    0x20000014   0x08006ed0   0x00000002   Data   RW         3125    .data               motor.o
    0x20000016   0x08006ed2   0x00000002   PAD
    0x20000018   0x08006ed4   0x0000000c   Data   RW         3189    .data               encoder.o
    0x20000024   0x08006ee0   0x00000048   Data   RW         3317    .data               control.o
    0x2000006c   0x08006f28   0x0000001c   Data   RW         4186    .data               jy61p.o
    0x20000088   0x08006f44   0x00000004   Data   RW         4187    .data               jy61p.o
    0x2000008c   0x08006f48   0x00000001   Data   RW         4189    .data               jy61p.o
    0x2000008d   0x08006f49   0x00000003   PAD
    0x20000090   0x08006f4c   0x00000004   Data   RW         4190    .data               jy61p.o
    0x20000094   0x08006f50   0x00000004   Data   RW         4191    .data               jy61p.o
    0x20000098   0x08006f54   0x00000001   Data   RW         4221    .data               key.o
    0x20000099   0x08006f55   0x00000003   PAD
    0x2000009c   0x08006f58   0x0000001c   Data   RW         4257    .data               menu.o
    0x200000b8   0x08006f74   0x00000008   Data   RW         4320    .data               line.o
    0x200000c0   0x08006f7c   0x00000014   Data   RW         4384    .data               bt_remote.o
    0x200000d4        -       0x00000032   Zero   RW           24    .bss                main.o
    0x20000106   0x08006f90   0x00000002   PAD
    0x20000108        -       0x00000120   Zero   RW          270    .bss                tim.o
    0x20000228        -       0x000000c0   Zero   RW          355    .bss                usart.o
    0x200002e8        -       0x00000480   Zero   RW         2968    .bss                oled.o
    0x20000768        -       0x000000c0   Zero   RW         3241    .bss                pid.o
    0x20000828        -       0x0000000b   Zero   RW         4185    .bss                jy61p.o
    0x20000833   0x08006f90   0x00000005   PAD
    0x20000838        -       0x00000400   Zero   RW            1    STACK               startup_stm32f103xb.o


==============================================================================

Image component sizes


      Code (inc. data)   RO Data    RW Data    ZI Data      Debug   Object Name

      1604        194          0         20          0      12312   bt_remote.o
      1004        210          0         72          0       7833   control.o
       212         30         16         12          0       6705   encoder.o
       480         26          0          0          0       1119   gpio.o
       220         12          0         41         11       2171   jy61p.o
       132         12          0          1          0        619   key.o
       258         22          8          8          0       2431   line.o
       774         16          0          0          0       7725   line_task.o
      1648        148          0          1         50     434308   main.o
       930        210        116         28          0       5669   menu.o
       262         50          0          2          0       3856   motor.o
      1082         52       7696          0       1152       9340   oled.o
       662         62          0          0        192       4977   pid.o
        36          8        236          0       1024        788   startup_stm32f103xb.o
       164         28          0         12          0       5677   stm32f1xx_hal.o
       198         14          0          0          0      28743   stm32f1xx_hal_cortex.o
       226          4          0          0          0       2210   stm32f1xx_hal_dma.o
       520         40          0          0          0       4511   stm32f1xx_hal_gpio.o
        68         10          0          0          0        818   stm32f1xx_hal_msp.o
      1276        100          0          0          0       5168   stm32f1xx_hal_rcc.o
      1806         50          0          0          0      15403   stm32f1xx_hal_tim.o
       108         12          0          0          0       2341   stm32f1xx_hal_tim_ex.o
       986         10          0          0          0       6826   stm32f1xx_hal_uart.o
       316         94          0          1          0      10605   stm32f1xx_it.o
         2          0         24          4          0       1035   system_stm32f1xx.o
       408         50          0          0        288       3299   tim.o
       420         40          0          0        192       2386   usart.o

    ----------------------------------------------------------------------
     15844       1504       8128        212       2916     588875   Object Totals
         0          0         32          0          0          0   (incl. Generated)
        42          0          0         10          7          0   (incl. Padding)

    ----------------------------------------------------------------------

      Code (inc. data)   RO Data    RW Data    ZI Data      Debug   Library Member Name

         0          0          0          0          0          0   entry.o
         0          0          0          0          0          0   entry10a.o
         0          0          0          0          0          0   entry11a.o
         8          4          0          0          0          0   entry2.o
         4          0          0          0          0          0   entry5.o
         0          0          0          0          0          0   entry7b.o
         0          0          0          0          0          0   entry8b.o
         8          4          0          0          0          0   entry9a.o
        30          0          0          0          0          0   handlers.o
        36          8          0          0          0         68   init.o
         0          0          0          0          0          0   iusefp.o
        30          0          0          0          0         68   llshl.o
        36          0          0          0          0         68   llsshr.o
        32          0          0          0          0         68   llushr.o
        36          0          0          0          0        108   memseta.o
      2276         86          0          0          0        520   printfa.o
        44          0          0          0          0         80   uidiv.o
        98          0          0          0          0         92   uldiv.o
        48          0          0          0          0         68   cdrcmple.o
        56          0          0          0          0         88   d2f.o
       334          0          0          0          0        148   dadd.o
       222          0          0          0          0        100   ddiv.o
       186          0          0          0          0        176   depilogue.o
        62          0          0          0          0         80   dfixi.o
        48          0          0          0          0         68   dfixul.o
        34          0          0          0          0         76   dflti.o
       228          0          0          0          0         96   dmul.o
        38          0          0          0          0         68   f2d.o
       176          0          0          0          0        140   fadd.o
       110          0          0          0          0        168   fepilogue.o
        50          0          0          0          0         68   ffixi.o
        18          0          0          0          0         68   fflti.o
       100          0          0          0          0         76   fmul.o
        24          0          0          0          0         68   fscalb.o

    ----------------------------------------------------------------------
      4376        102          0          0          0       2628   Library Totals
         4          0          0          0          0          0   (incl. Padding)

    ----------------------------------------------------------------------

      Code (inc. data)   RO Data    RW Data    ZI Data      Debug   Library Name

      2638        102          0          0          0       1072   mc_w.l
      1734          0          0          0          0       1556   mf_w.l

    ----------------------------------------------------------------------
      4376        102          0          0          0       2628   Library Totals

    ----------------------------------------------------------------------

==============================================================================


      Code (inc. data)   RO Data    RW Data    ZI Data      Debug   

     20220       1606       8128        212       2916     581099   Grand Totals
     20220       1606       8128        212       2916     581099   ELF Image Totals
     20220       1606       8128        212          0          0   ROM Totals

==============================================================================

    Total RO  Size (Code + RO Data)                28348 (  27.68kB)
    Total RW  Size (RW Data + ZI Data)              3128 (   3.05kB)
    Total ROM Size (Code + RO Data + RW Data)      28560 (  27.89kB)

==============================================================================

